border_size=1
usage=map

_f, _f, _f, _f, _f, Rb, _f, _f, _f, _f, _f, _f, _f, _f, _f, _f, _f, _f, _f, _f, _f, _f, _f, _f, _f, _f, _f, _f, _f, _f, _f, _f, _f, _f, _f, _f, _f, _f, _f, _f, _f, Re, _f, _f, _f, _f, _f, _f, _f, _f, _f, _f
_f, _f, _f, _f, _f, _f, _f, _f, _f, _f, _f, _f, _f, _f, _f, _f, _f, _f, _f, _f, _f, _f, _f, _f, _f, _f, _f, _f, _f, _f, _f, _f, _f, _f, _f, _f, _f, _f, _f, _f, _f, _f, _f, _f, _f, _f, _f, _f, _f, _f, _f, _f
_f, _f, _f, _f, _f, _f, _f, _f, _f, _f, _f, _f, _f, _f, _f, _f, _f, _f, _f, _f, _f, _f, _f, _f, _f, _f, _f, _f, _f, _f, _f, _f, _f, _f, _f, _f, _f, _f, _f, _f, _f, _f, _f, _f, _f, _f, _f, _f, _f, _f, _f, _f
_f, _f, _f, _f, _f, _f, _f, _f, _f, _f, _f, _f, _f, _f, _f, _f, _f, _f, _f, _f, _f, _f, _f, _f, _f, _f, _f, _f, _f, _f, _f, _f, _f, _f, _f, _f, _f, _f, _f, _f, _f, _f, _f, _f, _f, _f, _f, _f, _f, _f, _f, _f
_f, _f, _f, _f, _f, _f, _f, _f, _f, _f, _f, _f, _f, _f, _f, _f, _f, _f, _f, _f, _f, _f, _f, _f, _f, _f, _f, _f, _f, _f, _f, _f, _f, _f, _f, _f, _f, _f, _f, _f, _f, _f, _f, _f, _f, _f, _f, _f, _f, _f, _f, _f
_f, _f, _f, _f, _f, _f, _f, _f, _f, _f, _f, _f, _f, _f, _f, _f, _f, _f, _f, _f, _f, _f, _f, _f, _f, Qxu, Qxu, _f, _f, _f, _f, _f, _f, _f, _f, _f, _f, _f, _f, _f, _f, _f, _f, _f, _f, _f, _f, _f, _f, _f, _f, _f
_f, _f, _f, _f, _f, _f, _f, _f, _f, _f, _f, _f, _f, _f, _f, _f, _f, _f, _f, _f, _f, _f, _f, _f, _f, _f, Qxu, _f, _f, _f, _f, _f, _f, _f, _f, _f, _f, _f, _f, _f, _f, _f, _f, _f, _f, _f, _f, _f, _f, _f, _f, _f
_f, _f, _f, _f, _f, _f, _f, _f, _f, _f, _f, _f, _f, _f, _f, _f, _f, _f, Re, _f, _f, _f, _f, _f, Aa, Qxu, _f, _f, _f, _f, _f, _f, _f, _f, _f, _f, _f, _f, _f, _f, _f, _f, _f, _f, _f, _f, _f, _f, _f, _f, _f, _f
_f, _f, _f, _f, _f, _f, _f, _f, _f, _f, _f, _f, _f, _f, _f, _f, Rb, _f, Rb, _f, _f, _f, _f, _f, Qxu, Qxu, _f, Mm, Sm, _f, _f, _f, _f, _f, _f, _f, _f, _f, _f, _f, _f, _f, _f, _f, _f, _f, _f, _f, _f, _f, _f, _f
_f, _f, _f, _f, _f, _f, _f, _f, _f, _f, _f, _f, Uh, Rb, Hhd^Fdw, Re, Hhd^Fdw, Hhd^Fdw, Rb^Fdw, Rb, _f, _f, _f, _f, Qxu, _f, _f, Sm, Mm, _f, Sm, _f, _f, _f, _f, _f, _f, _f, _f, _f, _f, _f, _f, _f, _f, _f, _f, _f, _f, _f, _f, _f
_f, _f, _f, _f, _f, _f, _f, _f, _f, Re, Rb^Fdw, Rb, Qxu, Hhd^Fdw, Sm, Rb, Rb, Rb^Fdw, Rb, Re, Qxu, Rb, Qxu, Qxu, Qxu, _f, _f, _f, _f, _f, _f, _f, _f, _f, _f, _f, _f, _f, _f, _f, _f, _f, _f, _f, _f, _f, _f, _f, _f, _f, _f, _f
_f, _f, _f, _f, _f, _f, _f, _f, _f, Hhd^Fdw, Hhd^Fdw, Uh, Qxu, Qxu, Re^Es, Qxu, Qxu, _f, Uh, Uh, Qxu, Qxu, Rb, Qxu, Qxu, _f, Rb, _f, _f, _f, _f, _f, _f, _f, _f, _f, _f, _f, _f, _f, _f, _f, _f, _f, _f, _f, _f, _f, _f, _f, _f, _f
_f, _f, _f, _f, _f, _f, _f, _f, Rb, Rb, Hhd^Fdw, Hhd^Fdw, Hhd^Fdw, Sm, Hhd^Fdw, Rb, Rb^Fdw, Qxu, Qxu, Qxu, Rb, Hhd, Rb, Qxu, Rb^Fdw, Rb^Edt, Sm, _f, _f, _f, _f, _f, _f, _f, _f, _f, _f, _f, Rb, _f, Rb, _f, _f, _f, _f, _f, _f, _f, _f, _f, _f, _f
_f, _f, _f, _f, _f, _f, _f, Re, Uh, Uh, Qxu, Rb^Fdw, Rb, Rb^Fdw, Rb^Fdw, Rb^Fdw, Sm, Rb^Fdw, Re, Rb, Rb^Fdw, Hhd, Rb, Sm^Dr, Sm, Rb^Dr, Sm, _f, _f, Sm, Rb, _f, _f, Re, Rb, _f, Hhd^Fdw, _f, _f, Rb^Fdw, Rb^Fdw, _f, _f, _f, _f, _f, _f, _f, _f, _f, _f, _f
_f, _f, _f, _f, _f, _f, _f, Re, Uh, Qxu, Rb^Vhr, Qxu, Qxu, Qxu, Sm, Qxu, Qxu, Qxu, Rb, Rb, Sm, Sm, Rb^Fdw, Rb^Fdw, Uh, Sm, _f, _f, _f, _f, Rb^Es, Rb^Vhr, Rb^Fdw, Re, Qxu, Rb, Sm^Dr, Rb^Fdw, _f, Rb, Qxu, _f, Rb, _f, Rb, _f, _f, _f, _f, _f, _f, _f
_f, _f, _f, _f, _f, Rb, Rb, Rb, Rb^Fdw, Rb^Fdw, Hhd^Fdw, Rb, Hhd^Fdw, Rb^Fdw, Rb, Qxu, Qxu, Hhd, Hhd, Rb^Fdw, _f, Rb, Rb^Fdw, Qxu, Qxu, Rb^Fdw, _f, _f, _f, Sm, Sm, Hhd, Hhd, Uh, Qxu, Rb, Sm, Hhd^Fdw, _f, _f, Qxu, Rb, _f, _f, Rb^Es, Re, Rb, _f, _f, _f, _f, _f
_f, _f, _f, _f, _f, _f, _f, Rb, Re, Hhd^Fdw, Hhd^Fdw, Rb^Fdw, Rb, Sm, Qxu, Qxu, Qxu, Rb^Fdw, _f, Rb^Fdw, Sm, Rb^Fdw, _f, Qxu, Qxu, Hhd, Sm, Sm, _f, Rb^Fdw, Sm, Rb, Sm, Uh, Rb^Fdw, Qxu, Qxu, Sm, _f, Qxu, Qxu, _f, _f, Sm, Rb, Sm^Edb, Re^Dr, _f, _f, _f, _f, _f
_f, _f, _f, _f, _f, _f, Hhd, _f, Sm, Rb^Dr, Re, Uh, Sm, Uh, Qxu, Qxu, _f, Hhd, _f, _f, _f, Qxu, _f, Hhd, Qxu, Uh, Hhd^Fdw, Sm, _f, Sm, Rb, Rb, Sm, Sm, Rb^Fdw, Sm, Qxu, Sm, Rb^Fdw, Hhd^Fdw, Qxu, _f, _f, Rb, Sm, Uh^Dr, Uh, Re, Re, _f, _f, _f
_f, _f, _f, _f, Rb, _f, Re, Sm, Rb, Rb^Fdw, Uh, Qxu, Qxu, Uh, Re, Qxu, Qxu, Hhd, _f, Rb^Fdw, _f, Qxu, _f, Hhd, Qxu, Uh, Sm, Rb, Sm, _f, _f, Rb^Fdw, Rb^Fdw, Sm, Sm, Rb^Fdw, Rb, Qxu, Rb, Hhd^Fdw, Qxu, _f, _f, _f, Rb, Qxu, Sm, Hhd^Fdw, Rb, _f, _f, _f
_f, _f, _f, _f, Re, Rb^Dr, Sm, Sm, Rb^Fdw, Uh, Qxu, Qxu, Rb, Rb, Rb, Rb^Fetd, Qxu, _f, Sm, _f, _f, _f, Rb, _f, Qxu, Qxu, Sm, Hhd^Fdw, Sm, _f, _f, Sm, Rb^Fdw, Rb^Fdw, Sm, Rb^Fdw, Sm, Qxu, Rb, Hhd^Fdw, Qxu, Rb, Rb^Fdw, Re, Hhd^Fdw, Sm, Rb^Fdw, Hhd^Fdw, Rb^Dr, _f, _f, _f
_f, _f, _f, _f, Sm, Sm, Rb^Fdw, Rb^Fdw, Qxu, Rb^Fdw, Qxu, Rb, Rb^Vhr, Rb^Dr, Uh, Qxu, Rb^Fdw, _f, _f, _f, _f, _f, _f, _f, Rb^Fdw, Qxu, Qxu, Rb^Fetd, Rb^Fdw, _f, _f, Rb^Fdw, Rb^Fdw, Rb^Fdw, Qxu, Rb^Fdw, Rb^Fdw, Qxu, Qxu, Qxu, Rb, Re, Rb, Hhd^Fdw, Uh, Qxu, Hhd^Fdw, Re, Rb, Re, _f, _f
_f, _f, Rb, Rb, Sm, Sm^Fdw, Rb^Fdw, Sm, Qxu, Qxu, Rb, Rb, Sm, Rb, Rb^Fdw, Qxu, _f, Rb^Fdw, Qxu, Qxu, _f, Rb, _f, Rb^Fdw, _f, Rb^Fdw, Rb, Qxu, Rb^Fdw, _f, _f, Rb^Vhr, Sm, Rb, Rb, Sm, Sm, Sm, Qxu, Rb, Sm, Rb^Fdw, Rb^Fdw, Sm, Qxu, Re, Sm, Rb, _f, Re, _f, _f
_f, _f, Rb, Rb, Sm, Sm^Fdw, Sm, Rb, Rb^Fdw, Sm, Hhd, Rb, Rb^Fdw, Rb, Qxu, Qxu, Rb, Hhd^Fdw, _f, _f, Rb^Fdw, _f, _f, Rb, Rb^Fdw, Sm, Qxu, Qxu, Qxu, Sm, Sm, _f, _f, Sm, Rb, Sm, Sm^Fetd, Qxu, Rb, Rb^Vhr, Rb, Hhd^Fdw, Rb^Dr, Qxu, Hhd^Fdw, Rb, _f, _f, _f, _f, _f, _f
_f, _f, Re, Rb^Es, Rb^Fdw, Rb^Fdw, Sm^Fdw, Sm, Sm, Rb, Rb^Fdw, Rb^Fdw, Rb, Rb, Qxu, _f, _f, Rb^Fdw, Rb, Rb^Es, _f, Sm, Sm^Fdw, Rb^Fdw, Rb^Fdw, Sm, Rb, Sm, Qxu, Sm, Rb, _f, Wwf, _f, _f, Rb, Rb^Fdw, Rb, Rb, Rb^Fdw, Rb, Sm, Rb, Re, Rb, Rb, Re, Gd, _f, _f, _f, _f
_f, Rb, Re, Re, Sm, Sm, Rb^Fdw, Sm^Fdw, Rb, Hhd^Fdw, Sm, Rb^Fdw, Rb, Qxu, Rb, Re, Rb^Vhr, Rb, Rb^Edt, Rb^Fdw, Rb, Sm, Rb, Rb, Sm^Fdw, Sm, Rb^Fdw, Rb^Fdw, Qxu, Qxu, Qxu, Sm, _f, _f, Rb, Rb^Edb, Rb, Rb^Fdw, Hhd^Fdw, Rb^Fdw, Rb, Re, Rb, Hhd^Fdw, Qxu, Sm, Re, Rb^Es, Rb, Rb, _f, _f
_f, _f, Rb, Rb, Hhd^Fdw, Rb, Rb^Fdw, Hhd^Fdw, Rb, Sm^Fdw, Sm, Rb, Hhd^Fdw, Qxu, Rb, Rb^Fdw, Qxu, Qxu, Rb^Fdw, Rb, Rb^Fdw, Rb^Fdw, Rb^Fdw, Rb, Sm, Sm^Fdw, Rb^Fdw, Rb^Fdw, Qxu, Sm, Qxu, Rb^Fdw, _f, Rb^Dr, Rb, Rb, Rb, _f, _f, Hhd^Fdw, Rb, Sm, Qxu, Qxu, Uh, Rb, Hhd^Fdw, Rb^Fdw, Rb, Rb, _f, _f
_f, _f, Rb, Re, Sm, Rb^Fdw, Sm, Sm^Fdw, Sm^Fdw, Rb, Rb^Fdw, Rb^Fdw, Qxu, Qxu, Rb, Qxu, Rb, Rb^Dr, Rb, Sm, Hhd^Fdw, Sm^Fdw, Qxu, Rb^Fdw, Sm^Fdw, Hhd^Fdw, Sm^Fdw, Sm, Sm, Qxu, Sm, Qxu, Qxu, _f, Rb^Vhr, _f, Rb, _f, Hhd^Fdw, Rb, Sm, Uh, Qxu, Rb^Fdw, Hhd^Fdw, Rb, Rb^Fdw, Rb^Fdw, Re, _f, _f, _f
_f, _f, _f, Rb, Rb, Rb^Fdw, Sm^Dr, Rd, Rb^Fdw, Rb, Re, Re, Rb, Qxu, Rb, Qxu, _f, Rb, Sm, Rb^Fdw, Hhd^Fdw, Sm^Fdw, Rb^Fdw, Qxu, Sm^Fdw, Sm^Fdw, Sm, Qxu, Rb^Fdw, Rb^Fdw, Sm, Sm, Rb^Fdw, _f, _f, _f, Rb, _f, Rb^Edt, Rd, Qxu, Qxu, Rb^Fdw, Sm, Hhd^Fdw, Hhd^Fdw, Rb, Hhd^Fdw, Rb, _f, _f, _f
_f, _f, _f, _f, Re, Hhd^Fdw, Hhd^Fdw, Sm, Rb^Fdw, Rb^Fdw, Sm, Rb, Hhd^Fdw, Rb, Sm, Hhd^Fdw, Qxu, _f, Rb^Edt, Rb, Rb^Fdw, Rb^Fdw, Qxu, Rb^Fdw, Rb^Fdw, Sm, Sm, Rb^Fdw, Rb^Fdw, Rb^Fdw, Sm, Rb^Fdw, Sm, _f, Rb, Qxu, Rb, Rb, Rb, Uh, Qxu, Rb^Fdw, Uh, Rb, Qxu, Sm, Qxu, Rb, Rb, _f, _f, _f
_f, _f, _f, Rb, Rb, Sm, Sm, Rb, Sm, Re, Re, Sm, Rb^Fdw, Qxu, Rb, Rb, Rb, Rb^Vhr, Sm, Rb, Rb^Edt, Rb, Sm, Rb^Edt, Rb^Fdw, Rb, Rb, Hhd^Fdw, Sm, Sm, Qxu, Rb, _f, _f, Sm, Qxu, Rb^Edt, Rb^Dr, Qxu, Qxu, Qxu, Qxu, Qxu, Qxu, Rb^Es, Qxu, Rb, Rb, Re, Re, _f, _f
_f, _f, _f, _f, Rb, Rb^Dr, Rb^Vhr, Rb, Hhd^Fdw, Rb^Fdw, Rb, Rb, Rb^Fdw, Sm^Fdw, Sm^Fdw, Rb^Fdw, Rb^Fdw, Rb, Sm^Dr, _f, _f, Sm, Re, Rb^Fdw, Rb, Rb^Fdw, _f, Hhd^Fdw, _f, Qxu, Qxu, Qxu, _f, Sm, Sm, Hhd^Fdw, Re, Rb^Vhr, Uh, Qxu, Sm, Uh, Hhd^Fdw, Rb, Sm, Sm, Sm, Re, Hhd^Fdw, Rb, _f, _f
_f, _f, _f, _f, Re, Rb, Sm, Rb, Rb, Rb, Sm, Re, Rb, Sm, Qxu, Qxu, Rb^Fdw, Sm^Es, Sm, _f, _f, Rb, Rb^Edt, Rb, _f, Hhd^Fdw, _f, Rb^Vhr, _f, Sm, Uh, Uh, Sm, Sm, _f, _f, _f, Rb, Rb^Fdw, Qxu, Qxu, Rb, Rb^Fdw, Hhd^Fdw, Rb, Hhd^Fdw, Rb, Hhd^Fdw, Re, Re, _f, _f
_f, _f, _f, _f, _f, Re, Hhd^Fdw, Rb^Fdw, Rb, Sm^Edb, Rb, Rb, Uh, Rb^Fdw, Qxu, Qxu, _f, _f, _f, Rb^Fdw, Rb^Fdw, Rb^Vhr, Sm, Rb, _f, _f, _f, _f, _f, _f, Sm, Sm, Hhd^Fdw, Hhd^Fdw, _f, 5 _f, _f, Rb, Sm, Rb, Hhd^Fdw, Qxu, Rb, Hhd^Fdw, Rb^Fdw, Rb, Re, Rb, Rb, _f, _f, _f
_f, _f, _f, _f, _f, Sm, Hhd^Fdw, Sm, Rb, Hhd^Fdw, Sm, Rb^Fdw, Qxu, Qxu, Uh, Uh, _f, 4 _f, _f, Rb^Fdw, Qxu, Qxu, Rb^Edt, _f, _f, Rb^Edt, 3 _f, Rb^Edt, _f, _f, Sm, Rb^Fdw, Rb^Fdw, Wog, Rb, _f, Rb^Fdw, Rb, Rb, Sm, Sm, Qxu, Qxu, Hhd^Fdw, Sm, Rb^Fdw, Rb, Rb^Es, Rb, _f, _f, _f
_f, _f, _f, _f, _f, Rb^Fdw, Hhd^Fdw, Hhd^Fdw, Rb, Rb, Sm^Dr, Hhd, Sm, Uh, Rb, Sm, Aa, _f, Sm, Aa, Qxu, Qxu, Rb, Rb^Fetd, _f, _f, Rb^Edt, _f, _f, Hhd^Fdw, Sm, Sm, Qxu, Wog, Re^Es, Re, Uh, Rb, Hhd^Fdw, Rb, Rd, Sm, Sm, Re, Rb, Rb, Hhd^Fdw, Hhd^Fdw, _f, _f, _f, _f
_f, _f, _f, _f, Rb, Rb^Fdw, Rb, Rb^Fdw, Rb, Rb^Dr, Qxu, Qxu, Rb^Fdw, Rb, Hhd^Fdw, Sm, Sm, Sm, Rb, Aa, Sm, Rb^Edt, Rb^Fdw, _f, Qxu, _f, _f, _f, Rb^Fdw, _f, Rb, Qxu, Rb, Sm, Re, Qxu, Qxu, Rb^Fdw, Sm, Rb, Rb^Fdw, Rb^Fdw, Rb^Fdw, Rb^Fdw, Hhd^Fdw, Rb^Fdw, Rb^Fdw, Rb, _f, _f, _f, _f
_f, _f, _f, _f, Gd, Rb, Aa, Rb^Fdw, Rb, Qxu, Uh^Dr, Uh, Rb, Rb, Rb^Vhr, Rb, Qxu, Rb^Dr, Rb, Aa, Rb, Rb, Rb^Fdw, Rb, Uh, Qxu, Qxu, _f, Rb^Fdw, Rb^Fdw, Rb^Fdw, Rb, Rb, Sm, Re, Uh, Qxu, Qxu, Sm, Rb, Re, Sm, Re, Sm, Hhd^Fdw, Re, Rb, _f, _f, _f, _f, _f
_f, _f, _f, _f, _f, Re, Rb, Re, Sm, Rb, Sm, Sm, Hhd^Fdw, Rb, Sm, Rb, Wwf, Qxu, Sm, Rb, Rb^Fdw, Rb, Rb, _f, Aa, Qxu, Qxu, Rb^Dr, Rb, Rb, Qxu, Rb, Wog, Wog, Re, Re, Uh, Qxu, Qxu, Uh, Rb, Hhd^Fdw, Rb^Vhr, Sm, Rb, Rb, Rb, Re, _f, _f, _f, _f
_f, _f, _f, _f, _f, Gd, Gd, Re^Es, Rb, Rb, Sm, Rb, Rb, Sm, Rb, Sm, Sm, Qxu, Rb, Rb, Sm, Rb^Edt, Rb^Edt, Rb, Sm, Qxu, Qxu, Uh, Rb^Fdw, Qxu, Uh, Sm, _f, Rb^Fdw, Sm, Re, Rb, Uh, Qxu, Wwf, Wwg, Rb, Rb, Sm, Rb, Aa, Re, _f, Gd, _f, _f, _f
_f, _f, _f, Gd, Rb, _f, Re, Rb, Rb, Sm, Re, Hhd^Fdw, Hhd^Fdw, Re, Sm, Ss, Rb, Uh, Rb, Rb, Rb, Rb^Fdw, Rb, Rb^Fdw, Rb^Fdw, Rb^Fdw, Qxu, Rb^Vhr, Rb, Qxu, Qxu, Sm, _f, Sm, Sm, Hhd^Fdw, Re^Es, Uh, Uh, Qxu, Wwg, Rb, Sm, Rb, Aa, Rb, Rb, Gd, _f, _f, _f, _f
_f, _f, _f, Gd, Rb, _f, Re, Re, Aa, Rb, Sm, Hhd^Fdw, Rb, Re^Es, Re, Hhd^Fdw, Sm, Qxu, Uh, Rb^Fdw, Rb, Rb^Dr, Qxu, Rb^Fdw, Rb, Rb^Fdw, Qxu, Uh, Rb^Fdw, Rb, Qxu, Sm, Rb^Fdw, _f, Sm, Hhd^Fdw, Rb, Rb, Qxu, Rb^Fdw, Rb, Rb, Sm, Rb, Re, Rb, Rb, _f, _f, _f, _f, _f
_f, _f, _f, _f, Gd, _f, _f, Rb, Rb, Rb, Sm, Hhd^Fdw, Rb, Sm, Re, Sm, Qxu, Qxu, Rb, Rd, Rb^Es, Sm, Sm, Uh, Rb, Hhd^Fdw, Rb, Rb, Rd, Rb, Rb^Fdw, Qxu, Sm, _f, Sm, Sm, Hhd^Fdw, Re, Qxu, Rb, Sm, Rb, Rb, Hhd^Fdw, Rb, Re, _f, _f, _f, _f, _f, _f
_f, _f, _f, _f, Gd, Gd, Gd, Gd, _f, Rb, Rb, Sm, Rb, Sm, Sm, Uh, Qxu, Hhd^Fdw, Rb^Fdw, Rb^Fdw, Rb, Sm, Rb, Sm, Rb^Fdw, Hhd^Fdw, Rb, Sm, Uh, Rb, Sm, Uh, Sm, Sm, Sm, Hhd^Fdw, Hhd^Fdw, Re, Uh, Qxu, Sm, Rb^Fdw, Rb^Fdw, Re, Rb, Gd, _f, _f, _f, _f, _f, _f
_f, _f, _f, _f, Gd, _f, Gd, Gd, Gd, _f, Rb, Rb^Es, Re, Re^Dr, Rb, Uh, Qxu, Rb, Rb, Rb, Sm, Rb, Re, Rb^Fdw, Rb, Rb, Rb^Fdw, Rb, Qxu, Uh, Sm, Sm, Sm, _f, _f, Rb, Sm, Sm, Re, Qxu, Rb, Rb, Rb, Gd, Gd, _f, _f, _f, _f, _f, _f, _f
_f, _f, _f, _f, _f, Gd, _f, Gd, Gd, _f, Gd, Rb, _f, Re, Rb, Rb, Sm, Re, Rb^Es, Rb, Rb^Fdw, Uh, Qxu, Qxu, Uh, Rb, Rb^Es, Uh, Qxu, Qxu, Sm, Sm, Rd, Sm, _f, Sm, Rb^Fdw, Sm, Sm, Sm, Rb^Es, Rb^Es, Rb, Gd, Gd, _f, _f, _f, _f, _f, _f, _f
_f, _f, _f, _f, _f, Gd, _f, Gd, _f, Gd, Gd, Gd, Gd, Rb, Gd, Rb, Sm, Sm, Rb, Rb, Rb^Fdw, Sm, Qxu, Qxu, Sm, Rb, Sm, Re, Sm, Qxu, Rb, Rb^Fdw, Rb, Sm, _f, Sm, Re, Rb, Sm, Rb, Rb, Rb, Gd, Gd, _f, _f, _f, _f, _f, _f, _f, _f
_f, _f, _f, _f, _f, _f, _f, _f, Sm, _f, Gd, Gd, _f, Gd, Gd, Rb, Rb, Sm, Rb, Re, Re, Re, Re, Re, Re, Rb, Sm, Rb, Re, Uh, Wwg, Rb, Sm, Sm, Sm, _f, Rb, Rb^Fdw, Rb, Rb, _f, Gd, Gd, Gd, _f, _f, _f, _f, _f, _f, _f, _f
_f, _f, _f, _f, _f, _f, _f, Sm, Sm, _f, _f, Gd, _f, _f, Gd, Gd, Rb, Sm, Rb, Rb^Fdw, Rb, Rb, Re, Rb, Rb, Sm, Re, Re, Re, Rb, Re, Rb, Sm, Rb, Rb, _f, Re, Re, Gd, _f, _f, _f, Gd, Gd, _f, _f, _f, _f, _f, _f, _f, _f
_f, _f, _f, _f, _f, _f, _f, _f, _f, Sm, _f, _f, _f, _f, _f, Gd, Gd, Rb, Gd, Rb, Gd, Gd, Gd, Rb, Gd, Rb, Gd, Rb, Re, Rb, Rb, Re, Rb, Rb, Re, _f, _f, Re, _f, _f, 2 _f, _f, _f, Gd, _f, _f, _f, _f, _f, _f, _f, _f
_f, _f, _f, Sm, _f, _f, _f, _f, _f, Sm, _f, _f, _f, _f, _f, _f, Gd, _f, _f, Gd, Gd, Gd, _f, Gd, Gd, Gd, _f, Gd, Gd, Gd, Gd, Gd, Gd, Gd, Re, _f, Gd, _f, _f, _f, _f, _f, _f, Gd, _f, _f, _f, _f, _f, _f, _f, _f
_f, _f, _f, _f, _f, _f, Sm, _f, _f, _f, _f, _f, _f, _f, _f, _f, _f, Gd, Gd, Gd, Gd, _f, _f, _f, _f, _f, _f, _f, _f, Gd, Gs, Gd, _f, Gd, Gd, Re, Gd, _f, _f, _f, Gd, _f, _f, Gs, _f, Gs, _f, _f, _f, _f, _f, _f
_f, _f, _f, _f, _f, _f, _f, _f, _f, _f, _f, _f, _f, _f, _f, _f, _f, _f, _f, _f, _f, _f, _f, _f, _f, _f, _f, _f, _f, _f, _f, _f, _f, _f, _f, Gd, _f, Gd, _f, Gs, _f, _f, _f, _f, _f, _f, _f, _f, _f, _f, _f, _f
_f, _f, _f, _f, _f, _f, _f, _f, _f, _f, _f, _f, _f, _f, _f, _f, _f, _f, _f, _f, _f, _f, _f, _f, _f, _f, _f, _f, _f, _f, _f, _f, _f, _f, _f, _f, _f, _f, _f, _f, _f, _f, _f, _f, _f, _f, _f, _f, _f, _f, _f, _f
_f, _f, _f, _f, _f, _f, _f, _f, _f, _f, _f, _f, _f, _f, _f, _f, _f, _f, _f, _f, _f, _f, _f, _f, _f, _f, _f, _f, Aa, _f, _f, _f, _f, _f, _f, _f, _f, _f, _f, _f, _f, _f, _f, _f, _f, _f, _f, _f, _f, _f, _f, _f
_f, _f, _f, _f, _f, _f, _f, _f, _f, _f, _f, _f, _f, _f, _f, _f, _f, _f, _f, _f, _f, _f, _f, _f, _f, _f, _f, _f, _f, _f, _f, _f, _f, _f, _f, _f, _f, _f, _f, _f, _f, _f, _f, _f, _f, _f, _f, _f, _f, _f, _f, _f
_f, _f, _f, _f, _f, _f, _f, _f, _f, _f, _f, _f, _f, _f, _f, _f, _f, _f, _f, _f, _f, _f, _f, _f, _f, _f, _f, _f, _f, _f, _f, _f, _f, _f, _f, _f, _f, _f, _f, _f, _f, _f, _f, _f, _f, _f, _f, _f, _f, _f, _f, _f
_f, _f, _f, _f, _f, _f, _f, _f, _f, _f, _f, _f, _f, _f, _f, _f, _f, _f, _f, _f, _f, _f, _f, _f, _f, _f, _f, _f, _f, _f, _f, _f, _f, _f, _f, _f, _f, _f, _f, _f, _f, _f, _f, _f, _f, _f, _f, _f, _f, _f, _f, _f
_f, _f, _f, _f, _f, _f, _f, _f, _f, _f, _f, _f, _f, _f, _f, _f, _f, _f, _f, _f, _f, _f, _f, _f, 1 _f, _f, _f, _f, _f, _f, _f, _f, _f, _f, _f, _f, _f, _f, _f, _f, _f, _f, _f, _f, _f, _f, _f, _f, _f, _f, _f, _f
_f, _f, _f, _f, _f, _f, _f, _f, _f, _f, _f, _f, _f, _f, _f, _f, _f, _f, _f, _f, _f, _f, _f, _f, _f, _f, _f, _f, _f, _f, _f, _f, _f, _f, _f, _f, _f, _f, _f, _f, _f, _f, _f, _f, _f, _f, _f, _f, _f, _f, _f, _f
