border_size=1
usage=map

Wwf, Wwg, Wwg, Ss, Wwg, Wwg, Wwf, Wwg, Wwg, Ss, Wwg, Wwf, Wwf, Gd, Gd^Fmw, Gs^Fmw, Gd^Fmw, Hhd^Fmw, Md, Md, Md, Md, Md, Md, Hhd, Hhd, Md, Hhd, Hhd, Gd, Md, Hhd^Fmw, Hhd^Fmw, Hhd^Fmw, Md, Md, Md, Hhd^Fmw, Md, Gd^Fmw, Md, Md, Md, Md, Md, Md, Md, Md, Md, Md, Md, Md, Md, Md, Md, Md, Md, Md, Md, Hhd, Md, Md, Md, Md, Gs
Wwf, Wwg, Wwf, Wwg, Wwg, Ss, Wwg, Wwf, Wwg, Re, Ss, Wwg, Re, Gd, Gd^Fmw, Gd, Gd^Fmw, Hhd, Md, Hhd, Md, Md, Md, Md, Md, Md, Md, Md, Hhd^Fmw, Md, Hhd^Fmw, Md, Hhd^Fmw, Hhd^Fmw, Md, Hhd, Md, Md, Md, Md, Md, Md, Md, Md, Md, Md, Md, Md, Md, Md, Md, Md, Md, Md, Md, Md, Md, Md, Md, Md, Md, Md, Md, Md, Gd
Wwg, Ss, Wwg, Wwg, Wwg, Wwf, Wwg, Wwf, Wwg, Re, Wwf, Ss, Gd, Gs, Gd, Gd^Fmw, Gd, Gd^Fmw, Gs^Fmw, Md, Hhd^Fmw, Md, Md, Md, Md, Md, Md, Md, Md, Md, Md, Md, Hhd^Fmw, Md, Hhd, Md, Md, Md, Md, Md, Md, Md, Md, Md, Md, Md, Md, Md, Md, Md, Md, Md, Md, Md, Md, Md, Md, Md, Md, Hhd, Md, Md, Md, Hhd, Hhd
Wwf, Wwg, Wwg, Wwf, Wwg, Wwg, Wwf, Wwg, Re, Ss, Wwf, Wwf, Wwf, Gd, Gd, Gd, Re^Fmw, Re^Fmw, Md, Re^Fmw, Hhd^Fmw, Hhd^Fmw, Hhd^Fmw, Md, Gd^Fmw, Md, Md, Md, Md, Gd^Fmw, Md, Hhd^Fmw, Hhd^Fmw, Md, Md, Md, Hhd^Fmw, Md, Hhd^Fmw, Hhd^Fmw, Hhd^Fmw, Md, Md, Hhd^Fmw, Hhd^Fmw, Md, Md, Md, Md, Md, Md, Md, Md, Md, Hhd, Hhd, Md, Hhd, Md, Md, Hhd, Hhd, Hhd, Hhd, Re
Wwg, Wwf, Wwg, Wwf, Ss, Wwg, Wwg, Re, Wwf, Wwg, Wwf, Ss, Wwg, Re, Re, Re, Gd^Fmw, Re^Fmw, Gd^Fmw, Gd^Fmw, Hhd^Fmw, Hhd^Fmw, Hhd, Hhd^Fmw, Re, Gd^Fmw, Gd^Fmw, Md, Gd, Hhd, Hhd, Hhd, Hhd^Fmw, Hhd, Hhd^Fmw, Hhd^Fmw, Hhd^Fmw, Hhd^Fmw, Hhd^Fmw, Hhd^Fmw, Hhd^Fmw, Hhd, Hhd, Gd^Fmw, Hhd^Fmw, Md, Md, Md, Md, Md, Md, Md, Md, Hhd, Md, Md, Md, Md, Re, Gs, Hhd, Hhd, Re, Re, Rb
Wwf, Wwf, Wwg, Wwf, Wwf, Wwg, Wwg, Re, Wwf, Wwg, Wwg, Wwg, Re, Gd, Gd, Gd, Gd, Re^Fmw, Gd^Fmw, Md, Gd^Fmw, Hhd^Fmw, Re^Fmw, Gd^Fmw, Gs^Fmw, Re^Fmw, Gd^Fmw, Gd^Fmw, Gs^Fmw, Hhd, Hhd^Fmw, Md, Hhd^Fmw, Hhd^Fmw, Re^Fmw, Gd^Fmw, Gd^Fmw, Gs^Fmw, Md, Hhd^Fmw, Re, Hhd^Fmw, Gd^Fmw, Hhd^Fmw, Hhd^Fmw, Md, Md, Md, Md, Md, Md, Md, Md, Md, Md, Md, Md, Md, Hhd, Md, Hhd, Hhd, Re, Rb, Hhd
Wwf, Wwg, Wwg, Wwf, Wwg, Wwg, Wwf, Wwf, Wwf, Wwf, Wwf, Wwf, Wwg, Re, Gd, Gd, Gs, Re, Gd, Gd^Fmw, Re^Fmw, Gd^Fmw, Gd, Gd^Fmw, Gd^Fmw, Gd^Fmw, Gd^Fmw, Gd^Fmw, Gd^Fmw, Re^Fmw, Gd^Fmw, Hhd^Fmw, Gd^Fmw, Gs^Fmw, Gd, Gd^Fmw, Gd, Hhd^Fmw, Gd^Fmw, Hhd^Fmw, Hhd^Fmw, Hhd^Fmw, Hhd^Fmw, Hhd^Fmw, Hhd^Fmw, Hhd, Hhd, Hhd, Hhd, Md, Md, Md, Md, Md, Md, Md, Md, Hhd, Hhd, Hhd, Rb, Rb, Hhd, Hhd, Hhd
Wwf, Ss, Wwf, Wwg, Wwf, Ss, Re, Wwf, Wwg, Wwg, Wwf, Wwf, Wwg, Re, Re, Gd, Re, Gd, Gs, Re, Re, Gs, Gd, Gd^Fmw, Gd^Fmw, Re^Fmw, Gs^Fmw, Gd^Fmw, Gd^Fmw, Gs^Fmw, Re^Fmw, Gd^Fmw, Gd^Fmw, Gd^Fmw, Gd^Fmw, Gs^Fmw, Gd^Fmw, Hhd^Fmw, Hhd^Fmw, Hhd^Fmw, Gs^Fmw, Gd, Hhd^Fmw, Gd^Fmw, Hhd, Hhd^Fmw, Hhd^Fmw, Hhd, Gs, Gd^Fmw, Hhd^Fmw, Hhd^Fmw, Md, Md, Md, Md, Hhd, Md, Hhd, Hhd, Re, Hhd, Hhd, Gs, Hhd
Wwf, Wwf, Wwf, Wwf, Wwf, Wwf, Ss, Wwf, Wwg, Sm, Wwf, Wwg, Wwf, Wwf, Wwg, Wwg, Wwg, Gd, Wwf, Re, Wwg, Gd, Gd, Gd, Re, Gd, Re, Gd, Gs, Gs^Fmw, Gd, Gs, Re, Gd, Gd, Gd, Gd^Fmw, Gd^Fmw, Gd^Fmw, Gd^Fmw, Re, Gd^Fmw, Gd, Hhd^Fmw, Gd^Fmw, Gd^Fmw, Gs, Re^Fmw, Gs, Gd^Fmw, Hhd^Fmw, Hhd^Fmw, Hhd^Fmw, Md, Hhd^Fmw, Hhd^Fmw, Hhd, Hhd, Rb, Re, Re, Gs, Hhd, Md, Hhd
Wwg, Wwf, Wwf, Wwg, Wwf, Wwg, Wwg, Wwg, Wwg, Wwf, Wwg, Wwf, Wwg, Wwg, Wwg, Ss, Sm, Wwf, Wwg, Wwg, Wwg, Wwf, Wwg, Gd, Ss, Gd, Gd, Gd, Gd, Re, Gd, Gd, Gd, Gd, Gd, Gd, Gd, Gd^Fmw, Gs, Gs, Gd, Gs^Fmw, Gd^Fmw, Gd^Fmw, Gd^Fmw, Gd^Fmw, Gd^Fmw, Gs^Fmw, Hhd, Re^Fmw, Hhd, Hhd^Fmw, Hhd^Fmw, Hhd^Fmw, Hhd^Fmw, Hhd, Hhd, Hhd, Re, Rb, Hhd, Hhd, Md, Md, Md
Wwf, Wwg, Wwf, Wwg, Wwg, Wwf, Wwg, Wwg, Wwg, Wwg, Wwg, Wwg, Wwg, Wwg, Wwg, Wwg, Wwf, Wwf, Wwg, Wwg, Wwg, Wwg, Wwg, Wwf, Wwg, Ss, Wwg, Gd, Wwf, Wwg, Wwg, Gs, Wwg, Wwg^Bw|, Wwf^Bw|, Sm^Bw|, Wwg, Re, Gd, Gd, Gd, Gd, Gd^Fmw, Re, Gs^Fmw, Gd^Fmw, Gd^Fmw, Hhd^Fmw, Hhd^Fmw, Hhd^Fmw, Hhd^Fmw, Hhd^Fmw, Gd^Fmw, Hhd^Fmw, Gd^Fmw, Gs, Rb, Re, Hhd^Fmw, Hhd^Fmw, Hhd^Fmw, Hhd, Md, Hhd, Md
Wwf, Wwf, Wwg, Wwf, Wwg, Wwg, Wwg, Wwg, Wwg, Wwf, Wwg, Wwg, Wwf, Wwg, Wwg, Sm, Gd, Wwf, Re, Wwg, Wwg, Ss, Wwg, Wwg, Wwg, Wwg, Wwf, Sm, Wwf, Wwg, Sm, Wwg, Wwg, Wwg^Bw|, Wwg^Bw|, Wwg^Bw|, Ss, Wwg, Wwg, Gd, Gd, Gd, Gs, Gd^Fmw, Gd^Fmw, Gd^Fmw, Re^Fmw, Hhd^Fmw, Hhd^Fmw, Hhd^Fmw, Hhd^Fmw, Hhd^Fmw, Hhd^Fmw, Hhd^Fmw, Re, Re, Re^Fmw, Hhd, Hhd^Fmw, Hhd^Fmw, Gd^Fmw, Md, Md, Md, Md
Wwf, Wwg, Wwf, Wwf, Wwg, Re, Wwf, Wwf, Wwf, Ss, Wwg, Wwf, Gd, Wwg, Wwg, Wwg, Wwg, Wwf, Wwf, Gd, Wwg, Ss, Wwg, Wwg, Wwg, Wwg, Wwf, Wwf, Wwf, Wwf, Wwg, Wwg, Wwg, Wwg^Bw|, Wwg^Bw|, Wwg^Bw|, Wwg, Wwg, Wwg, Sm, Wwf, Wwf, Wwf, Gd, Gs, Gd^Fmw, Gd^Fmw, Gd^Fmw, Gd^Fmw, Hhd^Fmw, Gd^Fmw, Gd^Fmw, Gs, Gs^Fmw, Re, Rb, Re, Re^Fmw, Hhd^Fmw, Hhd^Fmw, Md, Md, Md, Md, Md
Wwg, Wwg, Wwf, Wwg, Wwg, Wwg, Wwg, Ss, Wwf, Wwg, Wwf, Wwg, Gd^Fmw, Re^Fmw, Gd^Es, Hhd, Wwf, Wwg, Wwg, Re^Fmw, Wwf, Wwf, Wwg, Wwg, Ss, Wwg, Wwg, Wwg, Wwf, Wwf, Co, Wwf, Ko, Re, Rb, Rd, Ko, Wwg, Wwg, Sm, Wwf, Wwf, Wwg, Gd, Gd, Gd, Gd^Fmw, Gd, Gs^Fmw, Gd^Fmw, Gd^Fmw, Gd^Fmw, Re, Re, Hhd^Fmw, Hhd^Fmw, Hhd^Fmw, Hhd^Fmw, Hhd, Gs^Fmw, Hhd^Fmw, Md, Md, Md, Hhd^Fmw
Wwf, Wwf, Wwg, Wwf, Wwg, Wwf, Wwg, Wwf, Wwg, Wwg, Wwf, Gd, Wwg, Hhd, Hhd, Hhd^Fmw, Gd^Fmw, Wwg, Gd^Fmw, Hhd^Fmw, Gd^Fmw, Wwg, Wwg, Wwg, Wwg, Wwg, Co, Wwg, Co, Co, Re^Dr, Re^Dr, Rd, Re, Rb, Rb^Es, Co, Re, Co, Wwg, Wwf, Wwg, Sm, Wwg, Wwg, Gd, Gd, Gd^Fmw, Gd^Fmw, Re^Fmw, Re, Gd^Fmw, Rb, Re, Hhd^Fmw, Re, Hhd^Fmw, Gd^Fmw, Hhd^Fmw, Hhd^Fmw, Md, Md, Md, Md, Re
Ss, Ss, Ss, Ss, Wwf, Ss, Wwg, Wwg, Wwg, Wwg, Wwg, Wwg, Wwg, Wwg, Wwg, Wwf, Hhd, Gd^Es, Hhd, Gd^Fmw, Wwg, Wwf, Wwg, Wwg, Co, Co, Re^Dr, Co^Dr, Re, Rb^Edt, Rb^Edt, Rb, Re, Re^Vct, Re, Rb, Re, Co, Re, Co, Co, Wwg, Wwf, Wwg, Wwg, Gd, Gd, Gd, Gd, Gd^Fmw, Re, Re, Rb, Gd^Fmw, Gd^Fmw, Hhd^Fmw, Gd^Fmw, Hhd, Hhd^Fmw, Re, Md, Md, Md, Md, Md
Wwf, Wwf, Ss, Wwg, Wwg, Ss, Wwg, Wwg, Wwg, Sm, Wwf, Ss, Wwf, Ss, Wwg, Wwg, Wwg, Wwg, Wwg, Wwf, Wwg, Wwg, Sm, Co, Rb, Rb, Rb, Rb, Re^Vct, Re, Rb, Rb, Re^Vo, Re, Rb^Edt, Rb^Vct, Rb, Rb^Edt, Re^Vct, 1 Ko, Rb, Co, Ss, Wwg, Wwg, Wwg, Wwg, Gd, Re, Re, Rb, Rb, Gd, Gd^Fmw, Gd, Gs^Fmw, Gd, Hhd^Fmw, Hhd^Fmw, Hhd, Hhd^Fmw, Md, Md, Hhd^Fmw, Md
Wwf, Wwf, Ss, Wwf, Wwf, Wwg, Wwf, Wwf, Wwf, Wwg, Wwg, Wwf, Wwg, Wwg, Wwf, Wwf, Wwg, Wwg, Wwg, Ss, Wwg, Wwg, Co, Co, Rb, Re^Dr, Rb, Re, Re, Re, Re^Vct, Re, Rb, Re, Re, Rb, Re, Rb, Rb, Rb, Rb, Co, Rd, Wwg, Wwg, Wwg, Wwg^Bw/, Gs, Rb, Re, Gd, Re^Fmw, Gd^Fmw, Gs^Fmw, Hhd^Fmw, Hhd^Fmw, Hhd^Fmw, Hhd^Fmw, Md, Md, Hhd, Hhd^Fmw, Hhd, Md, Md
Wwg, Wwf, Wwf, Ss, Wwg, Wwg, Wwg, Wwg, Wwg, Wwg, Wwg, Wwg, Wwg, Wwg, Gd, Sm, Wwf, Wwf, Wwf, Wwg, Co, Co, Rb, Sm, Sm^Es, Rb, Re^Vo, Re, Rb, Rb, Re, Rb^Es, Rb, Rb, Co^Dr, Re^Es, Rb, Re^Vo, Rb, Rb^Vct, Re, Co, Co, Ko, Rb, Wwf^Bw/, Wwg^Bw/, Wwg^Bw/, Wwg^Bw/, Re, Re, Gs, Gd, Re, Hhd^Fmw, Gd^Fmw, Hhd^Fmw, Hhd^Fmw, Md, Md, Md, Hhd^Fmw, Hhd, Md, Hhd
Re, Wwg, Re, Ss, Wwg, Re, Wwf, Wwg, Wwg, Wwg, Wwg, Wwf, Wwf, Wwf, Re^Es, Wwf, Wwf, Wwg, Wwf, Wwg, Co, Rb, Sm^Dr, Sm, Rb, Re, Re, Rb, Rb^Dr, Rb, Co^Dr, Re, Co, Co^Dr, Rd, Co^Dr, Co, Rb, Rb^Es, Re, Re, Re, Rb^Dr, Re, Rb, Wwf^Bw/, Wwf^Bw/, Wwg^Bw/, Wwg, Wwg, Gs, Re, Gd, Re^Fmw, Re^Fmw, Hhd^Fmw, Hhd^Fmw, Hhd, Hhd^Fmw, Hhd, Re^Fmw, Md, Hhd^Fmw, Md, Md
Gd, Wwf, Wwf, Wwg, Wwf, Wwf, Ss, Wwf, Wwf, Wwf, Wwg, Wwg, Hhd^Fmw, Re, Wwg, Wwf, Ss, Wwg, Wwg, Wwg, Co, Rb, Sm, Sm^Dr, Rb, Rb, Rb, Rb, Co, Co, Co, Co^Dr, Sm, Sm, Re^Dr, Re^Edt, Sm^Edt, Co, Co^Dr, Co^Dr, Co^Dr, Sm, Sm^Dr, Sm^Dr, Re^Edt, Re, Ko, Wwf, Wwf, Wwf, Gd, Gs, Gs, Gd^Fmw, Re^Fmw, Gd^Fmw, Hhd^Fmw, Hhd^Fmw, Hhd, Hhd^Fmw, Gd^Fmw, Gd^Fmw, Hhd^Fmw, Hhd^Fmw, Gs
Gd, Gd, Re, Wwf, Wwg, Wwg, Wwg, Wwg, Wwg, Wwg, Wwg, Wwg, Wwf, Hhd, Wwg, Wwf, Wwf, Wwg, Wwg, Co, Re, Re^Dr, Rb^Es, Re^Dr, Rb, Rb^Dr, Re, Co, Re, Sm^Dr, Sm, Re^Vo, Re^Dr, Rb, Rb, Re^Edt, Rb^Vo, Sm, Sm, Co, Co, Rb, Re, Rb^Vct, Rb, Rb, Rb, Wwg, Wwg, Wwg, Wwg, Gd, Gd, Gd, Gs, Re^Fmw, Gs^Fmw, Hhd^Fmw, Gd^Fmw, Gs^Fmw, Gd, Hhd^Fmw, Gd^Fmw, Hhd^Fmw, Gd^Fmw
Re^Fmw, Gs, Gd, Ss, Wwf, Wwf, Wwg, Wwg, Wwg, Wwg, Wwg, Wwg, Wwf, Hhd^Fmw, Wwg, Wwg, Wwf, Wwg, Co, Co, Rb^Edt, Rb, Re, Rb^Edt, Rb, Rb^Es, Rb^Edt, Rb, Re^Edt, Rd, Re, Rb, Re, Rb^Dr, Re^Edt, Sm^Edt, Sm^Dr, Re, Re^Edb, Re, Re^Vo, Co, Co^Dr, Rb^Edt, Rb, Rb^Dr, Co, Wwg, Wwf, Wwg, Ss, Re, Gs, Gd, Gd, Gd^Fmw, Gd, Gd^Fmw, Gd, Re, Gd, Hhd, Hhd, Hhd, Re
Gd, Gd^Fmw, Gd, Wwg, Re, Wwg, Wwg, Wwg, Wwg, Wwg, Wwg, Wwg, Wwg, Hhd^Fmw, Wwg, Wwf, Wwg, Wwg, Co, Re^Dr, Re, Rb, Rb^Edt, Rb^Vo, Rb, Rd^Edt, Rd, Rb, Rb^Vo, Rb^Dr, Sm, Rb^Es, Re^Edt, Re^Dr, Rb^Edt, Rb, Re, Rb^Edt, Re^Es, Rb, Re, Rb, Re^Edt, Rb, Sm^Dr, Sm, Re, Co, Wwg, Ss, Wwg, Re, Gs, Re, Gs, Gd^Fmw, Gd^Fmw, Gd^Fmw, Gs, Re^Fmw, Gd, Gd, Gd, Gd^Fmw, Re
Gd^Fmw, Re^Fmw, Re, Gd, Gd, Re, Gd, Re, Re, Wwf, Wwg, Wwf, Wwg, Gd^Fmw, Hhd, Wwg, Wwf, Wwg, Wwg, Co, Sm^Edb, Sm^Es, Rb^Edt, Rb, Re^Dr, Co, Re^Dr, Re, Rb, Sm^Dr, Rb, Re^Edb, Re, Sm^Edt, Sm, Re^Es, Rb^Edb, Re^Edt, Sm, Re^Dr, Re, Rb^Edt, Rb^Edt, Sm^Dr, Sm^Es, Rb^Edb, Re^Dr, Co, Wwg, Wwg, Wwf, Wwg, Gd, Gd, Gd, Re, Gd, Re, Gd^Fmw, Gd^Fmw, Gd^Fmw, Gd, Gs^Fmw, Gs^Fmw, Gd^Fmw
Gs^Fmw, Gd^Fmw, Gs^Fmw, Gd^Fmw, Gs, Gd^Fmw, Gd, Re, Gd, Wwg, Wwg, Wwg, Sm, Wwg, Gd, Wwg, Wwg, Wwg, Wwg, Co, Rb, Sm^Edt, Rb, Rb^Edt, Re, Co, Rb, Re^Es, Rb, Sm^Dr, Rd^Edt, Re^Edt, Rb^Dr, Rb^Dr, Sm^Dr, Re^Edt, Re, Sm, Sm^Edt, Rb, Rb, Co, Sm^Edt, Sm^Edt, Rb^Edt, Re^Vo, Rb^Dr, Co, Wwg, Wwg, Wwg, Wwg, Gs, Gd, Gd, Re, Gd^Fmw, Gd, Re, Gd, Gd, Gd^Fmw, Re^Fmw, Gs^Fmw, Gd^Fmw
Gd, Gd^Fmw, Gs^Fmw, Re, Gd^Fmw, Re, Hhd^Fmw, Gs, Re, Gd, Wwg, Wwf, Wwf, Wwf, Wwf, Wwg, Wwf, Wwg, Wwg, Co, Rb^Dr, Sm^Dr, Sm^Edb, Sm^Edt, Rb, Co, Sm, Rb, Rb^Dr, Rb, Re^Edt, Rb, Rb, Sm^Dr, Re^Edt, Rb, Rb^Edt, Sm^Dr, Rd, Rb^Edt, Rb^Dr, Co^Dr, Sm, Sm^Edt, Sm^Dr, Re^Edt, Re^Edt, Co, Wwf, Wwg, Wwf, Wwg, Gd, Gs, Gd, Gd, Gd, Gs, Re, Gs, Gd, Re, Re, Gs, Gd^Fmw
Gd^Fmw, Hhd^Fmw, Gd^Fmw, Gd, Re^Fmw, Re^Fmw, Gd, Gd, Gs, Re, Wwg, Wwg, Wwg, Wwf, Wwg, Wwg, Wwg, Wwg, Wwg, Co, Rb^Edt, Rb, Rb^Vo, Rb^Edb, Re^Es, Co^Dr, Sm, Re^Dr, Rb^Edt, Re, Sm, Rd, Re^Es, Rb, Rb^Edb, Re, Sm^Edt, Re, Re^Edt, Rb, Sm, Co, Rb, Sm^Es, Rb^Edb, Re^Edt, Co, Co, Wwf, Wwf, Wwf, Re, Gs, Re, Gs, Gd, Gd, Re, Gd, Gll^Fmw, Gd, Re, Gd, Re, Gs
Gs^Fmw, Gd^Fmw, Re, Re^Fmw, Gd^Fmw, Gd, Gd^Fmw, Re, Re, Wwg, Wwg, Wwg, Wwg, Wwf, Wwf, Wwg, Wwg, Wwg, Wwg, Co, Rb^Es, Rb^Edb, Rb, Rb^Dr, Sm, Co^Dr, Co^Dr, Rb, Rb^Dr, Re^Edt, Rb^Dr, Sm^Edb, Sm^Edt, Rd^Edt, Re, Rb^Es, Re^Dr, Rb, Rb^Edt, Rb^Edb, Sm^Edt, Co^Dr, Rb^Edb, Re^Dr, Re^Vo, Rb^Edt, Rb, Wwf, Wwf, Wwg, Sm, Gd, Gs, Gd, Re^Fmw, Re, Gd, Gd, Gd, Gd, Gd, Hhd, Re, Re^Fmw, Hhd^Fmw
Re^Fmw, Gs^Fmw, Hhd^Fmw, Re^Fmw, Hhd^Fmw, Gd^Fmw, Gd, Gd, Gd, Wwf, Wwg, Wwg, Wwg, Gd, Hhd^Fmw, Wwg, Wwg, Sm, Wwg, Re, Re, Re, Rb^Edt, Sm, Sm^Edt, Rb, Co, Sm^Edt, Re^Edt, Rb^Edt, Rb^Vo, Sm, Rb, Rb, Sm^Dr, Rb, Re^Dr, Rb^Vo, Rb^Edt, Sm, Co^Dr, Co^Dr, Sm, Sm, Rb^Es, Rb, Ko, Wwg, Wwg, Wwg, Gd, Gd, Gd, Gd, Re, Gs, Gd, Gll^Fmw, Gd, Hhd, Hhd, Hhd^Fmw, Hhd, Hhd, Hhd^Fmw
Re^Fmw, Hhd, Gd^Fmw, Gd^Fmw, Gd^Fmw, Gd^Fmw, Re^Fmw, Gd^Fmw, Gd, Gd, Ss, Wwg, Wwg, Hhd^Es, Re^Fmw, Wwg, Wwg, Wwg, Wwg, Ko, Rb, Rb^Dr, Re, Sm, Rb, Rb, Re, Co^Dr, Sm^Edt, Rb, Re, Re^Edt, Rb, Sm, Re, Re, Re, Re, Rb, Rb, Co, Rb, Sm^Dr, Sm^Edt, Rb^Edt, Rb^Edt, Wwg, Wwg, Wwf, Wwf, Gd, Gd, Gs, Gd^Fmw, Gd, Re, Re, Gd, Hhd^Fmw, Hhd, Hhd^Fmw, Gd, Hhd, Hhd^Fmw, Gd
Gd, Re^Fmw, Gd, Hhd^Fmw, Gd^Fmw, Gs^Fmw, Gd^Fmw, Gs, Gs, Gs, Gs, Wwg, Wwg, Hhd^Fmw, Hhd^Fmw, Wwg, Wwg, Wwg, Wwg, Wwg, Wwf^Bw/, Re, Rb, Sm^Es, Sm^Dr, Sm^Dr, Rb, Co, Co, Re, Co, Rb^Edt, Rb^Dr, Rb, Rb, Re^Edt, Co, Co^Dr, Co^Dr, Co^Dr, Rb, Rb, Sm^Dr, Rb^Es, Re^Dr, Rb, Wwf^Bw\, Wwg, Wwg, Wwg, Gd, Re, Gd, Gd, Gd, Gll^Fmw, Gd, Re, Hhd^Fmw, Hhd^Fmw, Hhd^Fmw, Hhd, Hhd^Fmw, Hhd, Hhd
Re^Fmw, Re^Fmw, Gs^Fmw, Gd^Fmw, Hhd^Fmw, Gd^Fmw, Gd, Gd^Fmw, Gs^Fmw, Gd, Gd, Wwg, Wwg, Wwg, Gd, Gd^Fmw, Hhd, Ss, Wwg^Bw/, Wwf^Bw/, Wwg^Bw/, Wwg^Bw/, Rb, Rb, Rb, Re^Edb, Re^Vo, Rb, Re, Co^Dr, Re, Rb, Rb, Rb, Rb, Rb, Rb, Co, Re^Es, Re, Rb, Rb^Vo, Re, Sm^Dr, Rb, Re, Wwg^Bw\, Wwg^Bw\, Wwg^Bw\, Ss, Gd, Re, Re, Gs, Gd, Gd, Hhd, Hhd, Hhd^Fmw, Gd^Fmw, Hhd^Fmw, Hhd^Fmw, Re, Hhd^Fmw, Re^Fmw
Re^Fmw, Gs, Re^Fmw, Hhd, Gs, Gd^Fmw, Re, Hhd, Re, Gd, Gd, Wwg, Wwg, Wwg, Wwg, Hhd, Gd^Es, Gd, Re^Bw/, Wwf^Bw/, Wwg^Bw/, Wwg^Bw/, Wwg, Ko, Re, Rb, Rb, Rb, Re^Vct, Rb, Re, Rb^Vct, Re^Edt, Rd^Edt, Re, Re^Vo, Re, Re^Edb, Re, Rb^Vct, Rb, Rb, Rb, Re, Re, Wwg^Bw\, Wwg^Bw\, Sm^Bw\, Wwg^Bw\, Gd, Gd, Gd, Gd, Gd, Gs, Gll^Fmw, Gs, Hhd^Fmw, Hhd^Fmw, Hhd^Fmw, Hhd, Hhd^Fmw, Hhd^Fmw, Hhd^Fmw, Hhd^Fmw
Gs^Fmw, Gd^Fmw, Gd^Fmw, Gs, Gd^Fmw, Gd^Fmw, Hhd, Gd^Fmw, Gd, Re, Re, Wwg, Sm, Wwg, Wwf^Bw/, Wwg^Bw/, Wwg^Bw/, Gs, Hhd, Wwf^Bw/, Wwg, Wwg, Wwg, Wwf, Co, Rb^Dr, Co, Rb, Rb, Rb, Rb^Vo, Rb^Es, Rb, Re, Rd, Re, Re^Dr, Rb^Vct, Co, Co, Co, Co, Wwg, Ko, Wwg, Ss, Wwg, Wwg^Bw\, Gd, Gd, Re, Gd, Re, Gd, Gd, Gs, Hhd, Hhd, Hhd^Fmw, Hhd^Fmw, Hhd^Fmw, Re^Fmw, Hhd^Fmw, Gd^Fmw, Re^Fmw
Re^Fmw, Gd^Fmw, Gd^Fmw, Gd^Fmw, Re^Fmw, Gd, Gd, Gd, Re, Gd, Rb, Ko, Re, Wwg^Bw/, Wwg^Bw/, Wwg^Bw/, Wwf^Bw/, Gd, Gd^Es, Ss, Wwg, Wwg, Wwg, Ss, Wwf, Co, Wwg, Co, Co, Re^Dr, Re^Dr, Rb, Re^Dr, 2 Ko, Co, Re^Dr, Co, Co, Wwg, Wwf, Sm, Wwg, Wwf, Wwg, Wwg, Wwf, Gs, Gd, Gd, Re, Gs, Re, Re, Re, Gd, Gd, Hhd, Hhd^Fmw, Hhd, Hhd^Fmw, Hhd^Fmw, Hhd^Fmw, Gd^Fmw, Hhd^Fmw, Hhd
Gd^Fmw, Gd^Fmw, Re^Fmw, Gs^Fmw, Gd^Fmw, Re^Fmw, Gd, Gd, Gd, Re, Gd, Rb, Re, Wwg^Bw/, Wwf^Bw/, Wwf^Bw/, Wwf, Wwf, Wwg, Gd, Sm, Wwg, Wwf, Wwf, Wwf, Wwf, Wwg, Wwf, Wwg, Co, Co, Co, Co, Co, Wwg, Co, Wwg, Wwg, Wwg, Wwg, Wwf, Wwg, Wwg, Wwg, Ss, Wwf, Gd, Gd, Gd, Gs, Re, Gd, Re, Gs, Gll^Fmw, Gll^Fmw, Hhd, Gd^Fmw, Hhd^Fmw, Hhd^Fmw, Hhd^Fmw, Hhd^Fmw, Hhd, Re^Fmw, Hhd^Fmw
Gd^Fmw, Re^Fmw, Gd^Fmw, Hhd^Fmw, Gd^Fmw, Gd, Gs, Gd, Re, Re, Re, Re, Rb, Re, Re, Wwg, Wwg, Wwg, Wwg, Wwg, Sm, Wwg, Wwf, Wwf, Wwg, Wwg, Sm, Wwg, Wwg, Wwf, Wwf, Wwf, Wwg, Wwg, Wwg, Wwg, Wwg, Wwg, Sm, Wwg, Gs, Wwg, Wwg, Wwg, Wwg, Gd, Re, Gd, Re, Re, Gd, Gd, Re, Gd, Re, Re, Gs^Fmw, Hhd^Fmw, Hhd^Fmw, Hhd^Fmw, Hhd^Fmw, Hhd, Gs^Fmw, Hhd^Fmw, Gd^Fmw
Gd^Fmw, Gs, Re, Gs, Re, Re, Re, Re, Re, Re, Gd, Re, Re, Re, Gd, Ko, Wwf, Wwg, Ss, Wwf, Wwg, Wwf, Wwf, Wwg, Wwg, Wwg, Wwg, Wwg, Wwf, Wwf, Wwf, Wwg, Wwg, Wwg, Wwg, Wwg, Gs, Wwg, Gd, Gs^Es, Gd, Wwg, Wwg, Wwg, Wwf, Gd, Gd, Gs, Gs, Re, Gd, Re, Re, Re, Hhd, Re, Re, Hhd^Fmw, Hhd^Fmw, Hhd^Fmw, Hhd^Fmw, Hhd^Fmw, Hhd^Fmw, Hhd, Hhd^Fmw
Gd, Re, Re, Re, Gd^Fmw, Re, Gd, Hhd^Fmw, Gd, Gd, Gd, Gd, Re, Gd, Re, Gd, Gs, Gs, Wwf, Wwf, Wwg, Wwf, Wwg, Wwg, Wwg, Wwg, Wwg, Wwg, Wwf, Wwg, Ss, Wwg, Wwg, Wwg, Wwg, Wwg, Gd, Gd^Es, Hhd^Es, Hhd, Gd^Es, Wwg, Wwg, Wwg, Gd, Gd, Gd, Re, Gd, Re, Hhd, Gll^Fmw, Gd^Fmw, Gd^Fmw, Gd^Fmw, Gd, Hhd^Fmw, Hhd^Fmw, Hhd^Fmw, Hhd^Fmw, Hhd^Fmw, Hhd^Fmw, Gs^Fmw, Gs^Fmw, Hhd
Re, Re, Re, Gd, Gs, Gd^Fmw, Gd^Fmw, Gd^Fmw, Re^Fmw, Gd^Fmw, Gd, Re, Hhd, Hhd, Gd, Gs, Gd, Gd, Gs, Gd, Wwf, Wwf, Sm, Wwg, Wwf, Wwg, Wwg, Wwg, Ss, Wwg, Wwg, Wwg, Wwg, Wwf, Wwg, Wwf, Gd^Es, Hhd^Es, Hhd, Gd^Es, Wwg, Ss, Wwg, Wwg, Re, Gd, Gd, Gll^Fmw, Gd, Gd, Hhd, Gd, Gd^Fmw, Gs^Fmw, Gd^Fmw, Gd^Fmw, Re, Re, Re, Re, Re, Hhd^Fmw, Hhd^Fmw, Gd^Fmw, Hhd^Fmw
Re, Re, Re^Fmw, Hhd^Fmw, Gd^Fmw, Gs, Re^Fmw, Gd^Fmw, Gd^Fmw, Gd^Fmw, Gs, Hhd, Gd, Gd, Gd^Fmw, Gd, Re, Gd, Gd, Gd, Gd, Gd, Gd, Wwg, Sm, Wwg, Wwg, Ss, Wwf, Wwg, Wwg, Wwf, Sm, Wwf, Wwf, Re, Wwf, Hhd, Hhd^Es, Gd, Wwg, Sm, Wwg, Wwg, Gd, Gd, Gd, Gd, Re, Hhd, Hhd^Fmw, Gs^Fmw, Gd^Fmw, Gd^Fmw, Gs^Fmw, Hhd, Hhd^Fmw, Hhd, Hhd^Fmw, Hhd^Fmw, Re, Hhd^Fmw, Gd^Fmw, Hhd^Fmw, Re^Fmw
Gd^Fmw, Gs, Gd^Fmw, Gd, Re^Fmw, Gd^Fmw, Re^Fmw, Gd^Fmw, Re^Fmw, Gd^Fmw, Re^Fmw, Re^Fmw, Hhd, Re, Hhd, Gd, Gd^Fmw, Gd, Gd, Gd, Gd, Gd, Gd, Wwf, Gd, Wwf, Gd, Wwf, Wwf, Wwg, Wwg, Wwg, Wwf, Wwf, Wwf, Wwg, Wwg, Wwg, Re, Re^Es, Wwg, Wwg, Wwg, Wwg, Wwf, Gs, Gs, Re, Gs, Gd, Gd^Fmw, Gd^Fmw, Re^Fmw, Gd^Fmw, Gs^Fmw, Gd^Fmw, Hhd^Fmw, Gs^Fmw, Hhd^Fmw, Hhd^Fmw, Re, Gd, Re, Hhd^Fmw, Hhd^Fmw
Re^Fmw, Hhd, Re^Fmw, Gd, Hhd^Fmw, Gd^Fmw, Re^Fmw, Gd^Fmw, Gd^Fmw, Gd^Fmw, Gd^Fmw, Gd^Fmw, Gd^Fmw, Re^Fmw, Gd^Fmw, Gd, Gs, Gd, Hhd, Gd^Fmw, Gd, Re, Re, Gs, Gd, Re, Re, Wwf, Wwg, Wwg, Wwf, Sm, Wwg, Wwg, Wwf, Wwg, Wwg, Wwf, Wwg, Gd, Wwf, Wwf, Wwg, Wwf, Wwf, Gd, Gs, Gd, Gll^Fmw, Gll^Fmw, Hhd, Gd^Fmw, Hhd^Fmw, Re^Fmw, Gd^Fmw, Hhd^Fmw, Gd^Fmw, Hhd^Fmw, Hhd^Fmw, Hhd^Fmw, Hhd^Fmw, Re, Gs^Fmw, Re, Re
Gs^Fmw, Gs^Fmw, Gd^Fmw, Gs^Fmw, Gd^Fmw, Hhd^Fmw, Gd^Fmw, Gd^Fmw, Re^Fmw, Gs^Fmw, Gd^Fmw, Gd^Fmw, Gd^Fmw, Gd^Fmw, Gd^Fmw, Gd^Fmw, Gd^Fmw, Gd^Fmw, Gd, Hhd, Re, Gd, Gd^Fmw, Gs, Re, Gs, Re, Gd, Wwf, Wwg, Wwg, Wwg, Wwg, Wwf, Wwg, Wwg, Wwg, Wwg, Wwf, Wwf, Wwg, Wwg, Wwg, Wwg, Wwf, Re, Gd, Gll^Fmw, Gd, Gd, Hhd, Hhd^Fmw, Hhd, Gd^Fmw, Gd^Fmw, Gd^Fmw, Re, Hhd^Fmw, Hhd^Fmw, Hhd^Fmw, Hhd^Fmw, Hhd^Fmw, Hhd^Fmw, Gd^Fmw, Gd
Gd^Fmw, Hhd^Fmw, Gs^Fmw, Gs^Fmw, Gd^Fmw, Gs^Fmw, Re^Fmw, Gd^Fmw, Re, Re^Fmw, Re^Fmw, Re^Fmw, Re^Fmw, Gd^Fmw, Gd^Fmw, Hhd^Fmw, Gs^Fmw, Gd, Gd^Fmw, Gd, Gs, Re, Gd, Gd, Gd, Gs, Re, Re, Re, Wwf, Wwf, Wwg, Wwg, Wwf, Wwf, Wwg, Wwg, Wwf, Wwg, Wwf, Wwg, Wwf, Wwg, Wwg, Wwg, Gd, Re, Gd, Gd, Gd, Gd, Re^Fmw, Gll^Fmw, Gd^Fmw, Gd, Re, Gd^Fmw, Hhd, Gd^Fmw, Hhd, Hhd^Fmw, Hhd^Fmw, Re^Fmw, Gs, Gd^Fmw
Gs^Fmw, Hhd^Fmw, Re^Fmw, Hhd^Fmw, Gd^Fmw, Gd^Fmw, Gd^Fmw, Re^Fmw, Re, Gd, Re^Fmw, Gd^Fmw, Gd^Fmw, Gd^Fmw, Gd^Fmw, Gd^Fmw, Gd^Fmw, Gd^Fmw, Gd, Re^Fmw, Gd, Gd, Gd^Fmw, Gd, Gd^Fmw, Gs, Re, Gs, Gd, Gd, Gs, Re, Wwg, Wwg, Sm, Wwg, Wwf, Wwg, Wwg, Sm, Wwg, Wwg, Wwg, Wwg, Wwg, Wwg, Gd, Gd, Gll^Fmw, Gd, Gd, Gd, Gd^Fmw, Gd^Fmw, Gd^Fmw, Gs^Fmw, Gs^Fmw, Gd^Fmw, Re^Fmw, Hhd^Fmw, Gd, Gd^Fmw, Gd, Re^Fmw, Gd
Gs^Fmw, Re^Fmw, Re^Fmw, Gd, Gs^Fmw, Gd^Fmw, Gd^Fmw, Re^Fmw, Gd^Fmw, Gd^Fmw, Gd^Fmw, Gs^Fmw, Gs^Fmw, Hhd^Fmw, Gd^Fmw, Re^Fmw, Gd^Fmw, Gs^Fmw, Gd^Fmw, Gd^Fmw, Hhd^Fmw, Gs^Fmw, Gd^Fmw, Gd, Gd^Fmw, Gd^Fmw, Gd, Re, Re, Re, Re, Gd, Wwf, Sm, Wwf, Wwf, Wwf, Wwg, Wwg, Wwg, Wwg, Wwg, Wwg, Wwf, Wwg, Wwg, Wwg, Gs, Gd, Gd, Gll^Fmw, Re, Gd^Fmw, Gd, Gd^Fmw, Gd^Fmw, Gd^Fmw, Gd^Fmw, Gd^Fmw, Re^Fmw, Re, Gd^Fmw, Gs^Fmw, Gs^Fmw, Gd^Fmw
Re^Fmw, Gs^Fmw, Gd^Fmw, Hhd^Fmw, Re^Fmw, Gd, Re^Fmw, Hhd, Gd^Fmw, Gs^Fmw, Gd, Gd^Fmw, Re^Fmw, Gd^Fmw, Gd^Fmw, Gd^Fmw, Gd^Fmw, Gd^Fmw, Re^Fmw, Hhd, Hhd^Fmw, Re^Fmw, Gd^Fmw, Gd^Fmw, Gd^Fmw, Hhd, Gs^Fmw, Gd, Gs^Fmw, Re, Gd, Gd, Re, Gd, Re, Sm, Wwg, Wwg, Ss, Wwg, Wwf, Sm, Wwg, Wwg, Wwg, Wwg, Wwg, Wwg, Gd, Gd, Gd, Gd, Gd, Gd^Fmw, Gd^Fmw, Gd^Fmw, Re^Fmw, Re^Fmw, Re^Fmw, Gs^Fmw, Re^Fmw, Gd^Fmw, Gd^Fmw, Re^Fmw, Re
Gd^Fmw, Gd^Fmw, Gs^Fmw, Gd^Fmw, Hhd, Gd^Fmw, Gs^Fmw, Gd^Fmw, Gd^Fmw, Re^Fmw, Gd^Fmw, Gs^Fmw, Gd^Fmw, Gd^Fmw, Gd^Fmw, Gd^Fmw, Gd^Fmw, Gs^Fmw, Gd^Fmw, Re^Fmw, Gd^Fmw, Gd^Fmw, Gd^Fmw, Gd^Fmw, Re^Fmw, Gd^Fmw, Re, Gd, Re, Re^Fmw, Gd, Gs, Re, Gs, Gd, Gd, Wwg, Wwg, Wwg, Wwg, Wwg, Wwg, Wwg, Wwf, Wwg, Wwg, Wwf, Wwg, Wwg, Gd, Re, Gll^Fmw, Re, Gs, Gd, Gd^Fmw, Hhd^Fmw, Gd, Gd^Fmw, Gd, Hhd^Fmw, Re, Hhd^Fmw, Gll^Fmw, Re^Fmw
Gs^Fmw, Gs^Fmw, Gd^Fmw, Gd^Fmw, Gd^Fmw, Gd^Fmw, Gs^Fmw, Gd^Fmw, Gs, Gs^Fmw, Gs^Fmw, Gd^Fmw, Hhd^Fmw, Gd^Fmw, Gd, Gd^Fmw, Gd^Fmw, Gd, Gs, Gd^Fmw, Hhd^Fmw, Hhd^Fmw, Gd^Fmw, Hhd^Fmw, Hhd^Fmw, Gd^Fmw, Gs^Fmw, Re, Gd^Fmw, Gd, Gs, Re, Gs, Gd, Gs^Fmw, Gd, Gd, Wwg, Wwg, Wwg, Sm, Ss, Wwg, Wwf, Wwg, Wwg, Wwf, Sm, Wwf, Re, Re, Gs, Gd, Gd, Gd^Fmw, Gd^Fmw, Gd^Fmw, Gd^Fmw, Hhd, Hhd, Gs, Gd^Fmw, Gd, Gll^Fmw, Gd
Gd^Fmw, Gd^Fmw, Gs^Fmw, Gd^Fmw, Gs^Fmw, Hhd^Fmw, Gd^Fmw, Gd^Fmw, Hhd^Fmw, Gs^Fmw, Gd^Fmw, Re^Fmw, Gd^Fmw, Re^Fmw, Re^Fmw, Re^Fmw, Gd^Fmw, Gd^Fmw, Gd^Fmw, Gd, Gd^Fmw, Re, Gd^Fmw, Gd, Gs^Fmw, Gd, Gs^Fmw, Gs, Gd^Fmw, Gd, Gd^Fmw, Re, Gd^Fmw, Gd, Gd, Gs^Fmw, Gd^Fmw, Gd, Wwf, Wwf, Wwg, Re, Re, Wwg, Gd, Wwg, Wwg, Wwg, Wwf, Wwg, Gd, Re, Gll^Fmw, Gd, Hhd^Fmw, Gd, Re^Fmw, Re, Hhd^Fmw, Gd^Fmw, Gd^Fmw, Gd, Gd^Fmw, Gs, Re^Fmw
Gd^Fmw, Gs^Fmw, Re^Fmw, Gs^Fmw, Re^Fmw, Hhd^Fmw, Hhd^Fmw, Gs^Fmw, Gd^Fmw, Re^Fmw, Gd^Fmw, Gd^Fmw, Gd^Fmw, Gd^Fmw, Gd^Fmw, Gd^Fmw, Gd^Fmw, Gd^Fmw, Re^Fmw, Gd^Fmw, Gd^Fmw, Re^Fmw, Hhd^Fmw, Re^Fmw, Hhd^Fmw, Gd^Fmw, Gd, Gd^Fmw, Gd, Gs^Fmw, Gd^Fmw, Re, Re, Gd, Gd^Fmw, Gd^Fmw, Re^Fmw, Gs, Wwf, Wwg, Wwg, Wwf, Re^Es, Wwg, Wwf, Wwg, Wwf, Re, Wwf, Gd, Re, Re, Re, Gd, Re, Gd^Fmw, Hhd, Hhd^Fmw, Re^Fmw, Hhd^Fmw, Gs^Fmw, Gd^Fmw, Gd, Hhd^Fmw, Re
Gd^Fmw, Gd^Fmw, Gd, Re^Fmw, Gd^Fmw, Re^Fmw, Gd^Fmw, Gd^Fmw, Gs^Fmw, Gd^Fmw, Gd^Fmw, Gd, Gd^Fmw, Gd, Gd^Fmw, Gd^Fmw, Re^Fmw, Gd^Fmw, Gd^Fmw, Gd^Fmw, Gd, Gd^Fmw, Gd^Fmw, Gs^Fmw, Re^Fmw, Re^Fmw, Gd^Fmw, Re^Fmw, Gd^Fmw, Gd^Fmw, Gd^Fmw, Gd, Re^Fmw, Gd, Gd, Re^Fmw, Gs, Gs, Re, Re, Wwg, Wwf, Wwg, Wwf, Re, Wwf, Wwg, Wwg, Wwf, Re, Gd, Gd, Gll^Fmw, Re, Gd, Gd, Re^Fmw, Hhd^Fmw, Gd^Fmw, Gd^Fmw, Gd^Fmw, Gd^Fmw, Hhd^Fmw, Gd^Fmw, Gd^Fmw
Gd, Gd^Fmw, Re^Fmw, Re^Fmw, Hhd^Fmw, Gs^Fmw, Gd^Fmw, Hhd^Fmw, Gd^Fmw, Gd^Fmw, Gd^Fmw, Hhd^Fmw, Gd, Hhd^Fmw, Gd, Gs^Fmw, Re^Fmw, Re^Fmw, Hhd^Fmw, Gs^Fmw, Gd^Fmw, Gd^Fmw, Re^Fmw, Gd^Fmw, Gd^Fmw, Gd^Fmw, Gs^Fmw, Gs, Hhd^Fmw, Hhd^Fmw, Gd, Gd^Fmw, Hhd^Fmw, Gd, Gd^Fmw, Re^Fmw, Re^Fmw, Gd, Gd^Fmw, Re, Wwg, Re, Re^Es, Wwg, Wwf, Gd^Es, Wwg, Wwg, Wwf, Wwf, Wwf, Gd, Gd, Gs, Gd, Gd^Fmw, Hhd^Fmw, Gd^Fmw, Hhd^Fmw, Hhd, Gd^Fmw, Gd^Fmw, Hhd, Gs^Fmw, Gd^Fmw
Gd^Fmw, Gs, Re^Fmw, Gd^Fmw, Re^Fmw, Gs^Fmw, Re^Fmw, Hhd^Fmw, Gd^Fmw, Gd^Fmw, Gs^Fmw, Hhd^Fmw, Hhd^Fmw, Hhd^Fmw, Gd^Fmw, Gd^Fmw, Hhd^Fmw, Gd^Fmw, Re^Fmw, Gs^Fmw, Gd^Fmw, Gd^Fmw, Gd^Fmw, Gd^Fmw, Re^Fmw, Gd^Fmw, Re^Fmw, Gd^Fmw, Gd^Fmw, Gd^Fmw, Gs^Fmw, Re^Fmw, Hhd^Fmw, Gs^Fmw, Hhd^Fmw, Gd^Fmw, Gd^Fmw, Gd^Fmw, Gd, Gd, Re, Wwf, Gd, Gd^Es, Wwg, Wwf, Wwg, Wwg, Wwf, Gd, Gd^Es, Gd, Gd, Gd, Gd^Fmw, Hhd^Fmw, Hhd^Fmw, Hhd^Fmw, Gd^Fmw, Hhd^Fmw, Gs^Fmw, Gd^Fmw, Hhd^Fmw, Re^Fmw, Gd
Gd, Gs^Fmw, Re^Fmw, Hhd^Fmw, Re^Fmw, Hhd^Fmw, Gs^Fmw, Gd^Fmw, Re^Fmw, Gd^Fmw, Gs^Fmw, Gd^Fmw, Re^Fmw, Gd, Gd^Fmw, Gd, Gd, Re^Fmw, Re, Gs^Fmw, Gd, Gs^Fmw, Gs^Fmw, Gd^Fmw, Gd^Fmw, Gd^Fmw, Gd^Fmw, Gs^Fmw, Gd^Fmw, Hhd, Hhd^Fmw, Gd^Fmw, Gd, Gd^Fmw, Gd^Fmw, Re^Fmw, Gs^Fmw, Gs^Fmw, Re^Fmw, Gs, Wwg, Wwf, Wwf, Wwf, Gd, Wwf, Wwf, Wwg, Gd, Gd^Es, Wwg, Wwg, Gd, Gd, Gs^Fmw, Gd^Fmw, Gs^Fmw, Gs^Fmw, Gd^Fmw, Gd^Fmw, Hhd^Fmw, Gd^Fmw, Gd^Fmw, Re^Fmw, Gd^Fmw
Re^Fmw, Re^Fmw, Gd^Fmw, Gs^Fmw, Re^Fmw, Gd^Fmw, Gd, Gd^Fmw, Gd^Fmw, Gd^Fmw, Re^Fmw, Gs^Fmw, Hhd, Re^Fmw, Gs, Hhd, Re^Fmw, Gd^Fmw, Gs^Fmw, Gd^Fmw, Gd^Fmw, Gd^Fmw, Gd^Fmw, Re^Fmw, Gs^Fmw, Re^Fmw, Gd^Fmw, Gd^Fmw, Gd^Fmw, Hhd, Re^Fmw, Hhd^Fmw, Hhd^Fmw, Gd^Fmw, Gd^Fmw, Gs^Fmw, Gd^Fmw, Gs^Fmw, Gd, Re, Re, Wwg, Wwf, Wwf, Wwg, Wwf, Wwg, Wwf, Wwg, Wwf, Gd, Wwf, Wwg, Gd, Re, Re^Fmw, Gd^Fmw, Gd^Fmw, Gd^Fmw, Re, Re^Fmw, Gd^Fmw, Gd^Fmw, Hhd^Fmw, Gd^Fmw
Gs, Gd^Fmw, Re^Fmw, Gd^Fmw, Gd, Gd^Fmw, Gd, Gs^Fmw, Gd, Gd^Fmw, Re, Gd^Fmw, Gd, Gd, Gd, Gd, Re, Gd, Gd^Fmw, Gd, Re, Gs^Fmw, Re^Fmw, Gd^Fmw, Gd, Gs^Fmw, Gd^Fmw, Gs, Gs, Gd, Gs, Hhd, Re^Fmw, Re^Fmw, Re^Fmw, Gd^Fmw, Gd^Fmw, Gd^Fmw, Re^Fmw, Gd, Re, Wwf, Wwg, Wwg, Gd, Wwg, Wwf, Wwg, Gd, Wwf, Gd, Wwf, Wwf, Gd, Re, Gd^Fmw, Gd^Fmw, Re^Fmw, Gd, Gd^Fmw, Gs, Re, Gs^Fmw, Gd^Fmw, Gd^Fmw
