border_size=1
usage=map

Ha, Ha, Ha, Ha, Ha, Ha, Ha, Ha, Ai, Ha, Ha, Aa, Ha, Ai, Aa^Fpa, Aa, Rb, Ai, Ha^Fpa, Aa, Ms, Ms, Ha^Fpa, Ha, Ms, Ha, Ms, Aa^Fpa, Ms^Xm, Ms, Ms^Xm, Ms, Ms^Xm, Ms, Ms^Xm, Rb, Ms, Ha, Ms, Aa, Aa, Aa, Ms, Ha, Ha^Fpa
Ha^Fma, Ha^Fma, Ha^Fma, Ha^Fma, Ha^Fma, Aa, Aa, Ms, Ms, Rb, Ms, Ha, Ms, Ms, Ms^Xm, Ms, Ms^Xm, Ms, Ms^Xm, Ms, Ms^Xm, Ms, Ms, Ai, Ms, Ms, Ms^Xm, Ms^Xm, Ms^Xm, Ms^Xm, Ms^Xm, Ms^Xm, Ms^Xm, Ms^Xm, Ms^Xm, Ms^Xm, Ms^Xm, Ms^Xm, Ms^Xm, Ms, Ms, Ha, Ms, Aa^Fpa, Aa
Aa, Aa, Aa, Aa, Aa, Ha, Ms, Ha^Fpa, Ms^Xm, Ms, Ms^Xm, Ms^Xm, Ms^Xm, Ms^Xm, Ms^Xm, Ms^Xm, Ms, Ms^Xm, Ms^Xm, Ms^Xm, Ms^Xm, Ms^Xm, Ms^Xm, Ms^Xm, Ms^Xm, Ms^Xm, Ms, Ms^Xm, Ms^Xm, Ms^Xm, Ms, Ms, Aa^Fma, Ms, Ms, Ms^Xm, Ms^Xm, Ms, Ms^Xm, Ms^Xm, Ms^Xm, Ms, Ms^Xm, Ms, Ha
Ms^Xm, Ms^Xm, Ms^Xm, Ms^Xm, Ms^Xm, Ms^Xm, Ms^Xm, Ms^Xm, Ms^Xm, Ms^Xm, Ms^Xm, Ms^Xm, Ms, Ms^Xm, Ms, Ms^Xm, Ms^Xm, Ms, Ms, Ms^Xm, Ms^Xm, Ms^Xm, Ms, Ms^Xm, Ms, Ms, Ms, Ms, Ms, Ms^Xm, Ms, Ms, Ms, Ms, Ms, Ms^Xm, Ms, Ms, Ms, Ms^Xm, Ms^Xm, Ms^Xm, Ms^Xm, Ms^Xm, Ms^Xm
Ms, Ms, Ms^Xm, Ms, Ms, Ms^Xm, Ms, Ms^Xm, Ms, Ms^Xm, Ms, Ms, Ms, Ms, Ms, Ms, Ms, Ms^Xm, Ms, Ms, Ms, Ms^Xm, Ms, Ms, Ms, Ms, Ms, Ms, Ms, Ms, Ms, Ms, Ms, Ms, Ms, Ms, Ha^Fpa, Ms, Ms, Ms, Ms, Ms^Xm, Ms^Xm, Ms^Xm, Ms
Ms^Xm, Ms^Xm, Ms, Ms, Ha^Fpa, Ms, Ha, Ms, Ha^Fpa, Ms, Ms, Ha^Fpa, Ha, Ha, Ha, Ha^Fpa, Ms, Ms, Ai, Ai, Wo, Wo, Ai, Aa, Ha^Fpa, Ha^Fpa, Ha, Ms, Aa, Ha^Fpa, Ha^Fpa, Ha, Ha, Ha^Fpa, Ha, Ha^Fpa, Ha, Ha^Fpa, Ha, Ms, Ha^Fpa, Ms, Ms, Ms, Ai
Ms, Ms, Ai, Ai, Ai, Ha^Fpa, Aa^Fma, Ha, Ha^Fpa, Ms, Ha^Fpa, Ha, Ms, Ha^Fpa, Ms, Ms, Aa, Ha^Fpa, Ai, Wo, Wo, Wo, Ai, Ha^Fpa, Aa^Fpa, Ha, Ha^Fpa, Ms, Aa^Fpa, Aa, Ha, Ms, Ms, Ha^Fpa, Ha, Ha^Fpa, Ha, Ha^Fpa, Ms, Ha^Fpa, Aa, Ha, Ha^Fpa, Ms, Aa
Ms, Ms, Ha, Ha, Ha, Aa^Fma, Ms^Xm, Ms^Xm, Ms, Aa^Fma, Aa^Fpa, Aa, Aa, Ha, Ha, Aa^Fma, Ha^Fpa, Aa, Ms, Ai, Wo, Ai, Aa, Ha^Fpa, Ai, Ai, Ai, Ai, Ai, Ai, Ms, Ms, Ha, Ha^Fda, Aa, Aa, Aa^Fpa, Ha, Aa, Aa, Ai, Aa, Ha^Fpa, Ha, Ha^Fpa
Aa, Aa, Aa, Aa, Ha^Fpa, Ms, Ha, 2 Ha^Dr, Aa, Aa^Fpa, Aa, Aa, Aa^Fma, Ai, Ha, Ha, Ha^Fpa, Ha, Ms, Aa, Ms^Xm, Ms^Xm, Ms, Ha, Ai, Ha, Ai, Ms, Ha, Ms, Aa^Fpa, Aa^Fpa, Aa, Aa^Fpa, Aa^Fpa, Aa^Fpa, Aa, Aa^Fpa, Aa^Fpa, Aa^Fpa, Ms, Rb, Ha, Ha, Aa^Fpa
Ms, Ha, Ha, Ha^Fpa, Ms, Ms, Ms, Ha, Ai, Ha^Fpa, 1 Ha, Ha^Fpa, Ms, Aa^Fpa, Ai, Aa, Aa, Ha^Fpa, Ha, Ms, Ms, Ms, Aa, Ha, Ha, Ha^Fpa, Ha^Fpa, Aa, Ha^Fpa, Aa, Aa, Aa, Rb, Aa, Aa, Aa, Aa, Aa^Fpa, Cea, Aa^Fpa, Aa, Aa, Aa, Rb, Rb
Ms, Ms, Ms, Ha^Fpa, Ha, Ha^Fpa, Ha, Aa, Ha^Fpa, Aa, Ha^Fpa, Ms, Ha^Fpa, Ms, Ha, Ha, Ha^Fpa, Ai, Ha, Aa, Ms^Xm, Ha, Ms, Aa, Ha, Ms, Aa, Aa, Aa, Aa, Aa, Rb, Rb, Aa, Aa, Ha, Aa, Cea, Kea, Cea, Rb, Rb, Rb, Rb, Aa
Ms, Ms, Ha, Ha, Aa, Aa, Aa, Aa, Aa, Ha, Aa^Fpa, Aa^Fpa, Aa^Fpa, Aa^Fpa, Aa^Fpa, Aa^Fma, Ha^Fpa, Aa, Ai, Ms, Ms^Xm, Ms, Ha, Ha, Aa^Fpa, Aa^Fpa, Aa^Fpa, Aa^Fpa, Aa, Aa^Fpa, Rb, Aa, Ha, Ha, Ha^Fpa, Aa, Aa, Aa^Fpa, Cea, Cea, Aa, Aa, Aa, Aa, Aa^Fpa
Aa, Aa, Aa, Aa, Aa, Aa, Ha, Aa, Aa^Fpa, Ha, Aa, Rb, Rb, Aa, Aa, Aa, Rb, Ha, Ms, Ms^Xm, Ms, Ms, Aa, Ha, Aa, Ha^Fpa, Ha, Aa, Rb, Ha, Rb, Aa, Ha, Ha, Rb, Rb, Aa, Aa, Aa, Aa, Ms, Ms, Ms, Aa^Fpa, Aa
Aa, Aa, Aa, Aa, Aa, Aa, Aa, Aa, Aa, Aa, Aa, Aa, Rb, Ha, Rb, Aa, Aa, Ha, Aa, Ms, Ai, Ha, Aa, Aa, Ai, Ha, Aa, Rb, Aa, Rb, Aa, Rb, Aa, Aa, Aa, Aa, Aa^Fpa, Aa, Ms, Aa, Aa, Aa, Ha, Ha^Fpa, Ha
Aa, Rb, Rb, Aa, Rb, Rb, Aa, Ha, Ai, Ai, Aa, Rb, Aa, Rb, Rb, Aa, Ha^Fpa, Aa, Rb, Aa, Aa, Aa, Aa, Ha, Ai, Ai, Ai, Aa, Aa^Fpa, Aa, Ha, Ha, Aa, Aa, Aa, Ha, Ai, Ms, Aa, Ha, Ha, Ms, Ms, Ms, Ms
Aa, Aa, Aa, Aa, Aa, Rb, Aa, Aa, Aa, Aa, Ha, Aa, Aa, Rb, Rb, Ha^Fpa, Aa, Rb, Ms, Ha, Ha, Ai, Ha, Ha, Aa, Aa^Fpa, Ai, Aa^Fma, Ai, Aa^Fpa, Ha, Ai, Aa, Ha, Aa^Fpa, Aa^Fpa, Aa^Fpa, Aa, Ha, Ai, Ha^Fpa, Ha, Ha^Fpa, Ms, Ms
Ms, Ms, Ms, Aa, Aa, Ai, Aa, Aa, Ai, Aa, Aa, Aa, Ha, Aa, Aa^Fpa, Aa, Aa^Fpa, Aa, Aa^Fpa, Aa, Ha, Aa^Fpa, Ms^Xm, Ms^Xm, Ms, Ha, Ha, Ai, Ha, Ai, Aa, Ai, Aa^Fpa, Aa^Fpa, Ms, Ms, Ms, Ms, Aa, Ha^Fpa, Ha^Fda, Ms, Ms, Ai, Ms
Ms, Ms^Xm, Ha, Ha^Fpa, Aa, Ai, Aa, Ai, Ai, Ha, Ha, Aa^Fpa, Ha, Ha, Ms, Aa^Fpa, Ha, Ha, Aa, Aa^Fpa, Ha, Ms, Ms^Xm, Ms^Xm, Ms, Ms, Ms, Ai, Aa, Ha, Ai, Ai, Ai, Ai, Ai, Ms, Ai, Ha, Ai, Ha, Ai, Ha, Ms, Ha, Ai
Ha^Fpa, Ms^Xm, Ha^Fpa, Ha^Fpa, Ha^Fpa, Aa, Ha, Aa, Ha, Ha^Fpa, Aa, Ms, Aa, Aa, Aa^Fpa, Aa^Fma, Ha, Aa, Ha^Fpa, Aa, Ms, Ms, Ms, Ms^Xm, Ha, Ms, Ai, Ai, Ha, Ha, Ai, Ha, Aa, Ha, Ha, Ai, Ai, Ha^Fpa, Ai, Ai, Ha, Ai, Ai, Ai, Ai
Ms, Ms, Ms, Ms, Ms, Ha^Fpa, Ha, Ha, Ha^Fpa, Ha^Fpa, Ha, Ha, Ha^Fpa, Ha, Ha, Aa, Aa, Aa, Aa, Aa^Fpa, Aa, Aa, Ms^Xm, Ms^Xm, Wo, Ai, Wo, Ai, Ai, Ai, Ai, Ms, Ha^Fda, Aa, Aa^Fpa, Ms, Ai, Ai, Ha, Ai, Ha^Fpa, Aa, Ha^Fpa, Ha^Fpa, Aa
Ms^Xm, Ms^Xm, Ms^Xm, Ms^Xm, Ms^Xm, Ms, Ms, Ha^Fpa, Ms, Ms, Ha, Ha, Ha, Ms, Ha, Ha^Fpa, Aa, Ha, Ha, Ms, Aa^Fpa, Ha^Fda, Wo, Wo, Wo, Wo, Ai, Wo, Ha, Ha^Fpa, Ai, Ai, Ms, Aa, Ms, Ha^Fpa, Ms, Ha^Fpa, Ha^Fpa, Ha^Fpa, Ms, Ha, Ms, Ha, Ai
Ms, Ms, Ms, Ms, Ms, Ms^Xm, Ms, Ha^Fpa, Ha^Fpa, Ha, Ha^Fpa, Ha, Ha^Fpa, Ha, Aa^Fpa, Ms, Ha^Fpa, Aa, Ha, Ms, Ha^Fda, Ha^Fpa, Wo, Ms, Ha^Fpa, Aa^Fma, Ha^Fpa, Ai, Ha^Fpa, Ha^Fpa, Ha, Aa, Ha^Fpa, Aa, Ha^Fpa, Ha, Ha^Fpa, Aa^Fpa, Ms, Ms, Ms, Ms, Ms, Ms, Ms^Xm
Ha, Ha, Ha, Ha, Ha, Ms^Xm, Ms^Xm, Ms, Ms^Xm, Ha^Fma, Ms^Xm, Ms, Ms, Ha, Ha^Fpa, Ha^Fpa, Ms, Ha^Fpa, Ha^Fpa, Ha, Ms, Wo, Ms^Xm, Ha^Fpa, Ha, Ha^Fpa, Ha^Fpa, Ha, Ha, Aa, Ha^Fpa, Ha^Fpa, Aa^Fpa, Ha^Fpa, Ha, Ms, Ms, Ms, Ms^Xm, Ms^Xm, Ms^Xm, Ms^Xm, Ms^Xm, Ms^Xm, Ms
Ms, Ms, Ms^Xm, Ms, Ms^Xm, Ms^Xm, Ms^Xm, Ms, Ms^Xm, Ms, Ms, Ms^Xm, Ms^Xm, Ms, Ms, Ms, Ms, Ms, Ms, Ms, Ms, Ms, Ms, Ms^Xm, Ms^Xm, Ha^Fpa, Ms, Aa^Fpa, Ha, Ms, Ms, Ha^Fpa, Ms^Xm, Ms^Xm, Ms^Xm, Ms^Xm, Ms^Xm, Ms^Xm, Ms, Ms^Xm, Ms, Ms^Xm, Ms, Ms, Ms
Ms^Xm, Ms, Ms^Xm, Ms, Ms, Ms, Ms, Ms^Xm, Ms^Xm, Ms, Ms, Ms, Ms, Ms, Ha^Fpa, Ms, Ms, Ha^Fpa, Ha^Fpa, Ha^Fpa, Ms, Ha^Fpa, Ms, Ha^Fpa, Ms^Xm, Ms, Ms^Xm, Ms^Xm, Ms^Xm, Ms^Xm, Ms^Xm, Ms^Xm, Ms^Xm, Ms, Ms, Ms, Ms, Ms, Ms, Ms, Ms, Ms, Ms, Ms, Ms
Ms, Ms^Xm, Ms^Xm, Ms, Ai, Ms, Ms, Ms, Ms^Xm, Ms^Xm, Ms^Xm, Ms^Xm, Ms^Xm, Ms, Ms^Xm, Ms, Ms^Xm, Ms, Ms^Xm, Ms, Ms^Xm, Ms^Xm, Ms^Xm, Ms^Xm, Ms^Xm, Ms^Xm, Ms, Ms, Ms, Ms, Ms, Ms, Ms, Ms, Aa^Fpa, Ms, Ms, Ms, Ms, Ms, Ms, Ms, Ms, Ms, Ms
Aa^Fma, Ms^Xm, Aa^Fma, Ms, Ms, Ha, Ms, Ms, Ms, Ms, Ms, Ms^Xm, Ms, Ms^Xm, Ms, Ms^Xm, Ms, Ms^Xm, Ms, Ms^Xm, Ms, Ms, Ms, Ms, Ms, Ms, Ms, Ms, Ms, Ms, Ms, Ms, Ha, Ms, Ha^Fpa, Ms, Ms, Ms, Ms, Ms, Ms, Ms, Ha, Ms, Ha
