border_size=1
usage=map

Aa, Aa^Fpa, Aa, Aa, Aa, Aa, Aa, Aa, Aa, Aa, Aa, Ha^Fma, Ha^Fma, Aa, Aa, Aa, Aa, Aa^Fma, Aa, Aa, Ha, Aa, Aa, Aa, Aa, Aa, Aa, Aa, Aa^Fpa, Aa^Fpa, Aa^Fpa, Aa, Aa, Aa, Aa, Aa, Aa, Aa, Aa, Aa, Aa, Aa, Aa, Aa, Ha, Aa, Aa^Fma, Aa, Aa^Fma, Aa, Aa, Ha^Fma, Aa, Aa, Aa, Aa^Fda, Aa, Aa, Aa, Aa
Aa, Aa, Aa, Aa^Fma, Gd, Aa, Aa, Aa, Aa, Aa, Aa, Aa, Aa, Aa, Aa, Aa^Fpa, Aa^Fpa, Aa^Fpa, Aa^Fpa, Aa, Aa, Aa, Aa, Aa, Aa^Fpa, Aa, Aa, Aa, Aa, Aa^Fpa, Aa^Fpa, Aa, Aa, Aa, Ha^Fma, Aa, Aa, Aa, Aa^Fpa, Aa^Fpa, Aa, Aa, Aa, Aa, Aa, Aa^Fma, Aa, Aa, Aa^Fpa, Aa, Gd, Gd^Fmw, Gd^Fdw, Gd^Fp, Aa, Aa, Aa, Aa, Aa, Aa
Aa, Aa, Aa, Aa, Aa^Fma, Aa, Aa, Aa, Gll, Rb^Fmw, Aa, Aa, Aa, Aa^Fda, Aa^Fpa, Aa^Fpa, Aa^Fpa, Aa^Fpa, Aa^Fpa, Aa^Fpa, Aa, Aa, Aa, Aa, Aa, Aa, Aa^Fma, Aa, Aa, Aa, Aa, Aa, Aa, Aa, Aa, Aa, Aa, Aa, Aa, Aa, Aa, Aa, Aa, Aa, Aa^Fma, Aa, Aa, Aa, Aa, Re, Re^Fmw, Re^Fdw, Gll^Fdw, Aa^Fma, Aa^Fma, Aa, Aa, Aa, Aa, Aa
Aa^Fpa, Aa, Aa, Aa, Aa, Aa, Aa, Aa, Aa, Aa, Aa, Aa^Fpa, Aa, Aa, Aa, Aa, Aa^Fpa, Aa^Fpa, Aa^Fpa, Aa^Fpa, Aa^Fpa, Aa, Aa, Aa, Aa, Aa, Aa, Aa, Rb, Aa, Rb, Aa, Rb, Aa, Aa, Aa, Aa, Aa, Gd, Gd, Gd, Aa, Aa, Aa, Aa, Aa, Aa, Aa, Aa, Re, Gd, Gd^Fmw, Gll, Aa, Aa^Fma, Aa, Ha, Aa, Aa, Aa
Aa, Aa^Fpa, Aa^Fpa, Aa^Fpa, Aa, Aa, Aa, Aa, Aa, Aa^Fpa, Aa, Ha^Fma, Aa, Aa, Aa, Aa, Aa^Fpa, Aa, Aa, Aa^Fpa, Aa, Aa, Aa, Aa, Aa, Aa, Aa, Aa, Re, Rb, Re, Re, Cea, Re, Re, Rb, Rb, Aa, Gd, Gd, Gll, Gd, Aa, Aa, Aa, Aa, Aa, Aa, Aa, Aa, Aa, Aa, Aa, Aa, Aa, Aa, Aa, Aa, Aa^Fpa, Aa^Fpa
Ha, Aa^Fpa, Aa^Fpa, Aa, Aa^Fpa, Aa^Fpa, Aa, Aa, Aa, Aa, Aa, Aa, Aa, Aa, Aa, Aa, Aa, Aa, Aa, Aa, Aa, Aa, Aa, Aa, Aa, Gd, Re, Re, Aa, Re^Vct, Rb, Cea, 3 Ke, Cea, Re, Re^Vct, Re, Aa, Aa, Gd, Gd, Gll, Gll^Fp, Gd, Aa^Fma, Ha^Fpa, Aa^Fpa, Aa^Fpa, Aa, Aa, Aa, Aa, Aa, Aa, Aa, Aa, Aa^Fpa, Aa^Fpa, Aa^Fpa, Aa
Aa, Aa^Fpa, Aa^Fpa, Aa^Fpa, Aa^Fpa, Aa, Aa, Aa, Aa, Aa, Aa, Aa, Aa, Aa, Re, Aa, Aa, Aa, Aa, Aa, Aa, Aa, Ha, Aa, Aa, Gd, Gd, Re, Rb, Re, Re, Cea, Cea, Cea, Re, Rb, Rb, Re, Aa, Aa^Fma, Aa, Gd, Gll^Fmw, Gll^Fmw, Ha^Fma, Ha^Fma, Ha^Fpa, Aa^Fpa, Aa, Aa, Aa, Aa, Aa, Aa, Aa, Aa, Aa^Fpa, Aa^Fpa, Aa^Fpa, Aa
Aa^Fpa, Aa, Aa^Fpa, Aa^Fpa, Aa, Aa^Fda, Aa, Aa, Aa, Aa, Cea, Gd, Re, Re, Gll^Vct, Aa, Gd, Aa, Gd, Gd, Aa, Aa, Aa, Aa^Fda, Aa, Aa, Gd, Rb, Aa, Rb, Rb, Rb, Rb, Rb, Gd^Vct, Re, Hhd, Gd, Gll, Gd, Gll, Aa, Hhd^Fmw, Hhd^Fmw, Hhd^Fdw, Hhd^Fmw, Hhd, Aa^Fma, Aa, Aa, Aa, Aa, Aa, Aa, Aa^Fpa, Aa^Fpa, Aa^Fpa, Aa^Fpa, Aa^Fpa, Aa^Fpa
Aa^Fpa, Aa^Fpa, Aa, Aa, Aa, Aa, Aa, Aa^Fda, Gd, Aa, 2 Ke, Cea, Re, Re, Re, Re, Re, Aa, Aa, Aa, Gd, Aa, Aa, Aa, Aa^Fda, Aa, Aa, Gd, Aa, Gd, Gd^Vct, Aa, Ha^Fma, Rb, Aa, Hhd, Gll, Hhd, Gd, Gd, Gd, Gll^Fdw, Gll^Fmw, Hhd^Fmw, Hhd^Fmw, Hhd^Fdw, Rb, Rb, Rb, Aa, Aa, Aa^Fda, Ha, Aa, Aa, Aa, Aa, Ha^Fma, Aa^Fpa, Wo
Aa, Aa, Aa, Aa, Aa, Aa, Aa, Gd, Aa, Cea, Cea, Cea, Gll, Hhd, Re, Re, Gd, Aa, Aa, Aa, Hhd, Hhd, Gd, Gd, Aa, Aa, Aa, Aa, Aa, Gd, Gd, Aa, Aa, Aa, Gd, Aa, Aa, Aa, Gd, Aa, Gll, Gll^Fp, Re^Fdw, Hhd^Fmw, Hhd, Hhd, Re, Re^Vct, Re, Aa, Ha^Fda, Aa, Aa, Aa, Aa, Aa, Aa, Aa^Fpa, Wo, Wo
Aa, Ha^Fpa, Aa, Aa, Aa, Aa, Aa, Aa, Re, Cea, Hhd, Gll, Hhd^Vct, Re, Hhd, Re^Vct, Aa, Aa, Gll, Hhd, Gll, Aa, Aa, Aa, Aa, Aa, Ha, Aa, Aa, Aa, Aa, Gd, Aa, Aa, Gd, Aa, Aa, Aa^Fpa, Aa, Gll, Gd, Re, Re, Hhd, Re, Re, Aa^Fma, Rb, Re^Vct, Rb, Cea, Cea, Aa, Aa, Aa, Aa, Aa, Aa, Wo, Wo
Aa, Aa, Aa, Aa^Fma, Aa, Ha, Re, Gll, Gll^Vct, Hhd, Hhd, Hhd, Hhd, Hhd, Re, Gll, Aa, Gll, Aa, Hhd, Aa, Aa, Aa^Fpa, Aa, Aa, Aa^Fda, Gd, Aa, Aa, Aa, Aa, Aa, Aa, Aa, Aa, Aa, Aa, Aa, Aa, Aa, Aa, Aa, Aa, Re, Re, Re, Re^Vct, Re, Re, Re, Cea, 4 Ke, Gd^Fmw, Aa, Aa^Fpa, Aa, Wo, Wo, Wo, Wo
Aa, Aa, Aa^Fpa, Aa, Aa, Aa, Re, Re, Gd, Hhd, Rb, Rb, Gd, Hhd, Gll, Aa, Aa, Aa, Aa, Aa, Ha, Aa, Aa, Aa, Aa, Aa, Aa, Aa, Aa^Fpa, Aa^Fma, Aa, Aa, Aa, Aa, Aa, Aa, Aa, Aa, Aa, Aa, Aa, Aa, Aa, Re, Aa, Aa, Aa, Aa^Fpa, Aa, Cea, Cea, Cea, Rb^Vct, Aa, Aa, Aa^Fda, Wo, Wo, Aa, Aa
Aa, Aa, Aa, Aa, Aa, Aa, Aa, Re, Gd, Rb, Gd, Aa, Aa, Aa, Aa, Aa, Aa, Aa, Aa, Ha, Ha, Aa, Aa, Aa, Aa, Aa, Coa, Aa^Fma, Aa, Aa, Aa, Aa, Aa, Aa^Fpa, Aa, Aa, Aa, Aa, Rb, Rb, Aa, Aa, Aa, Aa, Aa, Aa, Aa, Aa, Ha^Fda, Aa, Aa, Aa, Ha^Fma, Ha^Fma, Wo, Wo, Wo, Aa, Aa, Aa
Aa, Aa, Aa, Aa, Aa, Aa, Aa, Aa, Aa, Aa, Aa, Aa, Aa, Aa, Ha, Aa, Aa, Aa, Aa, Aa, Aa, Aa, Koa, Aa, Aa, Aa, Coa, Coa, Aa, Aa, Aa, Koa, Aa, Ha, Aa, Aa, Aa, Rb, Rb, Aa, Aa, Aa, Aa, Aa^Fpa, Aa^Fpa, Aa^Fpa, Aa, Aa, Aa^Fma, Aa, Wo, Aa, Wo, Wo, Ha^Fma, Wo, Aa, Aa, Ai, Ai
Aa, Aa, Aa, Aa, Aa, Aa, Aa, Aa, Aa, Aa, Aa, Aa^Fma, Gll^Fdw, Ha, Aa, Aa, Aa, Aa, Coa, Aa, Aa, Aa, Aa, Aa, Rb, Aa, Aa, Aa, Aa, Aa, Aa, Rb, Aa, Aa, Coa, Gd, Aa, Aa, Aa, Aa, Aa, Aa, Aa^Fpa, Aa^Fpa, Aa^Fpa, Aa, Wo, Ai, Wo, Wo, Wo, Wo, Ai, Wo, Wo, Wo, Wo, Aa, Ai, Wo
Aa, Aa, Aa, Aa, Ha^Fpa, Aa, Aa, Aa, Gll, Aa, Aa, Aa, Aa, Aa, Aa, Aa^Fpa, Aa, Aa, Aa, Aa, Aa, Aa, Ha^Fma, Aa, Rb, Aa, Ha^Fma, Aa, Aa, Aa, Rb, Rb, Rb, Aa, Aa^Fda, Aa, Aa, Aa, Koa, Aa^Fma, Aa, Aa, Aa, Aa^Fpa, Aa, Ai, Wo, Wo, Ai, Wo, Wo, Wo, Wo, Wo, Wo, Wo, Ai, Wo, Wo, Wo
Re, Ha^Fda, Aa, Aa, Aa, Aa, Aa, Aa, Aa, Aa, Aa, Aa, Aa, Aa, Aa, Koa, Aa, Aa, Aa, Aa, Ha^Fma, Aa, Aa, Ha^Fma, Aa, Rb, Re, Aa, Aa^Voa, Rb, Re, Rb^Voa, Aa, Aa, Aa, Aa, Aa, Aa, Rb, Aa, Aa, Ha, Aa, Aa, Ai, Ai, Wo, Ai, Wo, Wo, Ai, Wo, Wo, Wo, Ai, Wo, Wo, Wo, Ai, Ai
Aa, Aa, Aa, Aa, Aa^Fpa, Aa^Fda, Aa, Aa, Aa, Ha^Fda, Ha, Aa, Aa, Aa, Aa, Aa, Aa^Fda, Rb, Re, Re, Rb, Aa, Aa, Aa, Re, Rb^Voa, Re, Aa, Re, Re, Aa, Rb, Re, Rb, Rb^Vo, Aa, Aa, Rb, Aa^Fma, Ha, Coa, Aa, Aa, Wo, Wo, Wo, Wo, Ai, Wo, Wo, Ai, Ai, Wo, Wo, Ai, Ai, Wo, Wo, Wo, Wo
Aa, Aa, Aa, Aa, Aa, Aa, Aa, Aa, Aa, Aa^Fda, Aa, Aa, Aa, Aa, Coa, Aa, Aa, Aa, Rb, Re, Rb, Rb, Re^Voa, Re, Rb, Rb, Koa, Re, Coa, Coa, Koa, Koa, Koa, Rb, Re, Re, Re, Rb, Aa, Aa, Ha, Aa, Aa, Aa, Ai, Wo, Wo, Wo, Ai, Ai, Ai, Wo, Ai, Wo, Wo, Ai, Wo, Wo, Ai, Wo
Aa^Fpa, Aa^Fpa, Aa^Fpa, Aa, Aa, Aa^Fma, Aa, Aa, Aa, Aa, Gll^Fp, Aa, Aa, Aa, Aa^Fda, Aa, Aa, Aa, Aa, Aa, Aa, Rb, Rb, Rb, Re, Koa, Koa, Koa, Aa, Aa^Voa, Coa, Koa, Koa, Re, Aa, Rb, Re^Vo, Rb, Rb, Aa, Aa, Aa, Aa, Koa, Ai, Ai, Wo, Wo, Ai, Ai, Ai, Wo, Wo, Wo, Wo, Wo, Wo, Ai, Wo, Wo
Aa, Aa^Fpa, Aa^Fpa, Aa, Aa^Fpa, Aa, Aa, Aa^Fpa, Aa, Aa, Ha, Ha^Fma, Aa, Aa, Aa, Aa, Aa, Aa, Aa, Aa, Aa, Aa, Ha^Fpa, Rb, Re, Koa, Koa, Coa, Koa, Koa, Coa, Coa, Aa, Coa, Coa, Re, Re, Rb, Rb, Aa, Re, Aa, Aa, Aa, Aa, Wo, Wo, Wo, Wo, Ai, Wo, Wo, Wo, Wo, Wo, Wo, Wo, Wo, Wo, Ai
Aa^Fpa, Aa^Fpa, Aa, Aa^Fpa, Aa, Aa, Aa, Aa, Aa, Aa, Aa, Aa, Aa, Aa, Koa, Ha, Rb, Aa, Re, Aa, Rb, Aa^Voa, Aa, Re, Coa, Coa, Aa, Aa^Voa, Coa, Koa, Koa, Aa^Voa, Koa, Coa, Re, Re, Aa^Voa, Aa, Aa, Rb, Aa, Rb, Aa, Coa, Aa, Aa, Ai, Wo, Wo, Wo, Wo, Wo, Wo, Ai, Wo, Ai, Wo, Wo, Wo, Aa
Aa^Fpa, Aa^Fpa, Aa^Fpa, Aa^Fpa, Aa^Fpa, Aa, Aa, Aa, Aa, Aa, Ha, Aa, Ha^Fda, Aa, Aa, Aa, Aa, Rb, Rb, Rb, Aa, Aa, Aa, Re, Re, Coa, Koa, Coa, Coa, Koa, Aa^Voa, Coa, Koa, Koa, Aa, Re, Rb, Aa, Aa, Aa, Aa, Aa, Aa, Aa, Aa, Aa, Aa^Fpa, Wo, Wo, Ai, Wo, Wo, Wo, Wo, Wo, Wo, Wo, Aa^Fda, Aa, Aa
Aa^Fpa, Aa^Fpa, Aa, Aa^Fpa, Aa, Aa, Gd, Aa, Aa, Ha^Fda, Gd, Aa, Re, Re, Re, Re, Re, Re, Aa, Aa, Aa, Aa, Aa^Voa, Aa, Wwf, Re, Koa, Koa, Koa, Aa, Coa, Koa, Koa, Koa, Re, Re, Re, Aa, Aa, Rb, Re, Re, Rb, Aa, Koa, Aa, Ha^Fpa, Aa, Wo, Wo, Wo, Ai, Wo, Wo, Wo, Wo, Wo, Wo, Aa, Aa
Aa, Aa, Aa, Ha, Aa, Aa, Aa, Aa, Aa, Aa, Aa, Aa, Re, Rb, Rb, Rb, Coa, Aa, Aa, Aa, Aa, Aa, Wwf, Wwf, Wwf, Wwf, Re, Koa, Aa, Coa, Aa, Wwf, Wwf, Aa, Re, Re^Voa, Aa^Fma, Aa^Fma, Aa, Rb, Rb, Rb, Ha^Fda, Aa, Aa, Gd, Aa, Aa, Wo, Wo, Ai, Ai, Ai, Ai, Wo, Wo, Wo, Ai, Aa, Aa
Aa, Aa, Aa, Aa, Aa, Aa, Aa, Aa, Aa, Aa, Aa, 1 Aa^Fma, Aa, Rb, Aa, Re, Aa, Aa, Aa, Koa, Ww, Aa, Wwf, Rb, Rb, Rb, Re, Rb, Re, Re, Aa, Rb, Rb, Wwf, Wwf, Rb, Rb, Rb, Aa, Ha, Aa, Aa, Aa, Aa, Aa, Aa, Aa, Wo, Wo, Ai, Wo, Wo, Ai, Ai, Wo, Ai, Aa, Aa, Aa, Aa
Aa, Aa, Aa, Aa, Aa, Aa, Aa, Aa, Aa, Ha^Fma, Ai, Aa, Aa^Fpa, Aa, Aa, Aa, Aa, Aa, Aa, Ww, Ww, Wwf, Re, Re, Aa, Aa^Voa, Re, Rb, Rb, Rb^Vo, Rb, Aa, Re, Re^Voa, Wwf, Aa, Wo, Rb, Koa, Aa, Aa, Wo, Ha^Fpa, Aa, Aa, Aa, Wo, Wo, Ai, Wo, Ai, Wo, Wo, Wo, Ai, Ai, Aa, Aa, Gll, Aa
Ha^Fma, Aa, Aa^Fpa, Aa, Wo, Aa, Ai, Wo, Wo, Wo, Wo, Ai, Wo, Wo, Wo, Wo, Wo, Ww, Ww, Ww, Ww, Ww, Aa, Rb, Re, Aa, Re, Rb, Aa, Re, Aa, Re, Wo, Wwf, Wo, Wo, Aa, Wo, Wo, Wo, Wo, Wo, Wo, Aa, Wo^Bsb\, Wo^Bsb\, Wo^Bsb\, Wo, Wo, Wo, Ai, Wo, Aa, Aa, Aa, Aa, Aa, Aa, Aa, Aa
Aa, Aa, Ai, Ai, Wo, Wo, Ai, Wo, Wo, Wo, Ai, Ai, Ai, Wo, Ai, Wo, Wo, Wo, Ai, Wo, Wo, Wo, Aa^Bsb/, Aa, Re, Re, Ha, Rb, Ha, Ha, Koa, Aa, Wo, Wo, Ha, Coa, Aa, Wo, Aa, Aa, Ai, Wo, Wo, Ai, Wo, Wo, Wo^Bsb\, Wo, Aa, Aa, Aa, Aa, Aa, Aa, Aa^Fpa, Aa, Ha^Fpa, Aa^Fpa, Aa, Aa
Ha^Fpa, Aa, Wo, Wo, Ai, Wo, Wo, Wo, Wo, Ai, Wo, Wo, Ai, Ai, Wo, Wo, Wo, Wo, Wo, Ai, Wo^Bsb/, Wo^Bsb/, Wo, Wo^Bsb/, Wo^Bsb/, Aa, Aa, Ha, Wo, Aa, Wo, Wo, Wo, Wo, Wo, Wo, Wo, Wo, Wo, Ai, Ai, Ai, Wo, Ai, Aa, Ai, Aa, Aa, Aa, Aa, Aa, Aa^Fpa, Aa, Aa^Fpa, Aa^Fpa, Aa^Fpa, Aa^Fpa, Aa, Aa^Fpa, Aa
Ai, Ai, Wo, Wo, Ai, Wo, Wo, Wo, Wo, Wo, Wo, Wo, Aa, Wo, Aa^Fda, Wo, Aa, Aa, Ha, Aa^Bsb/, Aa^Bsb/, Wo^Bsb/, Aa^Bsb/, Wo^Bsb/, Wo, Wo, Wo, Wo, Wo, Wo, Wo, Aa, Wo, Wo, Ai, Wo, Wo, Wo, Wo, Wo, Ai, Wo, Ai, Ai, Aa, Aa, Aa, Aa, Aa, Aa, Aa, Aa, Aa^Fpa, Aa^Fpa, Aa^Fpa, Aa^Fpa, Aa^Fpa, Aa^Fpa, Aa^Fpa, Aa^Fpa
Wo, Wo, Ai, Ai, Wo, Wo, Aa, Aa^Fma, Aa, Aa, Aa, Aa, Aa, Aa, Aa, Aa, Aa, Aa, Aa, Aa, Aa, Aa^Bsb/, Aa, Ai, Ai, Wo, Wo, Wo, Wo, Wo, Wo, Wo, Ai, Wo, Ai, Wo, Wo, Ai, Wo, Wo, Aa, Wo, Aa, Aa, Re, Aa, Rb, Aa, Aa, Aa^Fda, Aa, Aa, Aa, Aa^Fpa, Aa, Aa^Fpa, Aa^Fpa, Aa^Fpa, Aa^Fpa, Aa
Wo, Wo, Ai, Wo, Wo, Wo, Aa, Aa, Aa, Aa, Aa, Rb, Rb, Re, Rb, Aa, Aa, Aa, Aa, Aa, Ha^Fda, Gd, Aa, Aa, Aa, Wo, Wo, Wo, Ai, Wo, Wo, Ai, Wo, Wo, Wo, Ai, Ai, Ai, Aa, Aa, Aa, Aa, Aa, Re, Rb^Fmw, Re, Re, Gll, Gll, Aa, Aa, Aa, Aa^Fma, Aa, Aa, Aa^Fpa, Aa, Aa, Aa^Fpa, Aa
Wo, Wo, Wo, Wo, Aa, Aa, Aa, Aa, Aa, Aa^Fda, Aa, Rb, Re, Rb, Re^Fmw, Re^Fdw, Gll, Aa, Aa, Aa^Fda, Aa, Aa, Aa, Aa, Ha, Aa, Aa, Ai, Aa, Wo, Aa, Wo, Ha^Fma, Wo, Gd^Fdw, Aa, Aa, Ha^Fpa, Aa, Aa, Aa, Aa, Aa^Fda, Aa, Rb, Rb^Fmw, Gd, Rb, Aa, Aa, Aa, Ha^Fpa, Aa, Aa, Aa, Aa, Aa, Aa^Fpa, Aa^Fpa, Aa^Fpa
Ai, Ai, Wo, Aa, Aa^Fpa, Aa, Aa, Aa, Aa, Ha^Fda, Aa, Aa, Aa, Aa, Gll^Fdw, Re^Fmw, Rb^Fmw, Rb, Rb, Aa, Aa^Fma, Aa, Ha, Aa, Ha, Ha, Ha, Aa, Aa, Aa, Aa, Aa, Aa, Aa, Gll, Gd, Aa, Aa, Aa, Aa, Aa, Aa, Aa, Aa^Fda, Aa^Fda, Gd^Fmw, Rb^Fmw, Re, Aa, Aa, Aa, Aa, Aa, Aa, Aa, Aa, Aa, Aa, Aa^Fpa, Aa
Ai, Wo, Aa, Aa, Aa, Aa, Aa, Aa, Aa, Aa, Aa, Aa, Aa, Aa, Aa, Rb^Fmw, Re, Re, Aa, Aa, Ha^Fda, Aa, Aa, Ha, Aa, Aa, Aa, Aa, Aa, Ha^Fda, Aa, Aa, Gd, Gll, Gd, Aa, Aa, Aa, Aa^Fpa, Aa, Aa, Gll, Gd, Aa^Fda, Aa^Fda, Rb, Aa, Re, Aa, Aa, Chr, Aa, Aa, Chr, Chr, Gll, Aa, Aa^Fpa, Aa, Aa
Wo, Wo, Aa, Aa, Aa, Aa, Aa^Fma, Aa, Aa, Aa, Aa^Fpa, Aa, Chr, Aa, Chr, Rb, Rb, Rb^Fmw, Re, Aa, Aa, Aa, Ha^Fpa, Aa, Aa, Aa, Gd, Aa, Aa, Aa, Aa, Aa, Rb, Gd, Aa^Fma, Aa, Ha, Aa, Aa, Aa, Gd, Gll^Fp, Gd, Aa, Aa, Rb, Aa, Aa, Aa, Aa, Aa, Chr, Chr, 7 Khr, Chr, Aa, Aa, Aa^Fpa, Ha^Fma, Aa
Wo, Wo, Aa, Aa, Aa, Aa^Fma, Aa, Aa, Aa^Fpa, Aa^Fpa, Aa, Aa, Aa, 5 Khr, Chr, Aa, Chr, Re, Re, Aa, Aa, Aa, Aa, Aa, Rb, Gll^Fmw, Rb, Gll, Aa, Aa, Aa, Gd, Rb, Aa, Aa, Aa, Aa, Aa, Aa, Aa, Aa, Gll, Re, Rb, Gd, Aa, Aa, Re, Rb, Aa, Aa, Aa, Aa, Aa, Aa, Aa, Aa, Aa, Aa, Aa
Aa^Fda, Aa, Aa^Fda, Aa, Aa, Aa, Aa, Aa^Fpa, Aa, Aa^Fpa, Aa, Aa, Aa, Chr, Aa, Chr, Aa, Aa, Aa, Aa, Aa, Aa, Aa, Aa, Aa, Ha, Rb, Re, Rb^Fmw, Aa^Fmw, Gll^Fmw, Rb^Fmw, Re, Re, Aa, Aa, Aa, Aa, Aa, Aa, Aa, Rb, Rb, Rb, Gd, Aa, Re, Gd, Rb, Gll, Aa, Aa, Aa, Aa, Aa, Aa, Aa, Aa, Aa, Aa
Aa, Aa, Aa, Aa, Aa, Aa, Aa^Fma, Aa, Aa, Aa, Aa, Aa, Aa, Aa, Aa, Aa, Gd, Aa, Aa, Aa, Aa, Aa, Aa, Aa, Aa, Gll, Rb, Re, Re, Gll^Fmw, Aa, Rb^Fmw, Re, Gll, Chr, Aa, Aa, Aa, Aa, Aa, Aa, Aa, Aa, Aa, Aa, Aa, Aa, Re, Rb, Rb, Aa, Aa, Aa, Aa, Aa, Aa, Aa^Fma, Aa, Aa^Fma, Aa
Aa, Aa, Aa^Fpa, Aa, Aa, Aa, Aa, Aa^Fpa, Gd, Gll, Ha, Aa, Aa, Aa, Aa^Fpa, Aa, Aa, Aa, Aa, Aa, Aa^Fpa, Aa, Aa, Aa, Aa, Aa, Aa, Aa, Aa, Aa, Aa, Re, Aa, Chr, Chr, Chr, Aa, Aa, Aa, Aa, Aa, Aa, Aa, Aa, Aa, Aa, Aa, Gll, Re, Re, Aa, Aa, Ha, Aa, Aa^Fda, Aa, Aa, Aa, Aa, Aa^Fpa
Aa^Fpa, Aa, Aa^Fpa, Aa, Aa, Aa, Aa, Aa, Aa, Rb, Aa, Aa, Aa, Aa^Fpa, Aa^Fpa, Aa^Fpa, Aa^Fpa, Aa, Aa, Aa, Aa, Ha, Ha^Fpa, Aa, Aa^Fda, Aa, Aa, Aa, Aa, Aa, Aa, Aa, Aa, Aa, Aa, 6 Khr, Chr, Rb, Aa, Re, Re, Re, Gd, Aa, Aa, Aa, Aa, Gll, Aa, Aa, Aa, Aa, Aa, Aa, Aa, Aa, Aa, Aa, Aa^Fpa, Aa
Aa^Fpa, Aa^Fpa, Aa, Aa, Aa^Fpa, Aa, Aa, Aa, Aa^Fma, Aa, Ha^Fda, Aa, Aa, Aa, Aa, Aa^Fpa, Aa, Aa^Fpa, Aa, Aa, Aa, Aa^Fda, Aa^Fma, Aa, Aa, Aa, Aa, Aa, Rb^Fp, Aa, Aa, Aa, Aa, Aa^Fda, Aa, Chr, Aa, Aa, Aa, Aa, Aa, Gll, Re, Rb, Aa, Aa, Aa, Aa, Aa, Ha^Fda, Aa, Aa, Aa, Aa, Ha, Aa, Aa^Fpa, Aa^Fpa, Aa, Ha^Fpa
Aa^Fpa, Aa^Fpa, Aa, Aa, Aa, Aa, Aa, Aa^Fma, Aa, Aa, Aa, Ha, Aa, Ha, Aa, Rb, Aa, Aa^Fpa, Aa, Aa, Aa, Aa^Fpa, Aa, Aa, Aa, Aa, Aa, Aa, Aa, Aa, Ha, Aa, Aa, Aa, Aa, Aa, Aa, Aa, Aa, Aa, Aa, Aa, Aa, Aa, Ha^Fda, Aa, Aa, Aa, Aa, Aa, Aa, Aa, Aa, Aa, Aa, Aa, Aa, Aa^Fpa, Aa, Ha
