border_size=1
usage=map

Xuc, Xuc, Xuc, Xuc, Xuc, Xuc, Xuc, Xuc, Xuc, Xuc, Xuc, Xuc, Xuc, Xuc, Xuc, Xuc, Xuc, Xuc, Xuc, Xuc, Xuc, Xuc, Xuc, Xuc, Xuc, Xuc, Xuc, Xuc, Xuc, Xuc, Xuc, Xuc, Xuc, Xuc, Xuc, Xuc, Xuc, Xuc, Xuc, Xuc, Xuc, Xuc, Xuc, Xuc, Xuc, Xuc, Xuc, Xuc, Xuc, Xuc, Xuc, Xuc
Xuc, Xuc, Xuc, Xuc, Xuc, Xuc, Xuc, Xuc, Xuc, Xuc, Xuc, Xuc, Xuc, Xuc, Xuc, Xuc, Xuc, Xuc, Xuc, Xuc, Xuc, Xuc, Xuc, Xuc, Xuc, Xuc, Xuc, Xuc, Xuc, Xuc, Xuc, Xuc, Xuc, Xuc, Xuc, Xuc, Xuc, Xuc, Xuc, Xuc, Xuc, Xuc, Xuc, Xuc, Xuc, Xuc, Xuc, Xuc, Xuc, Xuc, Xuc, Xuc
Xuc, Xuc, Xuc, Xuc, Xuc, Xuc, Xuc, Xuc, Xuc, Xuc, Xuc, Xuc, Xuc, Xuc, Xuc, Xuc, Xuc, Xuc, Xuc, Xuc, Xuc, Xuc, Xuc, Xuc, Xuc, Xuc, Xue, Xue, Xue, Xuc, Xuc, Xuc, Xuc, Xuc, Xuc, Xuc, Xuc, Xuc, Xuc, Xuc, Xuc, Xuc, Xuc, Xuc, Xuc, Xuc, Xuc, Xuc, Xuc, Xuc, Xuc, Xuc
Xuc, Xuc, Xuc, Xuc, Xuc, Xuc, Xuc, Xuc, Xuc, Xuc, Xuc, Xuc, Xuc, Xuc, Xuc, Xuc, Xuc, Xuc, Xuc, Xuc, Xuc, Xuc, Xuc, Xuc, Xue, Xue, Wo, Wo, Wo, Xue, Xue, Xuc, Xuc, Xuc, Xuc, Xuc, Xuc, Xuc, Xuc, Xuc, Xuc, Xuc, Xuc, Xuc, Xuc, Xuc, Xuc, Xuc, Xuc, Xuc, Xuc, Xuc
Xuc, Xuc, Xuc, Xuc, Xuc, Xuc, Xuc, Xuc, Xuc, Xuc, Xuc, Xuc, Xuc, Xuc, Xuc, Xuc, Xuc, Xuc, Xuc, Xuc, Xuc, Xuc, Xue, Xue, Wo, Wo, Gd, Gd, Gd, Wo, Wo, Xue, Xue, Xuc, Xuc, Xuc, Xuc, Xuc, Xuc, Xuc, Xuc, Xuc, Xuc, Xuc, Xuc, Xuc, Xuc, Xuc, Xuc, Xuc, Xuc, Xuc
Xuc, Xuc, Xuc, Xuc, Xuc, Xuc, Xuc, Xuc, Xuc, Xuc, Xuc, Xuc, Xuc, Xuc, Xuc, Xuc, Xuc, Xuc, Xuc, Xuc, Xuc, Xue, Xue, Xue, Ww, Ww, Gd, Gd, Gd, Ww, Ww, Xue, Xue, Xue, Xuc, Xuc, Xuc, Xuc, Xuc, Xuc, Xuc, Xuc, Xuc, Xuc, Xuc, Xuc, Xuc, Xuc, Xuc, Xuc, Xuc, Xuc
Xuc, Xuc, Xuc, Xuc, Xuc, Xuc, Xuc, Xuc, Xuc, Xuc, Xuc, Xuc, Xuc, Xuc, Xuc, Xuc, Xuc, Xuc, Xuc, Xuc, Xuc, Xue, Xue, Ww, Ww, Gd, Gd, 2 Gd, Gd, Gd, Ww, Ww, Ww, Xue, Xuc, Xuc, Xuc, Xuc, Xuc, Xuc, Xuc, Xuc, Xuc, Xuc, Xuc, Xuc, Xuc, Xuc, Xuc, Xuc, Xuc, Xuc
Xuc, Xuc, Xuc, Xuc, Xuc, Xuc, Xuc, Xuc, Xuc, Xuc, Xuc, Xuc, Xuc, Xuc, Xuc, Xuc, Xuc, Xuc, Xuc, Xuc, Xuc, Xue, Ww, Ww, Wwf, Gd, Gd, Gd, Gd, Gd, Wwf, Uue, Uue^Uf, Xue, Xuc, Xuc, Xuc, Xuc, Xuc, Xuc, Xuc, Xuc, Xuc, Xuc, Xuc, Xuc, Xuc, Xuc, Xuc, Xuc, Xuc, Xuc
Xuc, Xuc, Xuc, Xuc, Xuc, Xuc, Xuc, Xuc, Xuc, Xuc, Xuc, Xuc, Xuc, Xuc, Xuc, Xuc, Xuc, Xuc, Xuc, Xuc, Xuc, Xue, Uue^Uf, Uue, Uue, Wwf, Wwf, Gd, Wwf, Wwf, Uue, Uue, Uue^Uf, Xue, Xuc, Xuc, Xuc, Xuc, Xuc, Xuc, Xuc, Xuc, Xuc, Xuc, Xuc, Xuc, Xuc, Xuc, Xuc, Xuc, Xuc, Xuc
Xuc, Xuc, Xuc, Xuc, Xuc, Xuc, Xuc, Xuc, Xuc, Xuc, Xuc, Xuc, Xuc, Xuc, Xuc, Xuc, Xuc, Xuc, Xuc, Xuc, Xuc, Xue, Xue, Uue, Uue, Re, Re, Wwf, Re, Re, Uue, Uue^Uf, Xue, Xue, Xuc, Xuc, Xuc, Xuc, Xuc, Xuc, Xuc, Xuc, Xuc, Xuc, Xuc, Xuc, Xuc, Xuc, Xuc, Xuc, Xuc, Xuc
Xuc, Xuc, Xuc, Xuc, Xuc, Xuc, Xuc, Xuc, Xuc, Xuc, Xuc, Xuc, Xuc, Xuc, Xuc, Xuc, Xuc, Xuc, Xuc, Xuc, Xuc, Xue, Xue, Uue^Uf, Uue, Rb, Re, Wwf, Re, Rb, Uue^Uf, Uue^Uf, Xue, Xue, Xuc, Xuc, Xuc, Xuc, Xuc, Xuc, Xuc, Xuc, Xuc, Xuc, Xuc, Xuc, Xuc, Xuc, Xuc, Xuc, Xuc, Xuc
Xuc, Xuc, Xuc, Xuc, Xuc, Xuc, Xuc, Xuc, Xuc, Xuc, Xuc, Xuc, Xuc, Xuc, Xuc, Xuc, Xuc, Xuc, Xuc, Xuc, Xuc, Xue, Xue, Uue^Uf, Uue^Uf, Rb, Rb, Wwf, Re, Rb, Uue^Uf, Uue^Uf, Xue, Xue, Xuc, Xuc, Xuc, Xuc, Xuc, Xuc, Xuc, Xuc, Xuc, Xuc, Xuc, Xuc, Xuc, Xuc, Xuc, Xuc, Xuc, Xuc
Xuc, Xuc, Xuc, Xuc, Xuc, Xuc, Xuc, Xuc, Xuc, Xuc, Xuc, Xuc, Xuc, Xuc, Xuc, Xuc, Xuc, Xuc, Xuc, Xuc, Xuc, Xuc, Xuc, Xue, Xue, Uue, Rb, Wwf, Rb, Uue, Xue, Xue, Xuc, Xuc, Xuc, Xuc, Xuc, Xuc, Xuc, Xuc, Xuc, Xuc, Xuc, Xuc, Xuc, Xuc, Xuc, Xuc, Xuc, Xuc, Xuc, Xuc
Xuc, Xuc, Xuc, Xuc, Xuc, Xuc, Xuc, Xuc, Xuc, Xuc, Xuc, Xuc, Xuc, Xuc, Xuc, Xuc, Xuc, Xuc, Xuc, Xuc, Xuc, Xuc, Xuc, Xuc, Xuc, Xue, Uu, Wwf, Wwf, Xue, Xuc, Xuc, Xuc, Xuc, Xuc, Xuc, Xuc, Xuc, Xuc, Xuc, Xuc, Xuc, Xuc, Xuc, Xuc, Xuc, Xuc, Xuc, Xuc, Xuc, Xuc, Xuc
Xuc, Xuc, Xuc, Xuc, Xuc, Xuc, Xuc, Xuc, Xuc, Xuc, Xuc, Xuc, Xuc, Xuc, Xuc, Xuc, Xuc, Xuc, Xuc, Xuc, Xuc, Xuc, Xuc, Xuc, Xuc, Xuc, Uh^Uf, Uu, Wwf, Xuc, Xuc, Xuc, Xuc, Xuc, Xuc, Xuc, Xuc, Xuc, Xuc, Xuc, Xuc, Xuc, Xuc, Xuc, Xuc, Xuc, Xuc, Xuc, Xuc, Xuc, Xuc, Xuc
Xuc, Xuc, Xuc, Xuc, Xuc, Xuc, Xuc, Xuc, Xuc, Xuc, Xuc, Xuc, Xuc, Xuc, Xuc, Xuc, Xuc, Xuc, Xuc, Xuc, Xuc, Xuc, Xuc, Xuc, Xuc, Xuc, Uh^Uf, Uu, Wwf, Uu, Uh, Xuc, Xuc, Xuc, Xuc, Xuc, Xuc, Xuc, Xuc, Xuc, Xuc, Xuc, Xuc, Xuc, Xuc, Xuc, Xuc, Xuc, Xuc, Xuc, Xuc, Xuc
Xuc, Xuc, Xuc, Xuc, Xuc, Xuc, Xuc, Xuc, Xuc, Xuc, Xuc, Xuc, Xuc, Xuc, Xuc, Xuc, Xuc, Xuc, Xuc, Xuc, Xuc, Xuc, Xuc, Xuc, Xuc, Xuc, Xuc, Uu^Uf, Wwf, Uu, Uu^Uf, Xuc, Xuc, Xuc, Xuc, Xuc, Xuc, Xuc, Xuc, Xuc, Xuc, Xuc, Xuc, Xuc, Xuc, Xuc, Xuc, Xuc, Xuc, Xuc, Xuc, Xuc
Xuc, Xuc, Xuc, Xuc, Xuc, Xuc, Xuc, Xuc, Xuc, Xuc, Xuc, Xuc, Xuc, Xuc, Xuc, Xuc, Xuc, Xuc, Xuc, Xuc, Xuc, Xuc, Xuc, Xuc, Uh, Xuc, Xuc, Xuc, Wwf, Uu, Uu, Uh^Uf, Xuc, Xuc, Xuc, Xuc, Xuc, Xuc, Xuc, Xuc, Xuc, Xuc, Xuc, Xuc, Xuc, Xuc, Xuc, Xuc, Xuc, Xuc, Xuc, Xuc
Xuc, Xuc, Xuc, Xuc, Xuc, Xuc, Xuc, Xuc, Xuc, Xuc, Xuc, Xuc, Xuc, Xuc, Xuc, Xuc, Xuc, Xuc, Xuc, Xuc, Xuc, Xuc, Xuc, Xuc, Uh^Uf, Uu, Uu, Uu, Wwf, Wwf, Uu, Uh^Uf, Xuc, Xuc, Xuc, Xuc, Xuc, Xuc, Xuc, Xuc, Xuc, Xuc, Xuc, Xuc, Xuc, Xuc, Xuc, Xuc, Xuc, Xuc, Xuc, Xuc
Xuc, Xuc, Xuc, Xuc, Xuc, Xuc, Xuc, Xuc, Xuc, Xuc, Xuc, Xuc, Xuc, Xuc, Xuc, Xuc, Xuc, Xuc, Xuc, Xuc, Xuc, Xuc, Xuc, Uh, Uu, Uu, Wwf, Wwf, Uu, Wwf, Wwf, Uu, Xuc, Xuc, Xuc, Xuc, Xuc, Xuc, Xuc, Xuc, Xuc, Xuc, Xuc, Xuc, Xuc, Xuc, Xuc, Xuc, Xuc, Xuc, Xuc, Xuc
Xuc, Xuc, Xuc, Xuc, Xuc, Xuc, Xuc, Xuc, Xuc, Xuc, Xuc, Xuc, Xuc, Xuc, Xuc, Xuc, Xuc, Xuc, Xuc, Xuc, Xuc, Xuc, Xuc, Uu^Uf, Uu, Wwf, Xuc, Xuc, Xuc, Uu, Uu, Xuc, Xuc, Xuc, Xuc, Xuc, Xuc, Xuc, Xuc, Xuc, Xuc, Xuc, Xuc, Xuc, Xuc, Xuc, Xuc, Xuc, Xuc, Xuc, Xuc, Xuc
Xuc, Xuc, Xuc, Xuc, Xuc, Xuc, Xuc, Xuc, Xuc, Xuc, Xuc, Xuc, Xuc, Xuc, Xuc, Xuc, Xuc, Xuc, Xuc, Xuc, Xuc, Xuc, Xuc, Uh^Uf, Uu, Wwf, Uu, Xuc, Xuc, Uh, Uh^Uf, Xuc, Xuc, Xuc, Xuc, Xuc, Xuc, Xuc, Xuc, Xuc, Xuc, Xuc, Xuc, Xuc, Xuc, Xuc, Xuc, Xuc, Xuc, Xuc, Xuc, Xuc
Xuc, Xuc, Xuc, Xuc, Xuc, Xuc, Xuc, Xuc, Xuc, Xuc, Xuc, Xuc, Xuc, Xuc, Xuc, Xuc, Xuc, Xuc, Xuc, Xuc, Xuc, Xuc, Xuc, Xuc, Uu^Uf, Wwf, Wwf, Uu^Uf, Uh^Uf, Xuc, Xuc, Xuc, Xuc, Xuc, Xuc, Xuc, Xuc, Xuc, Xuc, Xuc, Xuc, Xuc, Xuc, Xuc, Xuc, Xuc, Xuc, Xuc, Xuc, Xuc, Xuc, Xuc
Xuc, Xuc, Xuc, Xuc, Xuc, Xuc, Xuc, Xuc, Xuc, Xuc, Xuc, Xuc, Xuc, Xuc, Xuc, Xuc, Xuc, Xuc, Xuc, Xuc, Xuc, Xuc, Xuc, Xuc, Xuc, Uu, Wwf, Uu, Uu^Uf, Xuc, Xuc, Xuc, Xuc, Xuc, Xuc, Xuc, Xuc, Xuc, Xuc, Xuc, Xuc, Xuc, Xuc, Xuc, Xuc, Xuc, Xuc, Xuc, Xuc, Xuc, Xuc, Xuc
Xuc, Xuc, Xuc, Xuc, Xuc, Xuc, Xuc, Xuc, Xuc, Xuc, Xuc, Xuc, Xuc, Xuc, Xuc, Xuc, Xuc, Xuc, Xuc, Xuc, Xuc, Xuc, Xuc, Xuc, Xuc, Xuc, Uu, Wwf, Uu, Xuc, Xuc, Xuc, Xuc, Xuc, Xuc, Xuc, Xuc, Xuc, Xuc, Xuc, Xuc, Xuc, Xuc, Xuc, Xuc, Xuc, Xuc, Xuc, Xuc, Xuc, Xuc, Xuc
Xuc, Xuc, Xuc, Xuc, Xuc, Xuc, Xuc, Xuc, Xuc, Xuc, Xuc, Xuc, Xuc, Xuc, Xuc, Xuc, Xuc, Xuc, Xuc, Xuc, Xuc, Xuc, Xuc, Xuc, Xuc, Xuc, Xuc, Xuc, Xuc, Xuc, Xuc, Xuc, Xuc, Xuc, Xuc, Xuc, Xuc, Xuc, Xuc, Xuc, Xuc, Xuc, Xuc, Xuc, Xuc, Xuc, Xuc, Xuc, Xuc, Xuc, Xuc, Xuc
Xuc, Xuc, Xuc, Xuc, Xuc, Xuc, Xuc, Xuc, Xuc, Xuc, Xuc, Xuc, Xuc, Xuc, Xuc, Xuc, Xuc, Xuc, Xuc, Xuc, Xuc, Xuc, Xuc, Xuc, Uu^Uf, Xuc, Ur, Wwf, Rp, Ur, Ur, Xuc, Xuc, Xuc, Xuc, Xuc, Xuc, Xuc, Xuc, Xuc, Xuc, Xuc, Xuc, Xuc, Xuc, Xuc, Xuc, Xuc, Xuc, Xuc, Xuc, Xuc
Xuc, Xuc, Xuc, Xuc, Xuc, Xuc, Xuc, Xuc, Xuc, Xuc, Xuc, Xuc, Xuc, Xuc, Xuc, Xuc, Xuc, Xuc, Xuc, Xuc, Xuc, Xuc, Xuc, Uh^Uf, Ur, Ur, Wwf, Wwf, Ur, Ur, Ur, Uh, Xuc, Xuc, Xuc, Xuc, Xuc, Xuc, Xuc, Xuc, Xuc, Xuc, Xuc, Xuc, Xuc, Xuc, Xuc, Xuc, Xuc, Xuc, Xuc, Xuc
Xuc, Xuc, Xuc, Xuc, Xuc, Xuc, Xuc, Xuc, Xuc, Xuc, Xuc, Xuc, Xuc, Xuc, Xuc, Xuc, Xuc, Xuc, Xuc, Xuc, Xuc, Xuc, Rp^Uf, Rp, Rb, Ur, Wwf, Ur, Ur, Ur, Rb, Rb^Uf, Ur^Uf, Xuc, Xuc, Xuc, Xuc, Xuc, Xuc, Xuc, Xuc, Xuc, Xuc, Xuc, Xuc, Xuc, Xuc, Xuc, Xuc, Xuc, Xuc, Xuc
Xuc, Xuc, Xuc, Xuc, Xuc, Xuc, Xuc, Xuc, Xuc, Xuc, Xuc, Xuc, Xuc, Xuc, Xuc, Xuc, Xuc, Xuc, Xuc, Xuc, Xuc, Xuc, Uu, Rp, Rp, Ur, Wwf, Rp, Rb, Rp, Rp, Ur, Ur, Xuc, Xuc, Xuc, Xuc, Xuc, Xuc, Xuc, Xuc, Xuc, Xuc, Xuc, Xuc, Xuc, Xuc, Xuc, Xuc, Xuc, Xuc, Xuc
Xuc, Xuc, Xuc, Xuc, Xuc, Xuc, Xuc, Xuc, Xuc, Xuc, Xuc, Xuc, Xuc, Xuc, Xuc, Xuc, Xuc, Xuc, Xuc, Xuc, Xuc, Uh^Uf, Uu, Ur, Ur, Ur, Wwf, Ur, Ur, Rb, Rp, Rp, Ur, Ur, Xuc, Xuc, Xuc, Xuc, Xuc, Xuc, Xuc, Xuc, Xuc, Xuc, Xuc, Xuc, Xuc, Xuc, Xuc, Xuc, Xuc, Xuc
Xuc, Xuc, Xuc, Xuc, Xuc, Xuc, Xuc, Xuc, Xuc, Xuc, Xuc, Xuc, Xuc, Xuc, Xuc, Xuc, Xuc, Xuc, Xuc, Xuc, Xuc, Uh, Rp, Ur, Ur, Ur, Wwf, Wwf, Rb, Rp, Rp, Rp, Ur, Uu, Xuc, Xuc, Xuc, Xuc, Xuc, Xuc, Xuc, Xuc, Xuc, Xuc, Xuc, Xuc, Xuc, Xuc, Xuc, Xuc, Xuc, Xuc
Xuc, Xuc, Xuc, Xuc, Xuc, Xuc, Xuc, Xuc, Xuc, Xuc, Xuc, Xuc, Xuc, Xuc, Xuc, Xuc, Xuc, Xuc, Xuc, Xuc, Xuc, Xuc, Rp, Rp, Ur, Rp, Ur, Wwf, Wwf, Ur, Rp, Ur, Uu, Uh^Uf, Xuc, Xuc, Xuc, Xuc, Xuc, Xuc, Xuc, Xuc, Xuc, Xuc, Xuc, Xuc, Xuc, Xuc, Xuc, Xuc, Xuc, Xuc
Xuc, Xuc, Xuc, Xuc, Xuc, Xuc, Xuc, Xuc, Xuc, Xuc, Xuc, Xuc, Xuc, Xuc, Xuc, Xuc, Xuc, Xuc, Xuc, Xuc, Xuc, Xuc, Uh, Rp, Rp, Ur, Rp, Wwf, Wwf, Ur, Ur, Uu, Uh^Uf, Xuc, Xuc, Xuc, Xuc, Xuc, Xuc, Xuc, Xuc, Xuc, Xuc, Xuc, Xuc, Xuc, Xuc, Xuc, Xuc, Xuc, Xuc, Xuc
Xuc, Xuc, Xuc, Xuc, Xuc, Xuc, Ur, Xuc, Xuc, Xuc, Xuc, Xuc, Xuc, Xuc, Xuc, Xuc, Xuc, Xuc, Xuc, Xuc, Xuc, Xuc, Xuc, Uu, Ur, Ur, Ur, Wwf, Ur, Ur, Uu, Uh^Uf, Xuc, Xuc, Xuc, Xuc, Xuc, Xuc, Xuc, Xuc, Xuc, Xuc, Xuc, Xuc, Xuc, Xuc, Xuc, Xuc, Xuc, Xuc, Xuc, Xuc
Xuc, Xuc, Xuc, Xuc, Ur, Ur, Ur, Ur, Ur, Xuc, Xuc, Xuc, Xuc, Xuc, Xuc, Xuc, Xuc, Xuc, Xuc, Xuc, Xuc, Xuc, Xuc, Xuc, Xuc, Ur, Rp, Wwf, Wwf, Ur, Xuc, Xuc, Xuc, Xuc, Xuc, Xuc, Xuc, Xuc, Xuc, Xuc, Xuc, Xuc, Xuc, Xuc, Xuc, Xuc, Xuc, Xuc, Xuc, Xuc, Xuc, Xuc
Xuc, Xuc, Xuc, Xuc, Ur, Ur, Ur, Ur, Ur, Xuc, Xuc, Xuc, Xuc, Xuc, Wo, Xuc, Ww, Xuc, Xuc, Xuc, Xuc, Xuc, Xuc, Xuc, Xuc, Xuc, Rp, Ur, Wwf, Xuc, Xuc, Xuc, Xuc, Xuc, Xuc, Xuc, Xuc, Xuc, Uh^Uf, Xuc, Uh^Uf, Xuc, Xuc, Xuc, Xuc, Xuc, Xuc, Xuc, Xuc, Xuc, Xuc, Xuc
Xuc, Xuc, Xuc, Xuc, Ur, Ur, Ur, Ur, Ur, Xuc, Xuc, Xuc, Ww, Wo, Ww, Ww, Wwf, Wwf, Wwf, Xuc, Xuc, Xuc, Xuc, Xuc, Xuc, Xuc, Ur, Ur, Wwf, Xuc, Xuc, Xuc, Xuc, Xuc, Xuc, Xuc, Ur, Uu, Ur, Uu^Uf, Ur, Uh^Uf, Xuc, Xuc, Xuc, Xuc, Xuc, Xuc, Xuc, Xuc, Xuc, Xuc
Xuc, Xuc, Xuc, Xuc, Xuc, Ur, Ur, Ur, Xuc, Xuc, Xuc, Uh, Ur, Ur, Ur, Ur, Ur, Ur, Uu^Uf, Wwf, Wwf, Xuc, Xuc, Xuc, Xuc, Uu, Wwf, Wwf, Wwf, Ur, Xuc, Xuc, Xuc, Xuc, Ur, Rp, Rp^Uf, Rp^Uf, Rp, Rp, Rp, Rp, Uu, Xuc, Xuc, Xuc, Xuc, Xuc, Xuc, Xuc, Xuc, Xuc
Xuc, Xuc, Xuc, Xuc, Xuc, Xuc, Xuc, Xuc, Xuc, Xuc, Uh^Uf, Rp, Rp, Ur, Rp, Ur, Ur, Rb, Rp, Uu, Wwf, Xuc, Wwf, Wwf, Wwf, Wwf, Ur, Rp, Ur, Wwf, Uu, Xuc, Rb, Xuc, Ur, Ur, Rp, Rp^Uf, Rp, Ur, Ur, Ur, Rp, Uh^Uf, Xuc, Xuc, Xuc, Xuc, Xuc, Xuc, Xuc, Xuc
Xuc, Xuc, Xuc, Xuc, Xuc, Xuc, Xuc, Xuc, Xuc, Xuc, Rp, Ur, Rp^Uf, Rp^Uf, Rp, Ur, Ur, Ur, Rp, Ur, Rp, Wwf, Ur, Rp, Ur, Ur, Rp, 3 Rp, Ur, Wwf, Ur, Ur, Wwf, Rp, Ur, Ur, Ur, Rp, Ur, Rp, Ur, Rp, Rp^Uf, Rp, Uu, Xuc, Xuc, Xuc, Xuc, Xuc, Xuc, Xuc
Xuc, Xuc, Xuc, Xuc, Xuc, Xuc, Xuc, Xuc, Xuc, Xuc, Uu, Ur, Ur, Rp^Uf, Rp, Rp, Ur, Ur, Ur, Rp, Rp, Rp, Ur, Ur, Uu, Ur, Ur, Rp, Ur, Wwf, Wwf, Wwf, Ur, Wwf, Wwf, Ur, Rp, Ur, Ur, Ur, Ur, Ur, Rp, Rp, Uu^Uf, Xuc, Xuc, Xuc, Xuc, Xuc, Xuc, Xuc
Xuc, Xuc, Xuc, Xuc, Xuc, Xuc, Xuc, Xuc, Xuc, Xuc, Uh^Uf, Ur, Ur, Ur, Ur, Ur, Ur, Ur, Ur, Rp^Uf, Rp, Ur, Xuc, Xuc, Xuc, Uu, Ur, Ur, Wwf, Wwf, Xuc, Xuc, Xuc, Uu, Rb, Wwf, Ur, Rb, Rp, Ur, Ur, Rp, Ur, Rp, Uh^Uf, Xuc, Xuc, Xuc, Xuc, Xuc, Xuc, Xuc
Xuc, Xuc, Xuc, Xuc, Xuc, Xuc, Xuc, Xuc, Xuc, Xuc, Xuc, Rb, Rp, Ur, Ur, Ur, Ur, Ur, Ur, Ur, Uu, Xuc, Xuc, Xuc, Xuc, Ur, Rb, Wwf, Ur, Ur, Rp^Uf, Xuc, Xuc, Xuc, Uu^Uf, Wwf, Rp, Rp, Rp^Uf, Rp^Uf, Ur, Ur, Ur, Uu, Uh^Uf, Xuc, Xuc, Xuc, Xuc, Xuc, Xuc, Xuc
Xuc, Xuc, Xuc, Xuc, Xuc, Xuc, Xuc, Xuc, Xuc, Xuc, Xuc, Rp, Uh, Uu, Uu, Ur, Rb, Ur, Uu, Ur, Xuc, Xuc, Xuc, Xuc, Ur^Uf, Ur, Wwf, Wwf, Rp, Rp, Xuc, Xuc, Xuc, Xuc, Xuc, Wwf, Wwf^Uf, Rb, Rp, Ur, Rp, Rp, Uu, Uu^Uf, Xuc, Xuc, Xuc, Xuc, Xuc, Xuc, Xuc, Xuc
Xuc, Xuc, Xuc, Xuc, Xuc, Xuc, Xuc, Xuc, Xuc, Xuc, Xuc, Xuc, Xuc, Uh^Uf, Xuc, Uu, Uh^Uf, Uh^Uf, Xuc, Xuc, Xuc, Xuc, Xuc, Xuc, Uu^Uf, Ur, Wwt^Ewf, Wwt^Ewf, Wwt^Ewf, Rp^Uf, Xuc, Xuc, Xuc, Xuc, Xuc, Xuc, Xuc, Ww, Ww, Rb, Uh, Uu, Xuc, Xuc, Xuc, Xuc, Xuc, Xuc, Xuc, Xuc, Xuc, Xuc
Xuc, Xuc, Xuc, Xuc, Xuc, Xuc, Xuc, Xuc, Xuc, Xuc, Xuc, Xuc, Xuc, Xuc, Xuc, Xuc, Xuc, Xuc, Xuc, Xuc, Xuc, Xuc, Xuc, Xuc, Xuc, Ur, Wwf, Wwt^Ewf, Rp, Xuc, Xuc, Xuc, Xuc, Xuc, Xuc, Xuc, Xuc, Xuc, Xuc, Xuc, Xuc, Xuc, Xuc, Xuc, Xuc, Xuc, Xuc, Xuc, Xuc, Xuc, Xuc, Xuc
Xuc, Xuc, Xuc, Xuc, Xuc, Xuc, Xuc, Xuc, Xuc, Xuc, Xuc, Xuc, Xuc, Xuc, Xuc, Xuc, Xuc, Xuc, Xuc, Xuc, Xuc, Xuc, Xuc, Xuc, Xuc, Rp, Wwf, Rp, Ur, Xuc, Xuc, Xuc, Xuc, Xuc, Xuc, Xuc, Xuc, Xuc, Xuc, Xuc, Xuc, Xuc, Xuc, Xuc, Xuc, Xuc, Xuc, Xuc, Xuc, Xuc, Xuc, Xuc
Xuc, Xuc, Xuc, Xuc, Xuc, Xuc, Xuc, Xuc, Xuc, Xuc, Xuc, Xuc, Xuc, Xuc, Xuc, Xuc, Xuc, Xuc, Xuc, Xuc, Xuc, Xuc, Xuc, Xuc, Uu, Rp, Wwf, Ur, Rp, Xuc, Xuc, Xuc, Xuc, Xuc, Xuc, Xuc, Xuc, Xuc, Xuc, Xuc, Xuc, Xuc, Xuc, Xuc, Xuc, Xuc, Xuc, Xuc, Xuc, Xuc, Xuc, Xuc
Xuc, Xuc, Xuc, Xuc, Xuc, Xuc, Xuc, Xuc, Xuc, Xuc, Xuc, Xuc, Xuc, Xuc, Xuc, Xuc, Xuc, Xuc, Xuc, Xuc, Xuc, Xuc, Xuc, Xuc, Uu, Rb, Rb, Wwf, Rp, Uu, Xuc, Xuc, Xuc, Xuc, Xuc, Xuc, Xuc, Xuc, Xuc, Xuc, Xuc, Xuc, Xuc, Xuc, Xuc, Xuc, Xuc, Xuc, Xuc, Xuc, Xuc, Xuc
Xuc, Xuc, Xuc, Xuc, Xuc, Xuc, Xuc, Xuc, Xuc, Xuc, Xuc, Xuc, Xuc, Xuc, Xuc, Xuc, Xuc, Xuc, Xuc, Xuc, Xuc, Xuc, Uh^Uf, Uh, Uu, Rb, Rb, Wwf, Wwf, Ur, Uu, Xuc, Uh, Xuc, Xuc, Xuc, Xuc, Xuc, Xuc, Xuc, Xuc, Xuc, Xuc, Xuc, Xuc, Xuc, Xuc, Xuc, Xuc, Xuc, Xuc, Xuc
Xuc, Xuc, Xuc, Xuc, Xuc, Xuc, Xuc, Xuc, Xuc, Xuc, Xuc, Xuc, Xuc, Xuc, Xuc, Xuc, Xuc, Xuc, Xuc, Xuc, Xuc, Uu, Uu, Uu, Uu, Uu, Uu, Rb, Uu, Wwf, Wwf, Uu, Uu, Uh^Uf, Uh^Uf, Xuc, Xuc, Xuc, Xuc, Xuc, Xuc, Xuc, Xuc, Xuc, Xuc, Xuc, Xuc, Xuc, Xuc, Xuc, Xuc, Xuc
Xuc, Xuc, Xuc, Xuc, Xuc, Xuc, Xuc, Xuc, Xuc, Xuc, Xuc, Xuc, Xuc, Xuc, Xuc, Xuc, Xuc, Xuc, Xuc, Xuc, Uh^Uf, Uh, Uh, Uh, Uh, Uu, Xuc, Uu^Uf, Uu^Uf, Ur, Wwf, Ur, Ur, Uu, Xuc, Xuc, Xuc, Xuc, Xuc, Xuc, Xuc, Xuc, Xuc, Xuc, Xuc, Xuc, Xuc, Xuc, Xuc, Xuc, Xuc, Xuc
Xuc, Xuc, Xuc, Xuc, Xuc, Xuc, Xuc, Xuc, Xuc, Xuc, Xuc, Xuc, Xuc, Xuc, Xuc, Xuc, Xuc, Xuc, Xuc, Xuc, Xuc, Uh^Uf, Xuc, Xuc, Xuc, Xuc, Xuc, Xuc, Xuc, Xuc, Xuc, Wwf, Ur, Uu, Uu, Xuc, Xuc, Xuc, Xuc, Xuc, Xuc, Xuc, Xuc, Xuc, Xuc, Xuc, Xuc, Xuc, Xuc, Xuc, Xuc, Xuc
Xuc, Xuc, Xuc, Xuc, Xuc, Xuc, Xuc, Xuc, Xuc, Xuc, Xuc, Xuc, Xuc, Xuc, Xuc, Xuc, Xuc, Xuc, Xuc, Xuc, Xuc, Xuc, Xuc, Xuc, Xuc, Xuc, Xuc, Xuc, Xuc, Xuc, Uu^Uf, Wwf, Ur, Ur, Uu, Xuc, Xuc, Xuc, Xuc, Xuc, Xuc, Xuc, Xuc, Xuc, Xuc, Xuc, Xuc, Xuc, Xuc, Xuc, Xuc, Xuc
Xuc, Xuc, Xuc, Xuc, Xuc, Xuc, Xuc, Xuc, Xuc, Xuc, Xuc, Xuc, Xuc, Xuc, Xuc, Xuc, Xuc, Xuc, Xuc, Xuc, Xuc, Xuc, Xuc, Xuc, Xuc, Xuc, Xuc, Xuc, Xuc, Xuc, Xuc, Wwf, 1 Ur, Ur, Uu, Uh, Uh^Uf, Xuc, Xuc, Xuc, Xuc, Xuc, Xuc, Xuc, Xuc, Xuc, Xuc, Xuc, Xuc, Xuc, Xuc, Xuc
Xuc, Xuc, Xuc, Xuc, Xuc, Xuc, Xuc, Xuc, Xuc, Xuc, Xuc, Xuc, Xuc, Xuc, Xuc, Xuc, Xuc, Xuc, Xuc, Xuc, Xuc, Xuc, Xuc, Xuc, Xuc, Xuc, Xuc, Xuc, Xuc, Uh, Uu, Wwf, Ur, Ur, Uu, Uh, Xuc, Xuc, Xuc, Xuc, Xuc, Xuc, Xuc, Xuc, Xuc, Xuc, Xuc, Xuc, Xuc, Xuc, Xuc, Xuc
