border_size=1
usage=map

Gs^Fms, Gll^Fp, Gs, Re, Re, Rd, Rd, Re, Re, Re, Re, Re, Gd, Re, Gd, Hh, Hh, Hh, Hh, Gs^Fds, Hh^Fds, Gs, Hh, Hh^Fds, Hh^Fds, Gs^Fds, Gs, Gs^Fms, Gs, Gg, Gs, Gs^Fds, Gs^Fds, Gs^Fds, Gs^Fds, Gs^Fms, Gll^Fmw, Gs^Fms, Gll^Fp, Gs^Fds, Gs^Fds, Gll^Fmw, Gs^Fds, Gs^Fds, Hh^Fds, Gs, Gs^Fds, Gll^Fp
Gs^Fms, Gg, Gd, Gs, Gd, Re, Rd, Rd, Rd, Re, Rd, Re, Re, Gd, Gd, Gs, Gs, Hh, Gd, Hh, Gs, Gs, Gs, Gs, Hh^Fds, Hh^Fds, Hh^Fmw, Gs, Gs^Fds, Gs, Hh^Fmw, Gll^Fp, Gs^Fds, Hh, Gs, Gs^Fds, Hh^Fms, Gg, Gs^Fds, Gll^Fp, Gs^Fds, Gll^Fdw, Gs^Fds, Gll^Fp, Gll^Fp, Hh^Fds, Hh^Fp, Gs^Fds
Gs^Fms, Hh^Fms, Hh^Fds, Gd, Gd, Gd, Gd, Re, Re, Rd, Rd, Rd, Rb, Re, Gd, Gd, Gs, Gs, Hh, Gs, Hh, Gll^Fp, Gs, Gs^Fms, Gs^Fds, Gs^Fms, Gs, Gs, Gs, Gs, Gs, Hh^Fmw, Gs^Fds, Hh, Gs^Fds, Gs^Fds, Gs^Fds, Hh^Fds, Gll^Fp, Gs^Fms, Gg, Hh, Hh^Fds, Gs^Fds, Aa^Fma, Gs^Fds, Hh^Fds, Gs
Hh^Fms, Gs^Fms, Hh, Hh, Gs, Gs, Gd, Gd, Gd, Re, Re, Rd, Rb, Rb, Re, Gd, Gd, Gs, Gs, Hh, Gs^Fms, Gs, Gs^Fds, Gs, Hh^Fds, Gs^Fds, Gs, Hh^Fp, Gs, Hh^Fmw, Gg, Hh^Fds, Hh^Fds, Gs^Fds, Gs^Fms, Hh, Gs^Fds, Hh^Fms, Gll^Fdw, Gs^Fds, Aa^Fma, Gll^Fp, Gs^Fds, Gs^Fds, Gll^Fp, Gs^Fds, Hh^Fp, Hh^Fds
Hh, Gs^Fms, Gs^Fms, Gs^Fds, Hh^Fds, Hh, Hh, Gs, Gd, Re, Re, Rd, Rd, Rd, Rd, Re, Gd, Gd, Gd, Gd, Gd, Gs, Gll^Fdw, Gg, Gs^Fms, Gs^Fds, Gs, Hh^Fds, Gs^Fds, Gs, Hh^Fds, Gll^Fp, Hh^Fds, Gs^Fds, Gs^Fds, Hh^Fds, Hh^Fds, Hh^Fds, Gs^Fms, Hh^Fms, Gll^Fp, Gs^Fds, Gs^Fds, Gs^Fms, Hh^Fds, Hh^Fds, Gs, Gll^Fmw
Gs^Fms, Gs^Fms, Gs^Fms, Gg, Hh, Hh, Gs, Hh, Gg, Gd, Gs, Re, Re, Rb, Re, Re, Rd, Gd, Gs, Gd, Gs, Gs, Gs, Gs^Fds, Gs, Gs^Fms, Gs, Gs^Fds, Gs, Hh^Fds, Gg, Hh^Fp, Gll^Fp, Gs^Fds, Gg, Hh^Fds, Gll^Fdw, Gll^Fmw, Gs^Fds, Gll^Fp, Hh^Fds, Gll^Fp, Hh^Fds, Hh^Fms, Gs^Fds, Gll^Fp, Gs^Fds, Gll^Fp
Gg, Hh, Gg, Gg, Hh, Hh^Fmw, Hh, Gs^Fds, Gs, Gs, Gs, Re, Re, Rd, Rd, Rd, Re, Re, Rd, Gd, Gd, Gd, Gs, Gs, Gs, Gs, Gs, Gs, Gd, Gs, Gg, Gll^Fp, Gg, Gs^Fds, Gs^Fms, Gs^Fds, Hh^Fp, Hh^Fp, Hh^Fds, Gg, Gs^Fds, Hh^Fp, Hh^Fmw, Gs^Fds, Hh^Fds, Hh, Gll^Fp, Gs^Fds
Gg, Gll^Fmw, Gg, Hh^Fds, Gs^Fms, Gs^Fms, Hh, Hh, Gs^Fms, Gs, Gd, Gd, Gd, Re, Rd, Rb, Rd, Rb, Re, Rd, Re, Re, Re, Re, Rb, Gd, Rd, Gd, Gd, Gd, Gs^Fds, Gg, Gg, Gll^Fdw, Gs, Gs^Fds, Gll^Fp, Gs^Fds, Hh^Fds, Gs^Fds, Gs^Fds, Gll^Fp, Gs^Fds, Hh^Fds, Gs^Fds, Gll^Fp, Hh^Fds, Gll^Fp
Gs^Fms, Hh, Hh^Fms, Hh^Fms, Gs^Fms, Gs^Fms, Gs^Fms, Gs^Fds, Gs, Gs, Gll^Fp, Gd, Gs, Re, Re, Rd, Rb, Rb, Re, Rd, Rd, Rb, Re, Re, Re, Re, Rd, Re, Re, Gs, Gd, Gs, Gd, Gs^Fds, Gs, Gll^Fmw, Gs, Hh^Fms, Hh^Fds, Gs^Fms, Hh^Fms, Hh^Fdw, Gs, Gll^Fp, Hh, Gll^Fp, Gll^Fp, Hh^Fds
Hh^Fms, Hh^Fms, Hh^Fms, Gs^Fms, Gs^Fms, Hh^Fds, Hh^Fds, Hh^Fds, Gs, Hh^Fms, Gs, Gs, Gd, Gs, Gs, Rd, Re, Rd, Re, Rb, Rb, Re, Rd, Rd, Rd, Rd, Re, Re, Re, Re, Re, Gs, Re, Gs, Gg, Gs^Fds, Gs^Fds, Gs^Fds, Gg, Gs^Fms, Gs^Fms, Hh^Fds, Gs^Fms, Gs^Fms, Gs^Fds, Gll^Fp, Hh, Gs^Fds
Gs^Fms, Hh^Fms, Gg, Hh^Fms, Hh^Fds, Hh^Fms, Gs^Fds, Hh^Fds, Hh^Fds, Gs, Hh^Fds, Gg, Gg, Gs, Gs, Re, Rd, Rd, Rb, Re, Re, Rd, Re, Rd, Rd, Rd, Re, Rd, Re, Rd, Rd, Re, Re, Re, Re, Gs^Fds, Gs, Gs^Fds, Gs, Gs^Fms, Gs^Fms, Gs^Fds, Hh^Fds, Gs^Fms, Gs^Fms, Gs^Fds, Hh^Fds, Gs^Fds
Hh, Hh^Fms, Hh^Fmw, Gs^Fds, Hh^Fms, Gs^Fds, Gs^Fds, Gs, Gs^Fds, Gs, Gs, Gll^Fp, Gd, Gd, Re, Re, Re, Re, Re, Rb, Re, Re, Ket, Re, Ce, Rd, Ket, Rb, Rd, Rd, Rd, Re, Rd, Re, Rb, Re, Gg, Gs^Fds, Gs^Fds, Gs^Fms, Gs, Hh^Fms, Hh^Fms, Gg, Hh, Hh, Hh^Fms, Gs^Fms
Hh^Fds, Gs^Fms, Gs^Fds, Hh^Fds, Hh^Fds, Gs^Fms, Gs, Hh, Gs, Gd, Gd, Gg, Gd, Rb, Rd, Re, Rd, Re, Rb, Re, Ce, Ce, Ce, Ce, Ce, Ce, Ce, Ce, Ce, Re, Rd, Re^Vct, Re, Re, Re, Re, Rb, Re, Rb, Gs, Re, Gs, Hh, Hh, Hh^Fds, Gs^Fds, Gg, Gll^Fmw
Gs^Fms, Hh^Fds, Hh^Fms, Hh, Gs^Fds, Hh^Fds, Gs^Fds, Gs^Fds, Gd, Gg, Gd, Rd, Re, Re, Rd, Re^Vct, Re, Rd, Re, Ket, Ce, Rb, Ce, Re, Re, Rd, Ce, Rd, Ce, Ket, Rd, Re, Rd, Rd, Re, Rb, Rd, Rb, Re, Rb, Rd, Gd, Hh, Hh, Hh^Fds, Gs^Fms, Gll^Fp, Gs^Fds
Gs^Fms, Hh^Fms, Gs^Fms, Gs^Fms, Hh^Fds, Hh^Fds, Gs, Gs, Gd, Gd, Re, Rd, Rd, Re, Re, Re, Rd, Rd, Rd, Ce, Ce, Ce, Ce, Ket, 1 Ket, Ket, Ce, Ce, Ce, Ce, Rd, Rd, Re, Rd, Re, Rd, Re, Rb, Rd, Rd, Rb, Re, Gd, Hh^Fms, Hh^Fms, Gg, Gs^Fds, Gs^Fds
Gs, Gs^Fms, Gll^Fmw, Gs^Fms, Gs^Fms, Gs, Gs^Fds, Gs, Re, Re^Vct, Re, Rd, Rd, Re, Rd, Re, Ket, Ce, Ce, Ce, Ce, Rb, Ce, Ket, Rd, Ket, Ce, Rb, Ce, Ce, Ce, Ce, Ket, Rd, Rd, Ce, Ce, Ce, Ce, Rb, Re, Gd, Gd, Gs^Fms, Gs^Fds, Gs^Fds, Gg, Gg
Ww, Gg, Gg, Gs^Fds, Gs^Fds, Gs, Gll^Fmw, Gd, Re, Re, Ce, Ce, Ce, Re, Re, Rd, Re, Re, Rb, Ket, Ket, Ce, Ce, Re, Rd, Re, Ce, Ce, Ket, Ket, Rd, Re, Rb, Rb, Re, Ce, Ce, Ket, Ket, Ce, Re, Re^Vct, Gd, Hh^Fms, Hh^Fds, Hh^Fms, Gs^Fds, Gll^Fmw
Ww, Gs^Fds, Gg, Gll^Fp, Gg, Gs^Fms, Ce, Ce, Ce, Ce, Ket, Ce, Re, Rd, Rd, Re, Rd, Rd, Rd^Vct, Rb, Rb, Ket, Rb, Ce, Ce, Ce, Rb, Ket, Rd, Rd, Rb, Re, Gs^Fds, Re, Rb, Rd, Ce, Ket, Ce, Ce, Ce, Rd, Gd, Gs^Fds, Gll^Fp, Hh^Fds, Gs^Fms, Gll^Fp
Wo, Ww, Ww, Ww, Gg, Gll^Fmw, Ce, Ce, Ce, Ce, Ce, Ce, Rd, Re^Vct, Rb, Rd, Rb, Rb, Rb, Rd, Rb, Rd, Re, Ket, Rd, Ket, Rd, Rd, Re, Re^Vct, Gs, Gg, Gs^Fds, Rb, Rb, Re, Rd, Ce, Ce, Ce, Ket, Gd, Gs^Fms, Gll^Fp, Hh^Fds, Hh^Fdw, Gs^Fds, Gll^Fp
Ww, Wo, Wo, Ww, Wo, Ww, Ket, Ce, Ce, Gd, Gd, Gd, Gll^Fmw, Rb, Gg, Gs^Fms, Hh^Fds, Gs^Fms, Gs, Rb, Gd, Re, Gd, Re, Re, Re, Re, Re, Gll^Fp, Re, Gs, Gs, Gs, Gg, Re, Re^Vct, Rb, Re, Re, Ce, Gd, Gd, Gs^Fms, Gs^Fds, Hh^Fp, Gs^Fds, Gg, Gs^Fds
Wwf, Ww, Ww, Wo, Ww, Wo, Wo, Ww, Ww, Gs^Fds, Gs, Gll^Fmw, Gs^Fds, Gs, Gs^Fds, Gs^Fds, Hh^Fmw, Gs^Fds, Gs^Fds, Gs^Fms, Gs^Fds, Gs, Gs^Fds, Gd, Gs^Fds, Gs^Fds, Hh, Gg, Gg, Gg, Gg, Gll^Fp, Gg, Gs, Gs, Re, Gd, Rb, Gll^Fmw, Gd, Gll^Fmw, Gs^Fds, Gg, Hh^Fds, Gll^Fmw, Aa^Fma, Gs^Fds, Gs^Fds
Gs^Fds, Wwf, Wwf, Wwf, Wwf, Ww, Wwf, Wo, Wo, Ww, Ww, Gs, Gll^Fdw, Gs^Fms, Gs, Gg, Gs^Fds, Hh^Fds, Gs^Fms, Aa^Fma, Gs^Fds, Gg, Gg, Gs^Fds, Hh^Fdw, Gll^Fp, Hh, Gs^Fds, Gg, Gs, Gs^Fms, Gg, Gll^Fp, Gg, Gs^Fds, Gg, Gll^Fp, Gd, Gs^Fms, Gs^Fds, Gll^Fp, Gs^Fds, Hh^Fmw, Gs^Fds, Gs^Fms, Gs^Fds, Gs^Fds, Gs^Fds
Gs^Fms, Gg, Gg, Gs^Fds, Gs^Fds, Gg, Wwf, Ww, Ww, Wo, Ww, Gs^Fms, Gg, Hh^Fds, Hh, Gs^Fds, Gs, Hh^Fds, Hh^Fds, Gg, Gg, Gg, Aa^Fma, Gll^Fmw, Gs^Fds, Gs^Fds, Gs, Gs, Gs, Gs^Fds, Gs^Fds, Gg, Aa^Fma, Gg, Gll^Fp, Gs^Fds, Gs^Fds, Gs^Fds, Gll^Fp, Gs^Fms, Gs^Fds, Hh^Fds, Hh^Fms, Hh^Fms, Gs^Fds, Gll^Fmw, Gs^Fds, Gll^Fdw
Gll^Fmw, Hh^Fmw, Hh, Gs, Gg, Gs^Fms, Gs^Fds, Wwf, Wwf, Ww, Wwf, Ww, Gll^Fp, Gll^Fp, Gs^Fms, Gs, Gs, Gs^Fds, Hh^Fds, Gs^Fds, Gll^Fmw, Gs^Fds, Gg, Hh, Gg, Gll^Fp, Gs, Gs^Fds, Gs^Fms, Gg, Hh^Fms, Gll^Fp, Gs^Fms, Hh^Fds, Gll^Fdw, Gs^Fds, Hh^Fmw, Gg, Gll^Fmw, Hh^Fds, Gs^Fds, Hh^Fms, Hh^Fp, Gs^Fds, Hh^Fds, Hh^Fp, Gll^Fdw, Gs^Fds
Hh, Hh^Fms, Gs^Fms, Gll^Fmw, Hh^Fms, Gll^Fmw, Gs^Fms, Gs^Fds, Wwf, Wwf, Wwf, Ww, Ww, Gs, Gg, Hh^Fms, Gg, Gs^Fds, Gs^Fms, Hh^Fms, Hh^Fp, Gll^Fdw, Gll^Fmw, Hh^Fds, Gs^Fms, Gs, Gs, Hh, Gs^Fds, Gs^Fds, Gs, Gll^Fmw, Gg, Gs^Fds, Gs, Gs^Fds, Gs^Fds, Hh^Fds, Gs^Fds, Gs^Fds, Gs^Fds, Gll^Fmw, Gs^Fms, Hh^Fms, Hh^Fds, Gs^Fds, Gs^Fds, Gs^Fms
Hh^Fms, Gs^Fms, Cv, Gll^Fp, Gg, Hh^Fds, Hh^Fms, Gll^Fp, Gs^Fms, Wwf, Wwf, Wwf, Ww, Gs^Fds, Gs, Gs, Gs, Gll^Fmw, Gs^Ve, Gg, Gs^Fds, Gs^Fds, Gg, Hh^Fp, Gs, Gs, Gs^Fms, Hh^Fmw, Hh^Fds, Gs^Fms, Gg, Gg, Gg, Gg, Gs^Fds, Gs, Gs^Fds, Hh^Fp, Hh^Fds, Hh^Fp, Gs^Fms, Gll^Fp, Gg, Hh^Fds, Hh^Fp, Gg, Gs^Fms, Gs^Fms
Hh^Fds, Gs^Fds, Kv, Gs^Fds, Gs^Fds, Hh^Fms, Hh, Gg, Gs^Fds, Gs, Wwf, Wwf, Wwf, Gs^Fds, Gs^Fds, Hh^Fds, Gs^Fds, Gs, Gg, Gs, Cv, Gg, Cv, Gll^Fp, Gll^Fmw, Gg, Gll^Fdw, Hh, Gg, Gs^Fds, Gg, Gg, Gg, Gg, Gs, Gs, Gs^Fds, Hh^Fds, Hh^Fds, Gs^Fms, Gs^Fds, Cv, Cv, Hh^Fms, Gs^Fds, Gs^Ve, Gs^Fds, Gs^Fds
Hh^Fms, Hh^Fmw, 3 Kv, Gs^Fds, Gs^Fds, Hh, Hh^Fp, Hh, Gll^Fmw, Gs^Fds, Gs, Wwf, Wwf, Ww, Gs^Fms, Hh^Fp, Gs^Fms, Gs^Fds, Gg, Gs, Cv, 2 Kv, Cv, Gll^Fp, Gs^Fds, Gg, Gs, Gs, Gg, Gg, Gg, Gg, Gs^Fds, Gll^Fp, Gs^Fds, Gs^Fds, Gs^Fds, Gs^Fds, Gs^Fms, Gs^Fds, Cv, Cv, Cv, Gs^Fms, Hh^Fds, Gll^Fdw, Gs^Fds, Gs^Fds
Hh^Fp, Hh^Ve, Kv, Cv, Gs^Fds, Gg, Hh, Hh^Fms, Hh^Fms, Gs^Fds, Gs, Wwf, Wwf, Wwf, Ww, Gs, Gs^Fds, Gg, Gs^Fds, Gs^Fds, Gll^Fp, Cv, Gs^Fds, Gs, Gs^Fds, Hh, Gs, Gs^Fds, Gg, Gs, Gg, Gs, Gll^Fmw, Gs^Fds, Gg, Gs^Fds, Gs^Fds, Gs, Hh^Fp, Gll^Fp, Cv, Kv, Cv, Gs^Fds, Hh^Fp, Gs^Fds, Gs^Fds, Gll^Fp
Hh^Fms, Hh^Fds, Cv, Cv, Cv, Gs^Fds, Gs^Fms, Hh^Fp, Hh, Gll^Fmw, Gs^Fds, Wwf, Wwf, Wwf, Ww, Gg, Gg, Gs, Gs, Gll^Fdw, Gs^Fds, Gs^Fms, Gs^Fms, Gs^Fms, Hh^Fms, Hh, Gs, Gg, Gs^Fds, Gg, Gs, Gs, Gll^Fmw, Gs^Fds, Gs^Fds, Gll^Fmw, Hh^Fds, Hh^Fms, Gs^Fds, Gs^Fds, Cv, 4 Kv, Cv, Gs^Fds, Hh^Fds, Gg, Gll^Fdw, Gs^Fds
Gg, Hh^Fds, Gll^Fp, Kv, Kv, Gll^Fp, Gs^Fds, Hh^Fmw, Gs^Fms, Gll^Fmw, Gs, Gs^Fds, Wwf, Ww, Wo, Ww, Gg^Ve, Gs^Fds, Gs^Fms, Gs^Fds, Hh, Hh^Fds, Gg, Gs^Fds, Hh^Fds, Gg^Ve, Gs, Gg, Gs^Fds, Gs^Fds, Gs^Fds, Gll^Fp, Gll^Fmw, Hh^Fds, Hh^Fp, Hh^Fds, Gs^Fds, Gs^Fds, Cv, Cv, Kv, Kv, Cv, Aa^Fma, Gs^Fds, Gs^Fds, Gs, Gll^Fp
Gs^Fms, Gll^Fp, Gs, Cv, Cv, Kv, Cv, Gs^Fms, Gg, Gg, Gs^Fms, Gs, Gs, Ww, Wo, Ww, Ww, Gs, Gg, Gs^Fds, Gg, Gs^Fds, Gg, Hh^Fds, Gg, Gg, Gs, Gs, Gs^Fms, Gs, Gs^Fds, Hh^Fds, Gg, Gs, Gs^Fms, Gll^Fp, Gs^Fds, Gs^Fds, Cv, Kv, Cv, Cv, Gg, Gll^Fdw, Hh^Ve, Gll^Fdw, Gs^Fds, Gs^Fds
Gg, Hh, Gs^Fds, Gs^Fms, Gll^Fmw, Cv, Gll^Fmw, Gs^Fds, Gs^Fds, Gll^Fp, Hh^Fds, Gs^Fds, Gs^Fms, Ww, Ww, Wo, Wo, Ww, Gs^Fms, Gg, Gs^Fms, Gs, Gs, Hh^Fms, Gg, Gg, Gs, Gs, Gs^Fds, Gll^Fp, Hh^Fds, Hh^Fds, Gll^Fp, Gs^Fds, Gll^Fmw, Gs, Gll^Fmw, Cv, Cv, Cv, Gs^Fms, Gs^Fds, Gll^Fp, Gll^Fdw, Gs^Fds, Hh^Fds, Gs^Fds, Gs^Fds
Hh, Gs, Gs^Fms, Gg^Ve, Gs^Fds, Gs^Fds, Gg, Hh^Fp, Gs^Fms, Gs^Fms, Hh^Fp, Gs^Fms, Gs^Fms, Gs^Fds, Gs, Ww, Ww, Ww, Ww, Gg, Gg, Gg, Gs, Gs^Fms, Gs, Gs, Gs^Fds, Gs^Fds, Hh^Fds, Hh^Fp, Gs^Fds, Gs^Fds, Gs, Gll^Fp, Gs^Fds, Gs^Fds, Gg, Gs^Fds, Gs^Fds, Gs^Fds, Gs^Fms, Gs, Gs^Fds, Gs^Fms, Hh^Fds, Hh^Fds, Gs^Fds, Gs^Fds
Gs^Fms, Gs, Gg, Gs, Gg, Gs^Fds, Gs^Fms, Gg^Ve, Gs^Fds, Hh^Fds, Gs^Fds, Hh, Gll^Fmw, Gll^Fmw, Gs^Fds, Wwf, Ww, Wo, Wo, Ww, Ww, Gs^Fds, Gs, Gs, Gs^Fds, Gg, Gll^Fp, Gs^Fds, Gs^Fds, Hh^Fmw, Gs^Fds, Gs^Fds, Hh^Fds, Hh^Fp, Hh^Fds, Gs^Fds, Gs^Fds, Gll^Fmw, Gs^Fds, Gs^Ve, Hh^Fp, Gs^Fds, Gg, Gll^Fdw, Hh^Fds, Gs^Fds, Gll^Fp, Gll^Fmw
Hh^Fds, Gs^Fms, Gg, Gg, Gs, Gs^Fms, Gs, Gs^Fms, Gll^Fmw, Gs^Fms, Gll^Fp, Hh^Fmw, Hh^Fp, Gs^Fms, Gs, Gll^Fp, Gg, Ww, Ww, Wo, Wo, Ww, Ww, Gs, Gs^Fds, Aa^Fma, Gg, Gg, Gs^Fds, Gg, Gs, Gs^Fds, Gs^Fds, Gs^Fds, Gs^Fds, Hh^Fms, Gll^Fdw, Hh^Fds, Hh^Fds, Hh^Fds, Gll^Fp, Hh^Fds, Gs^Fds, Gll^Fp, Hh^Fdw, Hh^Fds, Gs^Fds, Gs^Fds
Gll^Fp, Gg, Gg, Gg, Gs^Fds, Gs, Gs^Fds, Gs, Hh^Fds, Gs^Fms, Gs^Fds, Gs^Fds, Gs^Fds, Hh^Fms, Gs^Fms, Gs^Fds, Gll^Fp, Gs^Fds, Gs^Fms, Ww, Ww, Wo, Ww, Gs, Gg, Gll^Fp, Gg, Gll^Fp, Gs, Gs^Fds, Gll^Fp, Gs^Fms, Gll^Fmw, Hh^Fds, Gs^Fms, Hh^Fms, Hh^Fds, Hh^Fds, Hh, Hh^Fds, Gs^Fds, Hh^Fds, Hh^Fds, Hh^Fp, Hh^Fds, Gll^Fp, Gll^Fp, Gs^Fds
Gs^Fds, Hh^Fms, Gs^Fds, Gs^Fds, Gs, Gs, Gs^Fds, Gs^Fms, Hh^Fds, Hh, Gll^Fmw, Hh^Fmw, Gs, Gll^Fmw, Hh^Fms, Gs^Fms, Gs^Fds, Gg, Gs^Fms, Gll^Fp, Ww, Wo, Ww, Wwf, Wwf, Gs, Gs, Gll^Fp, Gll^Fp, Gs^Fds, Gs, Gs^Fms, Gs^Fms, Gll^Fmw, Gs^Fds, Gs, Gll^Fp, Gs^Fds, Gll^Fp, Hh^Fds, Hh^Fdw, Gs^Fds, Gs^Fds, Gll^Ve, Hh^Fms, Hh^Fds, Gs^Fds, Gg
Gs^Fms, Gs, Hh, Gs^Fms, Gs, Gg, Gs^Fms, Gll^Fmw, Gll^Fmw, Gs^Fds, Gs^Fds, Gs^Fds, Gs, Hh^Fp, Hh^Fp, Gs^Fds, Hh^Fds, Gs^Fds, Gs^Fds, Gg, Gs^Fms, Ww, Wwf, Wwf, Ww, Wwf, Wwf, Gg, Wwf, Gg, Gs, Gg, Gs, Gs, Gs, Gll^Fp, Gs, Gs, Gs, Gs^Fms, Hh, Hh^Fp, Gll^Fmw, Gs^Fds, Gs^Fms, Hh^Fds, Gs^Fds, Gs^Fds
Gs^Fds, Gs, Gs^Fms, Hh, Gll^Fdw, Gg, Gs, Gll^Fdw, Gs, Gs^Fds, Hh^Fds, Gs^Fds, Hh^Fp, Gs^Fds, Hh, Hh^Fds, Hh, Gll^Fmw, Gll^Fp, Gg, Gg, Gg, Gg, Wwf, Ww, Wwf, Wwf, Wwf, Wwf, Wwf, Wwf, Gs^Fds, Wwf, Gll^Fp, Wwf, Wwf, Wwf, Gg, Gs, Gs^Fds, Gs, Hh, Hh, Hh^Fp, Hh^Fmw, Hh^Fds, Gll^Fp, Gs^Fms
Gs^Fms, Gs^Fms, Hh^Fds, Hh^Fmw, Gs^Fms, Gll^Fp, Gll^Fmw, Gs^Fds, Gs^Fds, Gll^Fp, Hh^Fds, Gg, Gs^Fds, Hh^Fms, Gll^Fp, Gs^Fds, Hh, Hh^Fmw, Gll^Fp, Gll^Fp, Gll^Fp, Gs^Fds, Gs^Fds, Gg, Gs^Fds, Ww, Wwf, Wwf, Ww, Ww, Wwf, Wwf, Wwf, Wwf, Wwf, Wwf, Ww, Wwf, Ww, Gll^Fdw, Gs, Gs^Fds, Hh, Gll^Fp, Gs^Fds, Hh^Fp, Gs^Fds, Gs^Fds
Gs^Fds, Gs, Gs^Fds, Gs^Fds, Gs^Fms, Gg, Gg, Gs^Fds, Gll^Fp, Gs^Ve, Gs^Fms, Hh, Gs^Fds, Gg, Gs^Fms, Hh^Fds, Hh^Fds, Hh^Fp, Gll^Fp, Hh^Fds, Hh^Fp, Gll^Fp, Kv, Kv, Cv, Gs^Fms, Gll^Fp, Gg, Gg, Wwf, Ww, Wwf, Wwf, Ww, Ww, Ww, Ww, Ww, Wo, Ww, Ww, Gg, Gs^Fds, Hh, Gs^Fds, Gll^Fp, Gs^Fds, Gs^Fds
Hh, Gs^Fms, Gs^Fms, Hh^Fds, Hh^Fds, Gs^Fds, Gll^Fp, Gg, Gll^Fp, Hh^Fds, Gs^Fds, Gs^Fds, Gs^Fds, Gll^Fmw, Gs^Fds, Gs^Fms, Gs^Fds, Gs, Gs^Fds, Gg, Gs^Fds, Gll^Fp, Cv, Cv^Fds, Cv, Cv, Cv, Gll^Fp, Gs^Fds, Gs^Fms, Gll^Fp, Gs^Fds, Gs^Fds, Gg, Gg, Gs, Gs, Ww, Ww, Wo, Ww, Gg, Gg, Gg, Hh^Fmw, Gs^Fds, Gs, Gs^Fds
Hh, Gg, Gs, Gs^Fms, Gs^Fds, Hh^Fp, Gll^Fmw, Gg, Gg, Gs^Fds, Gs^Fds, Gll^Fp, Hh^Fp, Gs^Fds, Hh^Fms, Hh^Fds, Gs^Fds, Gs^Fms, Gll^Fp, Hh^Ve, Gll^Fp, Gs^Fds, Cv, Cv, 5 Kv, Kv, Cv, Cv, Kv, Gs, Gs^Fms, Gs^Fds, Gll^Fmw, Gs^Fms, Gll^Fp, Gg, Gs^Fds, Gg, Gs, Wo, Wo, Ww, Ww, Gs, Gll^Fmw, Aa^Fma, Gll^Fmw, Gs^Fds
Gll^Fmw, Hh, Gs, Gll^Fmw, Gll^Fp, Hh^Fms, Gll^Fp, Gs^Fds, Gs, Gg, Gll^Fp, Gs^Fds, Gs^Fds, Hh^Fds, Gs^Fds, Gll^Fp, Hh, Aa^Fma, Gs^Fds, Hh^Fms, Hh^Fds, Gll^Fp, Cv, Kv, Kv, Kv, Cv, Cv^Fds, Kv, Gs^Fds, Gg, Gll^Fp, Gs^Fds, Gs^Fds, Gs^Fds, Gs^Fds, Gs, Gs^Fds, Gll^Fp, Ww, Ww, Wo, Ww, Gg, Gs^Fds, Hh^Fds, Gll^Fp, Gs^Fds
Gs^Fms, Hh, Gg, Gs, Gs^Fms, Gll^Fp, Hh^Fds, Hh^Fds, Gll^Fmw, Gll^Fmw, Gs^Fds, Hh^Fms, Gs^Fds, Hh^Fp, Gll^Fmw, Gs, Gs^Fds, Hh, Hh^Fp, Hh^Fp, Gll^Fp, Gs^Fds, Cv, Cv, Cv, Kv, Cv, Cv, Gs^Fds, Gg, Gs^Fms, Gs^Ve, Gs, Gg, Gll^Fp, Gll^Fdw, Hh^Fp, Gs^Fds, Hh^Fds, Gs, Ww, Wo, Wo, Ww, Gg, Hh^Fds, Gll^Fdw, Gs^Fds
Gs^Fms, Gs^Fms, Hh^Fds, Gs^Fds, Gll^Ve, Gs^Fms, Gll^Fmw, Hh^Fds, Hh^Fms, Hh^Fms, Gll^Fmw, Hh^Fds, Hh^Fds, Gg, Gll^Fp, Gs^Fms, Gs^Fms, Gg, Hh, Hh^Fds, Gg, Gll^Fp, Kv, Cv^Fds, Cv, Cv, Gs^Fds, Gll^Fp, Gs^Fds, Gll^Fp, Gs^Fds, Gs^Fds, Gs^Fds, Hh^Fds, Hh^Fp, Hh^Fms, Hh^Fms, Hh^Fds, Gs^Fds, Gs^Fds, Gs, Ww, Wo, Ww, Gg, Gs^Fds, Gll^Fp, Gs^Fds
Gll^Fmw, Gs^Fms, Gs, Hh^Fp, Hh^Fds, Hh^Fds, Gs^Fms, Gll^Fp, Gll^Fp, Gs^Fds, Hh^Fds, Gg, Gll^Fp, Gg, Gs, Hh^Fmw, Hh^Fp, Gs^Fms, Gs^Fds, Gs^Fds, Gg, Gs, Gs^Fds, Kv, Gs, Gs^Fds, Gll^Fp, Gs^Fms, Hh^Ve, Gll^Fdw, Gll^Fp, Hh^Fp, Gll^Fp, Gg, Gll^Fp, Hh^Fdw, Gs^Fms, Aa^Fma, Gll^Fp, Gs^Fds, Gs^Fds, Ww, Wo, Ww, Gs^Fms, Gs^Fds, Gll^Ve, Gs^Fds
Hh^Fds, Gs^Fms, Gll^Fmw, Gs^Fms, Gs^Fds, Gs^Fds, Gs, Gs, Gs^Fms, Gll^Fp, Gs^Fds, Gll^Fmw, Gll^Fmw, Gg, Gs^Fds, Hh^Fmw, Hh^Fds, Hh^Fds, Gs^Ve, Gs^Fds, Gll^Fp, Gs^Fds, Gs^Fds, Gll^Fp, Gg, Gs^Fds, Hh^Fp, Hh^Fmw, Hh, Hh, Gg, Gg, Gg, Hh^Fms, Hh^Fms, Hh^Fds, Hh^Fms, Gs^Fds, Gs, Gs^Fds, Gll^Fdw, Ww, Ww, Ww, Gll^Fp, Gg, Gs^Fds, Gs^Fds
Gs, Hh^Fms, Gs^Fds, Gs, Gs^Fms, Gs^Fms, Gs, Gs, Gg, Gs^Fms, Gg, Gll^Fp, Gs, Gs^Fds, Gg, Gll^Fp, Gs^Fms, Gs^Fds, Hh^Fds, Hh^Fds, Hh^Fds, Gll^Fp, Gs^Fms, Gs^Fds, Gs, Gs^Fds, Gll^Fp, Gg, Gg, Hh^Fp, Gs^Fds, Gll^Fmw, Gs^Fms, Gs^Fds, Hh^Fds, Hh^Fms, Hh^Fds, Gs^Fds, Gs^Fds, Gll^Fdw, Ww, Ww, Wwf, Ww, Gg, Gll^Fdw, Gll^Fmw, Gs^Fds
Gs^Fds, Hh^Fms, Gs^Fms, Gs^Fds, Gs, Gs^Fms, Gg, Gs^Fds, Gs^Fds, Gll^Fp, Gg, Gg, Gll^Fmw, Gg, Gll^Fp, Gll^Fmw, Gs, Hh^Fms, Gs^Fms, Hh^Fds, Gs^Fds, Gs^Fds, Gg, Gll^Ve, Gs^Fds, Gs^Fds, Gs, Gll^Fp, Gll^Fp, Hh^Fds, Gs^Fds, Gs, Hh^Fds, Hh^Fp, Gs^Fds, Gll^Fp, Gs^Fms, Gll^Fp, Gll^Fp, Gg, Ww, Ww, Wwf, Ww, Gg, Gs^Fds, Gll^Fp, Gs^Fms
Gs^Fms, Gg, Gs, Gs^Fms, Cv, Cv, Cv, Cv, Cv, Gs^Fds, Gs^Fds, Gs^Fms, Hh^Fms, Gs^Fms, Gg, Gs^Fds, Gll^Fp, Gll^Fdw, Gs^Fds, Gs^Fms, Gs, Gs, Gs, Gs^Fms, Gs^Fds, Gll^Fdw, Gs^Fds, Gs^Fds, Gs^Fds, Gs^Fms, Hh^Fds, Gs^Fds, Gs^Fds, Gll^Fp, Gs^Fds, Gll^Fdw, Gs, Gs^Fds, Gs^Fds, Gs^Fds, Wwf, Wwf, Wwf, Gs, Gs, Gll^Fdw, Gs^Fds, Gs^Fds
Gs^Fms, Gs^Ve, Gll^Fmw, Gs^Fms, Cv, Cv^Fds, Kv, Cv^Fds, Cv, Gs^Fms, Gll^Fdw, Hh^Fds, Gll^Fmw, Gs, Gg, Gg, Gs^Fms, Gg, Gg, Gs^Fms, Gs^Fds, Gs^Fms, Gll^Fp, Gs^Fds, Hh^Fmw, Hh^Fmw, Hh^Fms, Gll^Fp, Gs^Fds, Gs^Fds, Gs^Fds, Gll^Fp, Gs, Gll^Fdw, Gs, Gs, Gs^Fds, Gs^Fds, Gg, Ww, Ww, Ww, Gs, Gs, Gs^Fds, Gs^Fds, Hh, Gs^Fds
Gll^Fp, Gg, Gg, Cv, Cv^Fds, Kv, Cv^Fds, 6 Kv, Cv^Fds, Cv, Gg, Gg, Gs^Fds, Gg, Gg, Gs^Fds, Gs^Fms, Gll^Fp, Gll^Fp, Gll^Fp, Gg, Gll^Fmw, Gs^Fds, Gs^Fms, Gs^Fds, Gs^Fds, Hh^Fds, Gs, Hh^Fds, Hh, Gs^Fds, Gs, Gs^Fds, Gs, Gs, Gll^Fp, Gs^Fms, Gs, Wwf, Wwf, Wwf, Wwf, Gg, Gs, Gs^Fds, Gs, Hh^Fds, Gll^Fp
Gg, Gg, Gs^Fds, Cv, Cv, Kv, Kv, Kv, Cv, Cv, Gll^Fp, Gll^Fp, Gg, Gg, Gs^Fms, Gll^Fp, Gs^Fds, Gg, Gs^Fms, Gs^Fms, Gs^Fds, Gs^Fds, Gg, Hh^Fmw, Gs^Fds, Gs^Fds, Gs^Fds, Hh^Fds, Gs^Fms, Hh^Fds, Gs^Fds, Gs, Gs^Fds, Gs, Gs, Gs^Fds, Wwf, Ww, Wwf, Wwf, Wwf, Wwf, Gs^Fds, Gg, Hh^Fp, Hh^Fds, Hh^Fp, Gll^Fp
Gll^Fmw, Gs^Fds, Gs^Ve, Gs^Fds, Cv, Cv^Fds, Cv, Cv^Fds, Cv, Gs^Fds, Gs^Fds, Gs^Fms, Gg, Gs^Fms, Gs^Fms, Gs^Ve, Gs^Fds, Gs^Fds, Gll^Fp, Gg, Hh^Fms, Hh^Fds, Gs, Gs^Fds, Gg, Gll^Fp, Gg, Gll^Fp, Gs^Fms, Gs, Gs^Fds, Gs^Fds, Gg, Gs, Ww, Wwf, Wwf, Wwf, Ww, Wwf, Gg, Gg, Gll^Fp, Gs^Fms, Gg^Ve, Gs^Fds, Gg, Gg
Gs^Fds, Gs^Fms, Gg, Gs^Fds, Gs^Fds, Cv, Gs^Fds, Cv, Gs^Fds, Gs^Fds, Gs^Fds, Gll^Fp, Gs^Fds, Gll^Fmw, Hh, Gs^Fds, Hh^Fp, Gs^Fms, Gs^Fds, Gs^Fds, Hh^Fds, Hh, Gg, Gs^Fds, Gg, Gg, Gs^Fds, Gg, Gs^Fds, Gs^Fds, Gs^Fds, Gs^Fds, Gg, Ww, Ww, Wwf, Ww, Wwf, Gg, Gg, Hh^Fds, Gs^Fds, Hh^Fp, Hh^Fds, Gll^Fp, Gg, Gs^Fds, Gs^Fds
Gll^Fp, Hh^Fds, Hh^Fds, Gs^Fds, Gs^Fds, Gs, Gs^Fds, Gll^Fp, Gs^Fms, Gs, Gg, Gg, Gg, Gll^Fp, Hh^Fds, Gll^Fp, Gs^Fds, Gs^Fds, Gll^Fp, Hh^Fds, Gg, Gs^Fms, Gs^Fds, Hh^Fds, Gg, Hh, Hh^Fds, Gg, Gg, Gs^Fds, Gg, Gs, Ww, Ww, Wo, Ww, Gs, Gg, Gs^Fds, Gll^Fp, Gs, Gs^Fds, Gs^Fds, Gs^Fds, Gll^Fp, Hh, Hh^Fp, Hh^Fds
Gs^Fds, Hh^Fp, Gs^Fds, Hh^Fms, Gll^Fp, Gs^Fds, Gs^Fms, Gll^Fp, Gs^Ve, Gs^Fms, Gg, Gs^Fds, Gll^Fp, Gs^Fms, Gs^Fds, Gg, Gll^Fp, Gs^Fds, Gs^Fds, Hh, Hh^Fms, Hh^Fp, Gg^Ve, Gs^Fds, Gg, Gs^Fds, Gg, Gg, Gs^Fds, Gs^Fds, Gs, Gg, Ww, Wo, Ww, Ww, Gg, Gg, Hh, Hh^Fds, Gg, Gs^Fds, Kv, Kv, Kv, Gs, Hh^Fp, Hh^Fms
Gll^Fp, Hh^Fds, Gs^Fds, Gs^Fds, Hh^Fds, Gg, Gg, Gll^Fp, Gs^Fms, Gs^Fds, Gs, Gs^Fds, Gs^Fds, Aa^Fma, Gs^Fms, Gs^Fds, Gs^Fds, Gs^Fds, Gs, Gs^Fds, Gs^Fds, Hh^Fds, Hh^Fds, Hh^Fp, Hh^Fds, Gg, Gs^Fds, Gs^Fms, Gll^Fp, Gll^Fp, Ww, Ww, Wo, Ww, Gs^Fds, Gs^Fms, Hh^Fp, Hh^Fds, Gll^Fp, Gs^Fds, Gs, Cv, Cv^Fds, Cv^Fds, Kv, Hh^Fmw, Gs^Fms, Hh
Gg, Hh^Fds, Gg, Gg, Aa^Fma, Gs^Fms, Hh, Gs^Fds, Gs^Fms, Gs, Gg, Gs^Fds, Gll^Fp, Gg, Hh^Fds, Hh^Fms, Gs^Fms, Gs^Fds, Gll^Fp, Gg, Gll^Fp, Gg, Gs^Fds, Hh^Fds, Gs^Fds, Gs^Fds, Gs, Gll^Fp, Ww, Ww, Wo, Wo, Ww, Ww, Gs^Fms, Hh^Fp, Gs^Fds, Gs^Fds, Cv, Gs^Fds, 7 Kv, Cv, Cv, Kv, Gg, Hh^Fds, Hh, Hh^Fds
Gll^Fmw, Gs^Fms, Gll^Fp, Gs^Fds, Gs^Fds, Gs^Fds, Gs^Fds, Hh^Fds, Hh, Gs^Fms, Gs^Fms, Hh^Fds, Hh^Fms, Gs^Fms, Gs^Fds, Gs^Fds, Gg, Gg, Gs^Fds, Gg, Gs^Fds, Gs^Fds, Gs^Fms, Gll^Fp, Gg, Gs^Fds, Gs^Fds, Gs^Fds, Ww, Wo, Ww, Ww, Gs^Fds, Gg, Hh^Fmw, Hh^Fds, Kv, Kv, Cv^Fds, Cv, Cv^Fds, Cv^Fds, Kv, Cv, Gll^Fp, Hh^Fp, Hh^Fds, Gs^Fds
Gg, Hh^Fds, Gg, Gs^Fms, Hh^Fmw, Gg, Hh^Fds, Hh^Fds, Gs^Fms, Gs^Fds, Gll^Fmw, Hh^Fms, Gll^Fmw, Gs^Fds, Gs^Fms, Gs^Fms, Gs^Fms, Gll^Fp, Ww, Gs^Fms, Gs^Fds, Gs^Fms, Gs^Fds, Gg, Ww, Ww, Ww, Ww, Wo, Ww, Gs^Fds, Gs, Gg, Gs^Fds, Hh^Fds, Gs^Fds, Kv, Cv^Fds, Kv, Cv, Kv, Cv^Fds, Kv, Gg, Gll^Fp, Gs^Fds, Hh^Ve, Gs^Fds
Gll^Fp, Hh^Fds, Gs^Fds, Gs^Fds, Gs^Fds, Hh^Fds, Gs^Fds, Gg, Gs^Fds, Hh^Fmw, Gg, Gs^Fms, Gll^Fp, Gs^Fds, Ww, Gs^Fds, Ww, Ww, Wo, Ww, Ww, Gg, Ww, Ww, Wo, Wo, Wo, Wo, Ww, Ww, Gs, Gll^Fp, Hh^Fds, Hh, Gg, Gs^Fms, Gs, Kv, Gs^Fds, Cv, Gs^Fds, Kv, Gg, Gs^Fds, Gg, Hh^Fms, Hh^Fds, Hh
Gs^Fds, Hh^Fds, Gg, Gll^Fp, Gs, Gs, Gs^Fms, Hh^Fmw, Gg, Gs^Fds, Gs^Fms, Gll^Fp, Gg, Ww, Wo, Ww, Wo, Wo, Ww, Wo, Wo, Ww, Wo, Wo, Ww, Ww, Ww, Ww, Gs, Gs, Gg, Hh^Fp, Hh^Ve, Gs^Fds, Gs^Fds, Gs^Fds, Gs^Fds, Gg, Gg, Gs^Fds, Gs^Fds, Gll^Fp, Gs^Fds, Gs^Fds, Aa^Fma, Gs^Fds, Hh^Fp, Hh
Gs^Fds, Gg, Gs^Fds, Gs^Fds, Gs^Fds, Hh, Gs^Fds, Gs^Fds, Gg, Gs^Fds, Ww, Ww, Ww, Ww, Ww, Ww, Ww, Ww, Gll^Fp, Ww, Ww, Ww, Ww, Ww, Gg, Gs^Fds, Gg, Gg, Aa^Fma, Gll^Fmw, Gs^Fms, Gs^Fds, Gs^Fds, Gg, Gs^Fds, Gs^Fds, Hh^Fds, Gll^Ve, Gs^Fms, Gs^Fds, Aa^Fma, Gg, Gll^Ve, Gll^Fp, Gll^Fp, Hh^Fmw, Gll^Fp, Gs
Gs^Fds, Gs^Fds, Gs^Fds, Hh, Gs^Fds, Gg, Gg, Gs^Fds, Gg, Gg, Ww, Wo, Ww, Gll^Fp, Gll^Fp, Gs^Fds, Kv, Gll^Fp, Cv, Gs^Fms, Gll^Fp, Gll^Fp, Gg, Gs^Fms, Gs^Fds, Gs^Fds, Gs^Fds, Gs^Fds, Gs^Fds, Aa^Fma, Gs^Fms, Gg, Gs, Gll^Fp, Hh, Gs^Fds, Hh^Fds, Gll^Fp, Gll^Fp, Gs^Fds, Hh, Gg, Hh^Fds, Hh^Fds, Hh, Gs^Fms, Gs^Fds, Hh
Gg, Gs, Gs^Fds, Gs^Fms, Gg, Gs^Fms, Gg, Gll^Fp, Ww, Ww, Wo, Ww, Gs^Fds, Gs^Fds, Gll^Fp, Gg, Cv, Cv, Cv, Gs, Gg, Gs^Fms, Aa^Fma, Gg, Gs, Gs^Fds, Gs^Fds, Gg, Gg, Gs^Fms, Gll^Fmw, Gs^Fds, Hh, Gs^Fds, Hh, Hh^Fms, Gg, Gs^Fds, Gg, Gs^Fds, Gg, Gs^Fds, Gg, Aa^Fma, Hh^Fds, Gs^Fds, Hh^Fds, Hh
Gll^Fp, Gll^Fp, Gg, Hh^Fds, Gg, Gs^Fds, Gs^Fds, Gll^Fmw, Ww, Wo, Ww, Gll^Fp, Hh^Fms, Kv, Cv, Kv, Kv, Cv^Fds, Cv, Kv, Gg, Gs^Fds, Gs^Fms, Gs^Fds, Gs^Ve, Gs, Gs^Fms, Gll^Fp, Gs, Hh^Fp, Gs^Fds, Hh^Fp, Gs^Fds, Gs^Fds, Hh^Fds, Gs^Fms, Gs^Fms, Hh^Fmw, Gs^Fms, Hh^Fms, Gs^Fds, Hh^Fds, Hh^Fmw, Hh^Fds, Gs^Fds, Gs^Fds, Hh^Fds, Hh
Gs^Fms, Gs^Fds, Gll^Fp, Hh, Gg, Gg, Aa^Fma, Gll^Fmw, Ww, Wo, Ww, Hh^Fmw, Cv, Cv, Cv^Fds, Kv, Cv^Fds, 8 Kv, Kv, Gll^Fp, Gg^Fms, Hh^Fms, Hh^Fms, Gs^Fds, Hh^Fp, Gs^Fds, Hh, Gs^Fds, Gll^Fp, Hh, Gs^Fms, Gg, Aa^Fma, Gs, Gs^Fds, Gs^Fds, Gs^Fds, Hh^Fp, Gs, Gs^Fds, Gs^Fds, Hh, Gg, Gg, Gg^Fet, Gll^Fmw, Gs^Fds, Gll^Fp
Gs^Fds, Gg, Gs^Fms, Gg, Gll^Fp, Gs, Gs^Fds, Ww, Wo, Ww, Hh^Fds, Hh^Fp, Hh^Fp, Cv, Cv, Kv, Kv, Kv, Cv, Aa^Fma, Gg, Gs^Fms, Gs, Gg^Fms, Gs^Fds, Hh^Fds, Gs^Fds, Hh^Fp, Hh^Fms, Gs^Fds, Gg, Gll^Fmw, Gg^Fet, Gs^Fds, Gs^Fds, Gs^Fds, Hh^Fds, Gg, Gs^Fds, Gs^Fms, Hh^Fms, Gll^Fp, Gll^Fp, Gs^Fds, Gs, Gg^Ve, Gs^Fds, Gll^Fp
Gs^Fds, Gs^Fds, Gll^Fp, Gs^Fds, Gs^Fds, Gll^Fmw, Ww, Ww, Ww, Ww, Hh, Hh, Gs^Fds, Kv, Gg, Kv, Cv, Cv^Fds, Cv, Kv, Gs^Fds, Gs^Fms, Hh^Fms, Hh^Fds, Hh^Fp, Hh^Fp, Gs^Fds, Hh^Fp, Gs^Fms, Hh^Fds, Hh^Fds, Gs^Fms, Gs^Fds, Gg, Gs^Fds, Hh^Fds, Gs^Ve, Gg, Gg, Gs^Fds, Gs, Hh, Gg, Gs^Fds, Gs^Fds, Gs^Fds, Gg, Gs^Fds
Gg, Gg, Gs^Fds, Gs^Fms, Gs^Fds, Gs^Fds, Ww, Wo, Ww, Gs^Fds, Gs^Fds, Hh^Fds, Gs^Fds, Gll^Fp, Gll^Fp, Gg, Kv, Cv, Cv, Gs^Fds, Gs^Fds, Hh^Ve, Gg^Fms, Hh^Fds, Gs^Fms, Gll^Fmw, Aa^Fma, Gs^Fms, Gs^Fds, Gll^Fmw, Hh^Fp, Hh^Fds, Gs^Fds, Gs^Fds, Gs, Gs^Fds, Gg, Gg, Gg, Gs^Fms, Gs^Fds, Gg, Gg, Aa^Fma, Gs^Fms, Gg, Gg, Gs^Fds
Gs^Fds, Gg, Gll^Fp, Gll^Fp, Gs^Fds, Ww, Wo, Ww, Gll^Fp, Gs^Fds, Gs, Hh^Ve, Gs^Fds, Hh^Fms, Gs, Gs^Fds, Gs^Fds, Gs^Fds, Gg^Fms, Gs, Gs^Fms, Gs^Fms, Gs, Gs^Fds, Gll^Fmw, Gg, Gs^Fds, Gg, Gg^Ve, Gs^Fms, Hh^Fds, Gg, Hh^Fds, Gg, Gs^Fds, Gg^Fet, Gs^Fds, Gs, Gll^Fp, Gg, Gll^Fp, Gs^Fds, Gs^Fds, Gll^Fp, Gll^Fp, Gs^Fds, Gs^Fds, Gll^Fp
Gll^Fmw, Gll^Fp, Gll^Fp, Gs^Fms, Gll^Fmw, Ww, Wo, Ww, Gg, Gll^Fp, Gs^Fds, Hh, Gs^Fds, Gs, Hh^Fms, Gg, Gg^Fms, Gg^Fms, Gs, Gg^Fet, Gs^Fms, Gs^Fms, Hh, Hh^Fds, Gg, Hh^Fds, Gg, Gs^Fms, Hh^Fds, Gs^Fds, Gs^Fms, Hh, Gs^Fds, Gs^Fds, Gs^Fms, Gs^Fds, Gs^Fds, Gs^Fms, Gs^Fds, Gll^Fp, Gs^Fms, Gg, Gs^Fms, Gs^Fds, Gs^Fms, Gs^Fds, Gg, Gg
Gg, Gg, Gs^Fms, Gg, Ww, Ww, Wo, Ww, Gll^Fp, Gll^Fp, Hh^Fp, Gs^Fds, Gs^Fms, Gs^Fms, Hh^Fds, Hh^Fms, Hh^Ve, Hh, Hh^Fds, Hh^Fds, Gs^Fms, Hh, Gg, Gll^Fp, Gs^Fds, Gg^Fet, Hh^Fds, Hh^Fds, Gs^Fds, Hh^Fp, Gll^Fp, Gs^Fds, Gs^Fds, Gs^Fds, Gg, Gs^Fds, Gg, Gs^Fds, Gs, Gs^Fds, Gs^Fds, Gs^Fds, Gs^Ve, Gg^Fet, Gs, Gg, Gg, Gs
Hh^Fms, Gs^Fds, Gs^Fms, Gs^Fds, Ww, Ww, Wo, Ww, Gs, Gs^Fds, Gll^Fp, Hh^Fms, Hh^Fds, Hh^Fds, Gs^Fds, Gg, Gg, Gs^Fds, Gs, Gg^Fms, Hh^Fp, Hh^Fms, Gs^Fms, Hh^Fds, Gs^Fds, Gs^Fds, Gs^Fds, Gs^Fds, Gs^Fms, Gg, Ww, Gs^Fds, Gs^Fds, Gs^Fds, Ww, Gs^Fds, Gs^Fms, Gs^Fds, Gs^Fms, Gll^Fmw, Gg, Gll^Fp, Gs^Fds, Gs^Fds, Gg, Gll^Fp, Gs^Fms, Gs^Fds
Hh^Fds, Hh^Fds, Gll^Fmw, Gs^Fds, Gs^Fms, Ww, Wo, Ww, Gs^Fds, Gg, Hh^Fms, Gll^Fp, Hh^Fds, Gs^Fds, Gs^Fds, Hh^Fms, Hh^Fds, Gs^Fds, Hh^Fds, Gs^Fds, Hh^Fms, Gs^Fms, Gs^Fms, Gs, Gs^Fms, Gs^Fms, Ww, Ww, Ww, Ww, Gs^Fds, Ww, Ww, Ww, Gs^Fds, Ww, Ww, Ww, Ww, Gs^Fds, Gs^Fms, Aa^Fma, Gg, Gs^Fds, Gs^Fds, Gs^Fds, Gll^Fp, Gs^Fds
Gg, Gs^Fds, Gs^Fms, Gs^Fds, Gg, Ww, Wo, Ww, Gg, Hh^Fds, Gs^Fds, Gs, Gs^Fds, Gs^Fds, Hh^Fds, Gg^Fet, Gll^Fp, Gg, Hh^Fds, Gs^Fds, Gs^Fds, Gs^Fms, Gg, Gs^Fms, Gs^Fms, Ww, Gs^Fet, Gs^Fds, Kv, Cv, Kv, Ww, Gs^Fds, Ww, Kv, Cv, Kv, Gs^Fds, Gs^Fet, Ww, Ww, Gs^Fms, Gs^Fds, Gg, Gs^Fds, Gll^Fmw, Gs, Aa^Fma
Hh^Fp, Hh^Fds, Hh^Fds, Gll^Fp, Gg, Ww, Wo, Ww, Ww, Gs^Fds, Gs, Hh^Fp, Gg^Ve, Gg, Gs^Fms, Gs^Fds, Hh^Fds, Gs^Fds, Gg, Gs^Fds, Gs^Fms, Gg, Gg, Gs^Fds, Ww, Ww, Gs^Fms, Cv, Ww, Gs^Fds, Ww, Cv, Gs^Fet, Cv, Ww, Gs^Fds, Ww, Cv, Gs^Fms, Ww, Ww, Gs^Fms, Gs^Fms, Gg, Gg, Gs^Fds, Gs^Fds, Gs
Gs, Gs^Fds, Hh^Fms, Gs^Fds, Gs^Fds, Ww, Ww, Wo, Ww, Gs^Fds, Hh^Fds, Hh^Fds, Hh^Fds, Hh, Hh^Fds, Hh^Fds, Gs^Fds, Gs^Fds, Hh^Fds, Gs^Fds, Gs^Fds, Gll^Fp, Ww, Ww, Kv, Cv, Ww, Gs^Fds, Cv, Cv, Cv, Gs^Fds, Gs^Fds, Gs^Fds, Cv, Cv, Cv, Gs^Fds, Ww, Cv, Kv, Ww, Ww, Gg, Gs^Fms, Gg^Fet, Gs^Fds, Gs^Fds
Hh, Gs^Fms, Hh^Fds, Gg, Gs^Fds, Ww, Ww, Wo, Ww, Ww, Ww, Hh^Fds, Gs^Fds, Gg, Gs^Fms, Gg, Gg, Gs^Fds, Gg, Hh^Fds, Gs^Fds, Gg, Ww, Cv, Gs^Fds, Gs^Fds, Cv, Ww, Cv, Kv, Kv, Cv, Gs^Fds, Cv, Kv, Kv, Cv, Ww, Cv, Gs^Fds, Gs^Fds, Cv, Ww, Gs^Fds, Gs^Fms, Gs^Fds, Gs^Ve, Gg
Hh, Hh^Fds, Gs^Fds, Gs^Fds, Gs^Fds, Ww, Ww, Wo, Wo, Ww, Wo, Ww, Ww, Ww, Wo, Ww, Ww, Gs^Fds, Ww, Gs^Fds, Gs^Fds, Ww, Ww, Ww, Cv, Kv, Kv, Gs^Fds, Cv, Kv, Cv, Cv, Ww, Cv, Cv, Kv, Cv, Gs^Fds, Kv, Kv, Cv, Ww, Ww, Ww, Gg, Gg, Gs^Fms, Gs^Fds
Hh, Hh, Gs^Fds, Gs^Fds, Gs^Fds, Gs^Fds, Ww, Ww, Wo, Wo, Wo, Wo, Wo, Wo, Ww, Wo, Ww, Ww, Gg, Ww, Ww, Ww, Cv^Fet, Gs^Fds, Gs^Fds, Kv, Cv, Ww, Ww, Cv, Cv^Fds, Gs^Fds, Cv, Gs^Fds, Cv^Fds, Cv, Ww, Ww, Cv, Kv, Gs^Fds, Gs^Fds, Cv^Fet, Ww, Gll^Fp, Gs^Fds, Gs^Fds, Gs^Fds
Gs, Hh^Fds, Hh^Fds, Gs, Gs^Fds, Gs^Fds, Ww, Ww, Wo, Wo, Wo, Wo, Ww, Ww, Gs^Fds, Ww, Gs^Fds, Gll^Fp, Hh, Gs^Fds, Gs^Fms, Ww, Cv, Cv, Cv^Fds, Ww, Gs^Fet, Gs^Fds, Cv, Gs^Fds, Cv, Cv, 9 Kv, Cv, Cv, Gs^Fds, Cv, Gs^Fds, Gs^Fet, Ww, Cv^Fds, Cv, Cv, Ww, Ww, Gs^Fds, Gs, Gs^Fms
Hh, Hh^Fms, Gs^Fms, Gs^Fds, Hh^Fds, Gg, Gs^Fds, Ww, Ww, Wo, Wo, Ww, Ww, Gs^Fds, Hh^Fds, Hh^Fds, Hh^Ve, Gs^Fds, Gll^Fp, Hh^Fds, Gg, Ww, Cv^Fet, Cv, Gs^Fds, Ww, Cv, Gs^Fds, Ww, Gs^Fds, Cv^Fds, Cv, Cv, Cv, Cv^Fds, Gs^Fds, Ww, Gs^Fds, Cv, Ww, Gs^Fds, Cv, Cv^Fet, Ww, Gs^Fds, Ww, Ww, Gs^Fds
Hh, Hh^Fds, Hh^Fms, Gs^Fms, Gs^Fms, Gs^Fds, Gg, Ww, Ww, Wo, Wo, Wo, Ww, Ww, Ww, Gs, Gg, Hh^Fms, Hh, Gg, Gg, Ww, Ww, Gs^Fds, Cv, Kv, Kv, Ww, Cv, Cv, Cv, Gs^Fds, Ww, Gs^Fds, Cv, Cv, Cv, Ww, Kv, Kv, Cv, Gs^Fds, Ww, Ww, Gs^Fds, Gs^Fms, Ww, Ww
Hh, Hh^Fds, Hh^Fds, Gg^Ve, Hh^Fds, Gs^Fms, Hh^Fds, Gs^Fds, Gs^Fds, Ww, Ww, Wo, Wo, Ww, Ww, Gs, Gs^Fds, Hh^Fds, Hh^Fds, Gs^Fds, Gs^Ve, Gs^Fds, Ww, Ww, Gs^Fds, Kv, Cv, Gs^Fds, Cv, Kv, Kv, Cv, Gs^Fds, Cv, Kv, Kv, Cv, Gs^Fds, Cv, Kv, Gs^Fds, Ww, Ww, Ww, Ww, Gs^Fds, Ww, Ww
Gs, Gs^Fms, Gll^Fp, Gs^Fds, Hh^Fds, Gs^Fms, Gs^Fms, Hh^Fds, Gs^Fms, Gs^Fds, Gs^Fds, Ww, Wo, Wo, Wo, Ww, Gs^Fds, Gs^Fds, Gs^Fds, Hh^Fp, Gg, Gs^Fds, Ww, Cv, Kv, Gs^Fds, Ww, Ww, Cv, Kv, Cv, Cv, Gs^Fds, Cv, Cv, Kv, Cv, Ww, Ww, Gs^Fds, Kv, Cv, Ww, Ww, Gs^Fds, Ww, Gs^Fds, Gs^Fms
Gs^Fms, Gg, Gs^Fds, Gs^Fds, Gll^Fp, Hh^Fp, Gg, Hh^Fds, Hh^Fms, Gs^Fds, Gs^Fds, Ww, Ww, Wo, Wo, Ww, Ww, Gg, Gs, Hh^Fds, Hh^Fms, Aa^Fma, Aa^Fma, Ww, Ww, Cv, Gs^Fms, Gs^Fds, Ww, Cv, Ww, Gs^Fds, Gs^Fet, Gs^Fds, Ww, Cv, Ww, Gs^Fds, Gs^Fms, Cv, Ww, Ww, Gs^Fms, Gs^Fms, Hh^Fds, Gll^Fp, Hh^Fms, Gs^Fms
Hh^Fms, Gs^Fds, Aa^Fma, Gg, Gs^Fds, Gs^Fds, Gs^Fds, Gs^Ve, Gs^Fds, Hh^Fms, Gs^Fds, Gs^Fds, Ww, Wo, Wo, Wo, Wo, Ww, Gs^Fds, Gs^Ve, Hh^Fms, Gs^Fms, Gs^Fds, Ww, Ww, Ww, Gs^Fds, Cv, Kv, Gs^Fds, Kv, Cv, Gs^Fds, Cv, Kv, Gs^Fds, Kv, Cv, Gs^Fds, Ww, Ww, Ww, Gs^Fms, Gs^Fds, Hh^Ve, Gll^Fp, Gll^Fmw, Gs^Fds
Hh^Fms, Gs^Fms, Gll^Fmw, Gs^Fds, Gs, Gg, Gs^Fds, Gs^Fms, Hh^Fms, Hh^Fms, Hh^Fds, Gg, Gs^Fds, Ww, Ww, Wo, Wo, Wo, Wo, Gs^Fms, Gs^Fms, Hh^Fds, Ww, Gs^Fds, Ww, Ww, Ww, Gs^Fet, Gs^Fds, Cv, Gs^Fds, Ww, Ww, Ww, Gs^Fds, Cv, Gs^Fds, Gs^Fet, Ww, Ww, Ww, Gs^Fms, Gs^Fds, Aa^Fma, Gs^Fms, Hh^Fds, Hh^Fms, Gg
Gs, Hh^Fms, Gs^Fms, Gg, Gs^Fds, Gs^Fds, Gs^Fms, Gs^Fds, Hh^Fms, Gs^Fds, Gs^Fms, Hh^Fds, Gs^Fds, Gs^Fds, Gs^Fds, Ww, Ww, Wo, Wo, Ww, Ww, Ww, Gg, Ww, Gs, Ww, Ww, Ww, Ww, Ww, Ww, Ww, Gs^Fds, Ww, Ww, Ww, Ww, Ww, Ww, Ww, Gs^Fds, Gs^Fds, Gs^Fms, Hh^Fms, Hh^Fds, Hh^Fds, Gs^Fds, Hh^Fds
Hh, Hh, Gs^Fds, Gs, Gll^Fp, Gg, Gs^Fds, Gs^Fds, Hh^Fms, Hh^Fds, Gs^Fds, Gs^Fms, Hh^Fds, Gg, Gs^Fds, Gs^Fds, Ww, Wo, Wo, Wo, Wo, Ww, Ww, Gg, Ww, Gs^Fds, Gs^Fds, Gg, Gs^Fms, Gg, Gs^Fms, Gs^Fds, Gg^Ve, Gs^Fms, Gg, Ww, Gs, Gs^Fds, Gs^Fms, Gs^Fds, Gg, Hh^Fds, Hh^Fds, Gs^Fds, Hh^Fp, Gll^Fp, Hh^Ve, Hh^Fds
Gs^Fds, Gs^Fms, Gg, Gg, Gs^Fds, Gg, Gs^Fds, Gs^Fds, Gs^Fms, Gs^Fms, Gs^Fds, Hh^Fds, Gs^Fms, Gs^Fds, Hh^Fds, Gs^Fds, Gs^Fds, Ww, Ww, Wo, Wo, Wo, Wo, Ww, Ww, Gs^Fds, Ww, Ww, Ww, Gg, Gs^Fds, Gs^Fms, Gll^Fp, Gs^Fds, Gs^Fds, Gs^Fds, Hh, Hh^Fds, Hh^Fds, Hh^Ve, Gg, Gll^Fp, Gg, Hh^Fds, Hh, Hh^Fds, Hh^Fds, Gs^Fms
Gg, Hh^Fms, Gs^Ve, Gs^Fds, Gs^Fms, Gs^Fms, Gg, Gs^Fds, Hh^Fms, Gs^Ve, Hh^Fms, Gs^Fds, Gs^Fds, Gs^Fms, Gs^Fms, Gs^Fms, Gs^Fds, Gs^Fds, Ww, Ww, Ww, Wo, Wo, Wo, Wo, Ww, Wo, Ww, Ww, Ww, Ww, Ww, Ww, Gg, Ww, Hh^Fds, Gs^Fms, Aa^Fma, Ww, Gs^Fds, Gs^Fds, Aa^Fma, Gg, Hh^Fds, Gs^Fms, Gs^Fds, Gs^Fds, Hh^Fds
Gs^Fds, Hh^Fp, Hh^Fms, Hh^Fms, Hh^Fds, Gs^Fds, Gs^Fds, Gs^Fds, Gs^Fds, Gs^Fds, Hh^Fds, Hh^Fds, Gs^Fms, Hh^Fms, Hh^Fds, Gg, Hh^Ve, Gs^Fms, Gs^Fds, Ww, Ww, Wo, Wo, Wo, Wo, Wo, Wo, Wo, Wo, Wo, Wo, Wo, Wo, Ww, Ww, Ww, Ww, Ww, Ww, Ww, Ww, Ww, Ww, Gs^Fms, Ww, Ww, Ww, Gg
Gs^Fds, Hh^Fds, Gll^Fmw, Gs^Fds, Hh, Hh, Gs^Fds, Gg, Gg, Gg, Gs^Fds, Gs^Fds, Gs^Fds, Gs^Fds, Gg, Gs^Fds, Gs^Fds, Hh^Fds, Gs^Fds, Ww, Gs, Ww, Ww, Wo, Ww, Wo, Wo, Wo, Ww, Wo, Wo, Wo, Wo, Wo, Wo, Wo, Wo, Wo, Ww, Wo, Ww, Wo, Ww, Ww, Ww, Ww, Ww, Ww
